<?xml version="1.0" encoding="ISO-8859-1" ?>
<link_info>
   <banner>TI ARM Linker PC v18.12.5.LTS</banner>
   <copyright>Copyright (c) 1996-2018 Texas Instruments Incorporated</copyright>
   <link_time>0x5f174083</link_time>
   <link_errors>0x0</link_errors>
   <output_file>encoder_and_odometry_test.out</output_file>
   <entry_point>
      <name>_c_int00_noargs</name>
      <address>0x5ee5</address>
   </entry_point>
   <input_file_list>
      <input_file id="fl-2">
         <path>.\</path>
         <kind>object</kind>
         <file>IMU.obj</file>
         <name>IMU.obj</name>
      </input_file>
      <input_file id="fl-3">
         <path>.\</path>
         <kind>object</kind>
         <file>ISRs.obj</file>
         <name>ISRs.obj</name>
      </input_file>
      <input_file id="fl-4">
         <path>.\</path>
         <kind>object</kind>
         <file>LPF.obj</file>
         <name>LPF.obj</name>
      </input_file>
      <input_file id="fl-5">
         <path>.\</path>
         <kind>object</kind>
         <file>Motor.obj</file>
         <name>Motor.obj</name>
      </input_file>
      <input_file id="fl-6">
         <path>.\</path>
         <kind>object</kind>
         <file>MotorController.obj</file>
         <name>MotorController.obj</name>
      </input_file>
      <input_file id="fl-7">
         <path>.\</path>
         <kind>object</kind>
         <file>Odometry.obj</file>
         <name>Odometry.obj</name>
      </input_file>
      <input_file id="fl-8">
         <path>.\</path>
         <kind>object</kind>
         <file>OuterPID.obj</file>
         <name>OuterPID.obj</name>
      </input_file>
      <input_file id="fl-9">
         <path>.\</path>
         <kind>object</kind>
         <file>PID.obj</file>
         <name>PID.obj</name>
      </input_file>
      <input_file id="fl-a">
         <path>.\</path>
         <kind>object</kind>
         <file>RFInterface.obj</file>
         <name>RFInterface.obj</name>
      </input_file>
      <input_file id="fl-b">
         <path>.\</path>
         <kind>object</kind>
         <file>SPI.obj</file>
         <name>SPI.obj</name>
      </input_file>
      <input_file id="fl-c">
         <path>.\</path>
         <kind>object</kind>
         <file>UART_Wrapper.obj</file>
         <name>UART_Wrapper.obj</name>
      </input_file>
      <input_file id="fl-d">
         <path>.\</path>
         <kind>object</kind>
         <file>initConfigs.obj</file>
         <name>initConfigs.obj</name>
      </input_file>
      <input_file id="fl-e">
         <path>.\</path>
         <kind>object</kind>
         <file>main.obj</file>
         <name>main.obj</name>
      </input_file>
      <input_file id="fl-f">
         <path>.\</path>
         <kind>object</kind>
         <file>startup_msp432p401r_ccs.obj</file>
         <name>startup_msp432p401r_ccs.obj</name>
      </input_file>
      <input_file id="fl-10">
         <path>.\</path>
         <kind>object</kind>
         <file>system_msp432p401r.obj</file>
         <name>system_msp432p401r.obj</name>
      </input_file>
      <input_file id="fl-15">
         <kind>object</kind>
         <file>&lt;internal&gt;</file>
         <name>&lt;internal&gt;</name>
      </input_file>
      <input_file id="fl-cb">
         <path>C:\ti\ccs930\ccs\tools\compiler\ti-cgt-arm_18.12.5.LTS\lib\</path>
         <kind>archive</kind>
         <file>rtsv7M4_T_le_v4SPD16_eabi.lib</file>
         <name>s_atan.c.obj</name>
      </input_file>
      <input_file id="fl-cc">
         <path>C:\ti\ccs930\ccs\tools\compiler\ti-cgt-arm_18.12.5.LTS\lib\</path>
         <kind>archive</kind>
         <file>rtsv7M4_T_le_v4SPD16_eabi.lib</file>
         <name>s_cos.c.obj</name>
      </input_file>
      <input_file id="fl-cd">
         <path>C:\ti\ccs930\ccs\tools\compiler\ti-cgt-arm_18.12.5.LTS\lib\</path>
         <kind>archive</kind>
         <file>rtsv7M4_T_le_v4SPD16_eabi.lib</file>
         <name>s_sin.c.obj</name>
      </input_file>
      <input_file id="fl-ce">
         <path>C:\ti\ccs930\ccs\tools\compiler\ti-cgt-arm_18.12.5.LTS\lib\</path>
         <kind>archive</kind>
         <file>rtsv7M4_T_le_v4SPD16_eabi.lib</file>
         <name>sprintf.c.obj</name>
      </input_file>
      <input_file id="fl-cf">
         <path>C:\ti\ccs930\ccs\tools\compiler\ti-cgt-arm_18.12.5.LTS\lib\</path>
         <kind>archive</kind>
         <file>rtsv7M4_T_le_v4SPD16_eabi.lib</file>
         <name>fd_add_t2.asm.obj</name>
      </input_file>
      <input_file id="fl-d0">
         <path>C:\ti\ccs930\ccs\tools\compiler\ti-cgt-arm_18.12.5.LTS\lib\</path>
         <kind>archive</kind>
         <file>rtsv7M4_T_le_v4SPD16_eabi.lib</file>
         <name>fd_cmp_t2.asm.obj</name>
      </input_file>
      <input_file id="fl-d1">
         <path>C:\ti\ccs930\ccs\tools\compiler\ti-cgt-arm_18.12.5.LTS\lib\</path>
         <kind>archive</kind>
         <file>rtsv7M4_T_le_v4SPD16_eabi.lib</file>
         <name>fd_div_t2.asm.obj</name>
      </input_file>
      <input_file id="fl-d2">
         <path>C:\ti\ccs930\ccs\tools\compiler\ti-cgt-arm_18.12.5.LTS\lib\</path>
         <kind>archive</kind>
         <file>rtsv7M4_T_le_v4SPD16_eabi.lib</file>
         <name>fd_mul_t2.asm.obj</name>
      </input_file>
      <input_file id="fl-d3">
         <path>C:\ti\ccs930\ccs\tools\compiler\ti-cgt-arm_18.12.5.LTS\lib\</path>
         <kind>archive</kind>
         <file>rtsv7M4_T_le_v4SPD16_eabi.lib</file>
         <name>fd_toi_t2.asm.obj</name>
      </input_file>
      <input_file id="fl-d4">
         <path>C:\ti\ccs930\ccs\tools\compiler\ti-cgt-arm_18.12.5.LTS\lib\</path>
         <kind>archive</kind>
         <file>rtsv7M4_T_le_v4SPD16_eabi.lib</file>
         <name>i_tofd_t2.asm.obj</name>
      </input_file>
      <input_file id="fl-d5">
         <path>C:\ti\ccs930\ccs\tools\compiler\ti-cgt-arm_18.12.5.LTS\lib\</path>
         <kind>archive</kind>
         <file>rtsv7M4_T_le_v4SPD16_eabi.lib</file>
         <name>memcpy_t2.asm.obj</name>
      </input_file>
      <input_file id="fl-d6">
         <path>C:\ti\ccs930\ccs\tools\compiler\ti-cgt-arm_18.12.5.LTS\lib\</path>
         <kind>archive</kind>
         <file>rtsv7M4_T_le_v4SPD16_eabi.lib</file>
         <name>memset_t2.asm.obj</name>
      </input_file>
      <input_file id="fl-d7">
         <path>C:\ti\ccs930\ccs\tools\compiler\ti-cgt-arm_18.12.5.LTS\lib\</path>
         <kind>archive</kind>
         <file>rtsv7M4_T_le_v4SPD16_eabi.lib</file>
         <name>copy_zero_init.c.obj</name>
      </input_file>
      <input_file id="fl-d8">
         <path>C:\ti\ccs930\ccs\tools\compiler\ti-cgt-arm_18.12.5.LTS\lib\</path>
         <kind>archive</kind>
         <file>rtsv7M4_T_le_v4SPD16_eabi.lib</file>
         <name>copy_decompress_none.c.obj</name>
      </input_file>
      <input_file id="fl-d9">
         <path>C:\ti\ccs930\ccs\tools\compiler\ti-cgt-arm_18.12.5.LTS\lib\</path>
         <kind>archive</kind>
         <file>rtsv7M4_T_le_v4SPD16_eabi.lib</file>
         <name>copy_decompress_lzss.c.obj</name>
      </input_file>
      <input_file id="fl-da">
         <path>C:\ti\ccs930\ccs\tools\compiler\ti-cgt-arm_18.12.5.LTS\lib\</path>
         <kind>archive</kind>
         <file>rtsv7M4_T_le_v4SPD16_eabi.lib</file>
         <name>k_rem_pio2.c.obj</name>
      </input_file>
      <input_file id="fl-db">
         <path>C:\ti\ccs930\ccs\tools\compiler\ti-cgt-arm_18.12.5.LTS\lib\</path>
         <kind>archive</kind>
         <file>rtsv7M4_T_le_v4SPD16_eabi.lib</file>
         <name>boot_cortex_m.c.obj</name>
      </input_file>
      <input_file id="fl-dc">
         <path>C:\ti\ccs930\ccs\tools\compiler\ti-cgt-arm_18.12.5.LTS\lib\</path>
         <kind>archive</kind>
         <file>rtsv7M4_T_le_v4SPD16_eabi.lib</file>
         <name>k_cos.c.obj</name>
      </input_file>
      <input_file id="fl-dd">
         <path>C:\ti\ccs930\ccs\tools\compiler\ti-cgt-arm_18.12.5.LTS\lib\</path>
         <kind>archive</kind>
         <file>rtsv7M4_T_le_v4SPD16_eabi.lib</file>
         <name>k_sin.c.obj</name>
      </input_file>
      <input_file id="fl-de">
         <path>C:\ti\ccs930\ccs\tools\compiler\ti-cgt-arm_18.12.5.LTS\lib\</path>
         <kind>archive</kind>
         <file>rtsv7M4_T_le_v4SPD16_eabi.lib</file>
         <name>s_floor.c.obj</name>
      </input_file>
      <input_file id="fl-df">
         <path>C:\ti\ccs930\ccs\tools\compiler\ti-cgt-arm_18.12.5.LTS\lib\</path>
         <kind>archive</kind>
         <file>rtsv7M4_T_le_v4SPD16_eabi.lib</file>
         <name>s_scalbn.c.obj</name>
      </input_file>
      <input_file id="fl-e0">
         <path>C:\ti\ccs930\ccs\tools\compiler\ti-cgt-arm_18.12.5.LTS\lib\</path>
         <kind>archive</kind>
         <file>rtsv7M4_T_le_v4SPD16_eabi.lib</file>
         <name>_printfi.c.obj</name>
      </input_file>
      <input_file id="fl-e1">
         <path>C:\ti\ccs930\ccs\tools\compiler\ti-cgt-arm_18.12.5.LTS\lib\</path>
         <kind>archive</kind>
         <file>rtsv7M4_T_le_v4SPD16_eabi.lib</file>
         <name>wcslen.c.obj</name>
      </input_file>
      <input_file id="fl-e2">
         <path>C:\ti\ccs930\ccs\tools\compiler\ti-cgt-arm_18.12.5.LTS\lib\</path>
         <kind>archive</kind>
         <file>rtsv7M4_T_le_v4SPD16_eabi.lib</file>
         <name>s_copysign.c.obj</name>
      </input_file>
      <input_file id="fl-e3">
         <path>C:\ti\ccs930\ccs\tools\compiler\ti-cgt-arm_18.12.5.LTS\lib\</path>
         <kind>archive</kind>
         <file>rtsv7M4_T_le_v4SPD16_eabi.lib</file>
         <name>ull_div_t2.asm.obj</name>
      </input_file>
      <input_file id="fl-e4">
         <path>C:\ti\ccs930\ccs\tools\compiler\ti-cgt-arm_18.12.5.LTS\lib\</path>
         <kind>archive</kind>
         <file>rtsv7M4_T_le_v4SPD16_eabi.lib</file>
         <name>autoinit.c.obj</name>
      </input_file>
      <input_file id="fl-e5">
         <path>C:\ti\ccs930\ccs\tools\compiler\ti-cgt-arm_18.12.5.LTS\lib\</path>
         <kind>archive</kind>
         <file>rtsv7M4_T_le_v4SPD16_eabi.lib</file>
         <name>pre_init.c.obj</name>
      </input_file>
      <input_file id="fl-e6">
         <path>C:\ti\ccs930\ccs\tools\compiler\ti-cgt-arm_18.12.5.LTS\lib\</path>
         <kind>archive</kind>
         <file>rtsv7M4_T_le_v4SPD16_eabi.lib</file>
         <name>cpy_tbl.c.obj</name>
      </input_file>
      <input_file id="fl-e7">
         <path>C:\ti\ccs930\ccs\tools\compiler\ti-cgt-arm_18.12.5.LTS\lib\</path>
         <kind>archive</kind>
         <file>rtsv7M4_T_le_v4SPD16_eabi.lib</file>
         <name>exit.c.obj</name>
      </input_file>
      <input_file id="fl-e8">
         <path>C:\ti\ccs930\ccs\tools\compiler\ti-cgt-arm_18.12.5.LTS\lib\</path>
         <kind>archive</kind>
         <file>rtsv7M4_T_le_v4SPD16_eabi.lib</file>
         <name>_lock.c.obj</name>
      </input_file>
      <input_file id="fl-e9">
         <path>C:\ti\ccs930\ccs\tools\compiler\ti-cgt-arm_18.12.5.LTS\lib\</path>
         <kind>archive</kind>
         <file>rtsv7M4_T_le_v4SPD16_eabi.lib</file>
         <name>args_main.c.obj</name>
      </input_file>
      <input_file id="fl-ea">
         <path>C:\ti\ccs930\ccs\tools\compiler\ti-cgt-arm_18.12.5.LTS\lib\</path>
         <kind>archive</kind>
         <file>rtsv7M4_T_le_v4SPD16_eabi.lib</file>
         <name>atoi.c.obj</name>
      </input_file>
      <input_file id="fl-eb">
         <path>C:\ti\ccs930\ccs\tools\compiler\ti-cgt-arm_18.12.5.LTS\lib\</path>
         <kind>archive</kind>
         <file>rtsv7M4_T_le_v4SPD16_eabi.lib</file>
         <name>ctype.c.obj</name>
      </input_file>
      <input_file id="fl-ec">
         <path>C:\ti\ccs930\ccs\tools\compiler\ti-cgt-arm_18.12.5.LTS\lib\</path>
         <kind>archive</kind>
         <file>rtsv7M4_T_le_v4SPD16_eabi.lib</file>
         <name>ltoa.c.obj</name>
      </input_file>
      <input_file id="fl-ed">
         <path>C:\ti\ccs930\ccs\tools\compiler\ti-cgt-arm_18.12.5.LTS\lib\</path>
         <kind>archive</kind>
         <file>rtsv7M4_T_le_v4SPD16_eabi.lib</file>
         <name>memccpy.c.obj</name>
      </input_file>
      <input_file id="fl-ee">
         <path>C:\ti\ccs930\ccs\tools\compiler\ti-cgt-arm_18.12.5.LTS\lib\</path>
         <kind>archive</kind>
         <file>rtsv7M4_T_le_v4SPD16_eabi.lib</file>
         <name>strchr.c.obj</name>
      </input_file>
      <input_file id="fl-ef">
         <path>C:\ti\ccs930\ccs\tools\compiler\ti-cgt-arm_18.12.5.LTS\lib\</path>
         <kind>archive</kind>
         <file>rtsv7M4_T_le_v4SPD16_eabi.lib</file>
         <name>strlen.c.obj</name>
      </input_file>
      <input_file id="fl-f0">
         <path>C:\ti\ccs930\ccs\tools\compiler\ti-cgt-arm_18.12.5.LTS\lib\</path>
         <kind>archive</kind>
         <file>rtsv7M4_T_le_v4SPD16_eabi.lib</file>
         <name>errno.c.obj</name>
      </input_file>
      <input_file id="fl-f1">
         <path>C:\ti\ccs930\ccs\tools\compiler\ti-cgt-arm_18.12.5.LTS\lib\</path>
         <kind>archive</kind>
         <file>rtsv7M4_T_le_v4SPD16_eabi.lib</file>
         <name>s_frexp.c.obj</name>
      </input_file>
      <input_file id="fl-f2">
         <path>C:\ti\ccs930\ccs\tools\compiler\ti-cgt-arm_18.12.5.LTS\lib\</path>
         <kind>archive</kind>
         <file>rtsv7M4_T_le_v4SPD16_eabi.lib</file>
         <name>div0.asm.obj</name>
      </input_file>
      <input_file id="fl-f3">
         <path>C:\ti\msp432_driverlib_3_21_00_05\driverlib\MSP432P4xx\ccs\</path>
         <kind>archive</kind>
         <file>msp432p4xx_driverlib.lib</file>
         <name>cs.o</name>
      </input_file>
      <input_file id="fl-f4">
         <path>C:\ti\msp432_driverlib_3_21_00_05\driverlib\MSP432P4xx\ccs\</path>
         <kind>archive</kind>
         <file>msp432p4xx_driverlib.lib</file>
         <name>fpu.o</name>
      </input_file>
      <input_file id="fl-f5">
         <path>C:\ti\msp432_driverlib_3_21_00_05\driverlib\MSP432P4xx\ccs\</path>
         <kind>archive</kind>
         <file>msp432p4xx_driverlib.lib</file>
         <name>gpio.o</name>
      </input_file>
      <input_file id="fl-f6">
         <path>C:\ti\msp432_driverlib_3_21_00_05\driverlib\MSP432P4xx\ccs\</path>
         <kind>archive</kind>
         <file>msp432p4xx_driverlib.lib</file>
         <name>interrupt.o</name>
      </input_file>
      <input_file id="fl-f7">
         <path>C:\ti\msp432_driverlib_3_21_00_05\driverlib\MSP432P4xx\ccs\</path>
         <kind>archive</kind>
         <file>msp432p4xx_driverlib.lib</file>
         <name>sysctl.o</name>
      </input_file>
      <input_file id="fl-f8">
         <path>C:\ti\msp432_driverlib_3_21_00_05\driverlib\MSP432P4xx\ccs\</path>
         <kind>archive</kind>
         <file>msp432p4xx_driverlib.lib</file>
         <name>systick.o</name>
      </input_file>
      <input_file id="fl-f9">
         <path>C:\ti\msp432_driverlib_3_21_00_05\driverlib\MSP432P4xx\ccs\</path>
         <kind>archive</kind>
         <file>msp432p4xx_driverlib.lib</file>
         <name>uart.o</name>
      </input_file>
      <input_file id="fl-fa">
         <path>C:\ti\msp432_driverlib_3_21_00_05\driverlib\MSP432P4xx\ccs\</path>
         <kind>archive</kind>
         <file>msp432p4xx_driverlib.lib</file>
         <name>cpu.o</name>
      </input_file>
   </input_file_list>
   <object_component_list>
      <object_component id="oc-24">
         <name>.intvecs:retain</name>
         <load_address>0x0</load_address>
         <run_address>0x0</run_address>
         <size>0xe4</size>
         <input_file_ref idref="fl-f"/>
      </object_component>
      <object_component id="oc-3c2">
         <name>.text:__TI_printfi</name>
         <load_address>0xe4</load_address>
         <run_address>0xe4</run_address>
         <size>0xa4e</size>
         <input_file_ref idref="fl-e0"/>
      </object_component>
      <object_component id="oc-55c">
         <name>.text</name>
         <load_address>0xb32</load_address>
         <run_address>0xb32</run_address>
         <size>0x2</size>
         <input_file_ref idref="fl-f2"/>
      </object_component>
      <object_component id="oc-3ef">
         <name>.text:__kernel_rem_pio2</name>
         <load_address>0xb34</load_address>
         <run_address>0xb34</run_address>
         <size>0x738</size>
         <input_file_ref idref="fl-da"/>
      </object_component>
      <object_component id="oc-27a">
         <name>.text:cos</name>
         <load_address>0x126c</load_address>
         <run_address>0x126c</run_address>
         <size>0x5dc</size>
         <input_file_ref idref="fl-cc"/>
      </object_component>
      <object_component id="oc-280">
         <name>.text:sin</name>
         <load_address>0x1848</load_address>
         <run_address>0x1848</run_address>
         <size>0x5c4</size>
         <input_file_ref idref="fl-cd"/>
      </object_component>
      <object_component id="oc-bb">
         <name>.text</name>
         <load_address>0x1e0c</load_address>
         <run_address>0x1e0c</run_address>
         <size>0x470</size>
         <input_file_ref idref="fl-2"/>
      </object_component>
      <object_component id="oc-c1">
         <name>.text</name>
         <load_address>0x227c</load_address>
         <run_address>0x227c</run_address>
         <size>0x430</size>
         <input_file_ref idref="fl-c"/>
      </object_component>
      <object_component id="oc-65">
         <name>.text</name>
         <load_address>0x26ac</load_address>
         <run_address>0x26ac</run_address>
         <size>0x400</size>
         <input_file_ref idref="fl-e"/>
      </object_component>
      <object_component id="oc-d3">
         <name>.text</name>
         <load_address>0x2aac</load_address>
         <run_address>0x2aac</run_address>
         <size>0x3dc</size>
         <input_file_ref idref="fl-7"/>
      </object_component>
      <object_component id="oc-df">
         <name>.text</name>
         <load_address>0x2e88</load_address>
         <run_address>0x2e88</run_address>
         <size>0x338</size>
         <input_file_ref idref="fl-9"/>
      </object_component>
      <object_component id="oc-143">
         <name>.text</name>
         <load_address>0x31c0</load_address>
         <run_address>0x31c0</run_address>
         <size>0x334</size>
         <input_file_ref idref="fl-10"/>
      </object_component>
      <object_component id="oc-71">
         <name>.text</name>
         <load_address>0x34f4</load_address>
         <run_address>0x34f4</run_address>
         <size>0x300</size>
         <input_file_ref idref="fl-3"/>
      </object_component>
      <object_component id="oc-22f">
         <name>.text:atan</name>
         <load_address>0x37f4</load_address>
         <run_address>0x37f4</run_address>
         <size>0x2ec</size>
         <input_file_ref idref="fl-cb"/>
      </object_component>
      <object_component id="oc-483">
         <name>.text:_pconv_a</name>
         <load_address>0x3ae0</load_address>
         <run_address>0x3ae0</run_address>
         <size>0x270</size>
         <input_file_ref idref="fl-e0"/>
      </object_component>
      <object_component id="oc-cd">
         <name>.text</name>
         <load_address>0x3d50</load_address>
         <run_address>0x3d50</run_address>
         <size>0x260</size>
         <input_file_ref idref="fl-a"/>
      </object_component>
      <object_component id="oc-471">
         <name>.text:_pconv_g</name>
         <load_address>0x3fb0</load_address>
         <run_address>0x3fb0</run_address>
         <size>0x1d0</size>
         <input_file_ref idref="fl-e0"/>
      </object_component>
      <object_component id="oc-a9">
         <name>.text</name>
         <load_address>0x4180</load_address>
         <run_address>0x4180</run_address>
         <size>0x1cc</size>
         <input_file_ref idref="fl-d"/>
      </object_component>
      <object_component id="oc-e5">
         <name>.text</name>
         <load_address>0x434c</load_address>
         <run_address>0x434c</run_address>
         <size>0x1b6</size>
         <input_file_ref idref="fl-cf"/>
      </object_component>
      <object_component id="oc-b5">
         <name>.text</name>
         <load_address>0x4504</load_address>
         <run_address>0x4504</run_address>
         <size>0x1a8</size>
         <input_file_ref idref="fl-b"/>
      </object_component>
      <object_component id="oc-3f5">
         <name>.text:__kernel_sin</name>
         <load_address>0x46ac</load_address>
         <run_address>0x46ac</run_address>
         <size>0x174</size>
         <input_file_ref idref="fl-dd"/>
      </object_component>
      <object_component id="oc-3e9">
         <name>.text:__kernel_cos</name>
         <load_address>0x4820</load_address>
         <run_address>0x4820</run_address>
         <size>0x16c</size>
         <input_file_ref idref="fl-dc"/>
      </object_component>
      <object_component id="oc-d9">
         <name>.text</name>
         <load_address>0x498c</load_address>
         <run_address>0x498c</run_address>
         <size>0x150</size>
         <input_file_ref idref="fl-8"/>
      </object_component>
      <object_component id="oc-1d9">
         <name>.text:CS_setDCOFrequency</name>
         <load_address>0x4adc</load_address>
         <run_address>0x4adc</run_address>
         <size>0x14c</size>
         <input_file_ref idref="fl-f3"/>
      </object_component>
      <object_component id="oc-47d">
         <name>.text:_pconv_e</name>
         <load_address>0x4c28</load_address>
         <run_address>0x4c28</run_address>
         <size>0x13c</size>
         <input_file_ref idref="fl-e0"/>
      </object_component>
      <object_component id="oc-155">
         <name>.text</name>
         <load_address>0x4d64</load_address>
         <run_address>0x4d64</run_address>
         <size>0x136</size>
         <input_file_ref idref="fl-d1"/>
      </object_component>
      <object_component id="oc-504">
         <name>.text:fcvt</name>
         <load_address>0x4e9c</load_address>
         <run_address>0x4e9c</run_address>
         <size>0x124</size>
         <input_file_ref idref="fl-e0"/>
      </object_component>
      <object_component id="oc-128">
         <name>.text</name>
         <load_address>0x4fc0</load_address>
         <run_address>0x4fc0</run_address>
         <size>0x120</size>
         <input_file_ref idref="fl-5"/>
      </object_component>
      <object_component id="oc-4b2">
         <name>.text:scalbn</name>
         <load_address>0x50e0</load_address>
         <run_address>0x50e0</run_address>
         <size>0x110</size>
         <input_file_ref idref="fl-df"/>
      </object_component>
      <object_component id="oc-235">
         <name>.text</name>
         <load_address>0x51f0</load_address>
         <run_address>0x51f0</run_address>
         <size>0xfc</size>
         <input_file_ref idref="fl-d2"/>
      </object_component>
      <object_component id="oc-4b8">
         <name>.text:floor</name>
         <load_address>0x52ec</load_address>
         <run_address>0x52ec</run_address>
         <size>0xf8</size>
         <input_file_ref idref="fl-de"/>
      </object_component>
      <object_component id="oc-1df">
         <name>.text:CS_initClockSignal</name>
         <load_address>0x53e4</load_address>
         <run_address>0x53e4</run_address>
         <size>0xe0</size>
         <input_file_ref idref="fl-f3"/>
      </object_component>
      <object_component id="oc-46b">
         <name>.text:_ltostr</name>
         <load_address>0x54c4</load_address>
         <run_address>0x54c4</run_address>
         <size>0xb1</size>
         <input_file_ref idref="fl-e0"/>
      </object_component>
      <object_component id="oc-35">
         <name>.text</name>
         <load_address>0x5576</load_address>
         <run_address>0x5576</run_address>
         <size>0x9c</size>
         <input_file_ref idref="fl-d5"/>
      </object_component>
      <object_component id="oc-4eb">
         <name>.text</name>
         <load_address>0x5612</load_address>
         <run_address>0x5612</run_address>
         <size>0x96</size>
         <input_file_ref idref="fl-e3"/>
      </object_component>
      <object_component id="oc-24e">
         <name>.text:UART_initModule</name>
         <load_address>0x56a8</load_address>
         <run_address>0x56a8</run_address>
         <size>0x94</size>
         <input_file_ref idref="fl-f9"/>
      </object_component>
      <object_component id="oc-f7">
         <name>.text:__aeabi_cdcmple</name>
         <load_address>0x573c</load_address>
         <run_address>0x573c</run_address>
         <size>0x86</size>
         <input_file_ref idref="fl-d0"/>
      </object_component>
      <object_component id="oc-102">
         <name>.text:__aeabi_cdrcmple</name>
         <load_address>0x57c2</load_address>
         <run_address>0x57c2</run_address>
         <size>0x86</size>
         <input_file_ref idref="fl-d0"/>
      </object_component>
      <object_component id="oc-91">
         <name>.text</name>
         <load_address>0x5848</load_address>
         <run_address>0x5848</run_address>
         <size>0x7a</size>
         <input_file_ref idref="fl-d6"/>
      </object_component>
      <object_component id="oc-ea">
         <name>.text</name>
         <load_address>0x58c4</load_address>
         <run_address>0x58c4</run_address>
         <size>0x70</size>
         <input_file_ref idref="fl-4"/>
      </object_component>
      <object_component id="oc-4fd">
         <name>.text:_mcpy</name>
         <load_address>0x5934</load_address>
         <run_address>0x5934</run_address>
         <size>0x6e</size>
         <input_file_ref idref="fl-e0"/>
      </object_component>
      <object_component id="oc-14">
         <name>.text:decompress:lzss:__TI_decompress_lzss</name>
         <load_address>0x59a2</load_address>
         <run_address>0x59a2</run_address>
         <size>0x68</size>
         <input_file_ref idref="fl-d9"/>
      </object_component>
      <object_component id="oc-16c">
         <name>.text:Interrupt_disableInterrupt</name>
         <load_address>0x5a0c</load_address>
         <run_address>0x5a0c</run_address>
         <size>0x64</size>
         <input_file_ref idref="fl-f6"/>
      </object_component>
      <object_component id="oc-1d3">
         <name>.text:Interrupt_enableInterrupt</name>
         <load_address>0x5a70</load_address>
         <run_address>0x5a70</run_address>
         <size>0x64</size>
         <input_file_ref idref="fl-f6"/>
      </object_component>
      <object_component id="oc-512">
         <name>.text:frexp</name>
         <load_address>0x5ad4</load_address>
         <run_address>0x5ad4</run_address>
         <size>0x64</size>
         <input_file_ref idref="fl-f1"/>
      </object_component>
      <object_component id="oc-1a1">
         <name>.text:__TI_auto_init_nobinit:__TI_auto_init_nobinit</name>
         <load_address>0x5b38</load_address>
         <run_address>0x5b38</run_address>
         <size>0x60</size>
         <input_file_ref idref="fl-e4"/>
      </object_component>
      <object_component id="oc-477">
         <name>.text:_pconv_f</name>
         <load_address>0x5b98</load_address>
         <run_address>0x5b98</run_address>
         <size>0x56</size>
         <input_file_ref idref="fl-e0"/>
      </object_component>
      <object_component id="oc-387">
         <name>.text:CS_tuneDCOFrequency</name>
         <load_address>0x5bf0</load_address>
         <run_address>0x5bf0</run_address>
         <size>0x54</size>
         <input_file_ref idref="fl-f3"/>
      </object_component>
      <object_component id="oc-4f1">
         <name>.text:ltoa</name>
         <load_address>0x5c44</load_address>
         <run_address>0x5c44</run_address>
         <size>0x54</size>
         <input_file_ref idref="fl-ec"/>
      </object_component>
      <object_component id="oc-4f7">
         <name>.text:_ecpy</name>
         <load_address>0x5c98</load_address>
         <run_address>0x5c98</run_address>
         <size>0x52</size>
         <input_file_ref idref="fl-e0"/>
      </object_component>
      <object_component id="oc-381">
         <name>.text:SysCtl_getTLVInfo</name>
         <load_address>0x5cec</load_address>
         <run_address>0x5cec</run_address>
         <size>0x50</size>
         <input_file_ref idref="fl-f7"/>
      </object_component>
      <object_component id="oc-465">
         <name>.text:atoi</name>
         <load_address>0x5d3c</load_address>
         <run_address>0x5d3c</run_address>
         <size>0x4c</size>
         <input_file_ref idref="fl-ea"/>
      </object_component>
      <object_component id="oc-fc">
         <name>.text</name>
         <load_address>0x5d88</load_address>
         <run_address>0x5d88</run_address>
         <size>0x4a</size>
         <input_file_ref idref="fl-6"/>
      </object_component>
      <object_component id="oc-248">
         <name>.text:GPIO_setAsPeripheralModuleFunctionInputPin</name>
         <load_address>0x5dd4</load_address>
         <run_address>0x5dd4</run_address>
         <size>0x48</size>
         <input_file_ref idref="fl-f5"/>
      </object_component>
      <object_component id="oc-2a4">
         <name>.text</name>
         <load_address>0x5e1c</load_address>
         <run_address>0x5e1c</run_address>
         <size>0x48</size>
         <input_file_ref idref="fl-d3"/>
      </object_component>
      <object_component id="oc-242">
         <name>.text:sprintf</name>
         <load_address>0x5e64</load_address>
         <run_address>0x5e64</run_address>
         <size>0x40</size>
         <input_file_ref idref="fl-ce"/>
      </object_component>
      <object_component id="oc-50a">
         <name>.text:_fcpy</name>
         <load_address>0x5ea4</load_address>
         <run_address>0x5ea4</run_address>
         <size>0x3e</size>
         <input_file_ref idref="fl-e0"/>
      </object_component>
      <object_component id="oc-53">
         <name>.text:_c_int00_noargs:_c_int00_noargs</name>
         <load_address>0x5ee4</load_address>
         <run_address>0x5ee4</run_address>
         <size>0x34</size>
         <input_file_ref idref="fl-db"/>
      </object_component>
      <object_component id="oc-1fd">
         <name>.text:GPIO_setAsInputPinWithPullDownResistor</name>
         <load_address>0x5f18</load_address>
         <run_address>0x5f18</run_address>
         <size>0x30</size>
         <input_file_ref idref="fl-f5"/>
      </object_component>
      <object_component id="oc-203">
         <name>.text:GPIO_setAsInputPinWithPullUpResistor</name>
         <load_address>0x5f48</load_address>
         <run_address>0x5f48</run_address>
         <size>0x30</size>
         <input_file_ref idref="fl-f5"/>
      </object_component>
      <object_component id="oc-160">
         <name>.text:UART_getEnabledInterruptStatus</name>
         <load_address>0x5f78</load_address>
         <run_address>0x5f78</run_address>
         <size>0x30</size>
         <input_file_ref idref="fl-f9"/>
      </object_component>
      <object_component id="oc-150">
         <name>.text</name>
         <load_address>0x5fa8</load_address>
         <run_address>0x5fa8</run_address>
         <size>0x2e</size>
         <input_file_ref idref="fl-d4"/>
      </object_component>
      <object_component id="oc-37b">
         <name>.text:CS_setDCOCenteredFrequency</name>
         <load_address>0x5fd8</load_address>
         <run_address>0x5fd8</run_address>
         <size>0x24</size>
         <input_file_ref idref="fl-f3"/>
      </object_component>
      <object_component id="oc-1f7">
         <name>.text:GPIO_setAsOutputPin</name>
         <load_address>0x5ffc</load_address>
         <run_address>0x5ffc</run_address>
         <size>0x24</size>
         <input_file_ref idref="fl-f5"/>
      </object_component>
      <object_component id="oc-1cd">
         <name>.text:Interrupt_setPriority</name>
         <load_address>0x6020</load_address>
         <run_address>0x6020</run_address>
         <size>0x24</size>
         <input_file_ref idref="fl-f6"/>
      </object_component>
      <object_component id="oc-166">
         <name>.text:UART_transmitData</name>
         <load_address>0x6044</load_address>
         <run_address>0x6044</run_address>
         <size>0x24</size>
         <input_file_ref idref="fl-f9"/>
      </object_component>
      <object_component id="oc-1eb">
         <name>.text:GPIO_interruptEdgeSelect</name>
         <load_address>0x6068</load_address>
         <run_address>0x6068</run_address>
         <size>0x20</size>
         <input_file_ref idref="fl-f5"/>
      </object_component>
      <object_component id="oc-f0">
         <name>.text:_Z3absd</name>
         <load_address>0x6088</load_address>
         <run_address>0x6088</run_address>
         <size>0x1c</size>
         <input_file_ref idref="fl-e"/>
      </object_component>
      <object_component id="oc-489">
         <name>.text:memccpy</name>
         <load_address>0x60a4</load_address>
         <run_address>0x60a4</run_address>
         <size>0x1c</size>
         <input_file_ref idref="fl-ed"/>
      </object_component>
      <object_component id="oc-540">
         <name>.text:copysign</name>
         <load_address>0x60c0</load_address>
         <run_address>0x60c0</run_address>
         <size>0x1a</size>
         <input_file_ref idref="fl-e2"/>
      </object_component>
      <object_component id="oc-15a">
         <name>.text:GPIO_clearInterruptFlag</name>
         <load_address>0x60dc</load_address>
         <run_address>0x60dc</run_address>
         <size>0x18</size>
         <input_file_ref idref="fl-f5"/>
      </object_component>
      <object_component id="oc-14a">
         <name>.text:GPIO_getInputPinValue</name>
         <load_address>0x60f4</load_address>
         <run_address>0x60f4</run_address>
         <size>0x18</size>
         <input_file_ref idref="fl-f5"/>
      </object_component>
      <object_component id="oc-10d">
         <name>.text:GPIO_setOutputLowOnPin</name>
         <load_address>0x610c</load_address>
         <run_address>0x610c</run_address>
         <size>0x18</size>
         <input_file_ref idref="fl-f5"/>
      </object_component>
      <object_component id="oc-3c8">
         <name>.text:_outs</name>
         <load_address>0x6124</load_address>
         <run_address>0x6124</run_address>
         <size>0x18</size>
         <input_file_ref idref="fl-ce"/>
      </object_component>
      <object_component id="oc-25a">
         <name>.text:UART_enableInterrupt</name>
         <load_address>0x613c</load_address>
         <run_address>0x613c</run_address>
         <size>0x16</size>
         <input_file_ref idref="fl-f9"/>
      </object_component>
      <object_component id="oc-518">
         <name>.text:strchr</name>
         <load_address>0x6152</load_address>
         <run_address>0x6152</run_address>
         <size>0x16</size>
         <input_file_ref idref="fl-ee"/>
      </object_component>
      <object_component id="oc-af">
         <name>.text:FPU_enableModule</name>
         <load_address>0x6168</load_address>
         <run_address>0x6168</run_address>
         <size>0x14</size>
         <input_file_ref idref="fl-f4"/>
      </object_component>
      <object_component id="oc-1f1">
         <name>.text:GPIO_enableInterrupt</name>
         <load_address>0x617c</load_address>
         <run_address>0x617c</run_address>
         <size>0x14</size>
         <input_file_ref idref="fl-f5"/>
      </object_component>
      <object_component id="oc-107">
         <name>.text:GPIO_setOutputHighOnPin</name>
         <load_address>0x6190</load_address>
         <run_address>0x6190</run_address>
         <size>0x14</size>
         <input_file_ref idref="fl-f5"/>
      </object_component>
      <object_component id="oc-215">
         <name>.text:SysTick_enableInterrupt</name>
         <load_address>0x61a4</load_address>
         <run_address>0x61a4</run_address>
         <size>0x14</size>
         <input_file_ref idref="fl-f8"/>
      </object_component>
      <object_component id="oc-209">
         <name>.text:SysTick_enableModule</name>
         <load_address>0x61b8</load_address>
         <run_address>0x61b8</run_address>
         <size>0x14</size>
         <input_file_ref idref="fl-f8"/>
      </object_component>
      <object_component id="oc-45f">
         <name>.text:strlen</name>
         <load_address>0x61cc</load_address>
         <run_address>0x61cc</run_address>
         <size>0x14</size>
         <input_file_ref idref="fl-ef"/>
      </object_component>
      <object_component id="oc-48f">
         <name>.text:wcslen</name>
         <load_address>0x61e0</load_address>
         <run_address>0x61e0</run_address>
         <size>0x12</size>
         <input_file_ref idref="fl-e1"/>
      </object_component>
      <object_component id="oc-1e5">
         <name>.text:Interrupt_disableMaster</name>
         <load_address>0x61f2</load_address>
         <run_address>0x61f2</run_address>
         <size>0x10</size>
         <input_file_ref idref="fl-f6"/>
      </object_component>
      <object_component id="oc-c7">
         <name>.text:Interrupt_enableMaster</name>
         <load_address>0x6202</load_address>
         <run_address>0x6202</run_address>
         <size>0x10</size>
         <input_file_ref idref="fl-f6"/>
      </object_component>
      <object_component id="oc-1a">
         <name>.text:decompress:none:__TI_decompress_none</name>
         <load_address>0x6212</load_address>
         <run_address>0x6212</run_address>
         <size>0xe</size>
         <input_file_ref idref="fl-d8"/>
      </object_component>
      <object_component id="oc-6b">
         <name>.text</name>
         <load_address>0x6220</load_address>
         <run_address>0x6220</run_address>
         <size>0xe</size>
         <input_file_ref idref="fl-f"/>
      </object_component>
      <object_component id="oc-391">
         <name>.text:CPU_cpsid</name>
         <load_address>0x622e</load_address>
         <run_address>0x622e</run_address>
         <size>0xc</size>
         <input_file_ref idref="fl-fa"/>
      </object_component>
      <object_component id="oc-269">
         <name>.text:CPU_cpsie</name>
         <load_address>0x623a</load_address>
         <run_address>0x623a</run_address>
         <size>0xc</size>
         <input_file_ref idref="fl-fa"/>
      </object_component>
      <object_component id="oc-20f">
         <name>.text:SysTick_setPeriod</name>
         <load_address>0x6248</load_address>
         <run_address>0x6248</run_address>
         <size>0xc</size>
         <input_file_ref idref="fl-f8"/>
      </object_component>
      <object_component id="oc-254">
         <name>.text:UART_enableModule</name>
         <load_address>0x6254</load_address>
         <run_address>0x6254</run_address>
         <size>0xc</size>
         <input_file_ref idref="fl-f9"/>
      </object_component>
      <object_component id="oc-47">
         <name>.text:decompress:ZI:__TI_zero_init</name>
         <load_address>0x6260</load_address>
         <run_address>0x6260</run_address>
         <size>0xc</size>
         <input_file_ref idref="fl-d7"/>
      </object_component>
      <object_component id="oc-3ce">
         <name>.text:_outc</name>
         <load_address>0x626c</load_address>
         <run_address>0x626c</run_address>
         <size>0xa</size>
         <input_file_ref idref="fl-ce"/>
      </object_component>
      <object_component id="oc-495">
         <name>.text:__aeabi_errno_addr</name>
         <load_address>0x6278</load_address>
         <run_address>0x6278</run_address>
         <size>0x8</size>
         <input_file_ref idref="fl-f0"/>
      </object_component>
      <object_component id="oc-343">
         <name>.text:UART_getInterruptStatus</name>
         <load_address>0x6280</load_address>
         <run_address>0x6280</run_address>
         <size>0x6</size>
         <input_file_ref idref="fl-f9"/>
      </object_component>
      <object_component id="oc-97">
         <name>.text:_system_pre_init</name>
         <load_address>0x6286</load_address>
         <run_address>0x6286</run_address>
         <size>0x4</size>
         <input_file_ref idref="fl-e5"/>
      </object_component>
      <object_component id="oc-18f">
         <name>.text:abort:abort</name>
         <load_address>0x628a</load_address>
         <run_address>0x628a</run_address>
         <size>0x4</size>
         <input_file_ref idref="fl-e7"/>
      </object_component>
      <object_component id="oc-4be">
         <name>.const:$O1$$</name>
         <load_address>0x6290</load_address>
         <run_address>0x6290</run_address>
         <size>0x158</size>
         <input_file_ref idref="fl-da"/>
      </object_component>
      <object_component id="oc-4e6">
         <name>.const:.string:_ctypes_</name>
         <load_address>0x63e8</load_address>
         <run_address>0x63e8</run_address>
         <size>0x101</size>
         <input_file_ref idref="fl-eb"/>
      </object_component>
      <object_component id="oc-3a7">
         <name>.const:$O1$$</name>
         <load_address>0x64f0</load_address>
         <run_address>0x64f0</run_address>
         <size>0x98</size>
         <input_file_ref idref="fl-cb"/>
      </object_component>
      <object_component id="oc-376">
         <name>.const:g_pulRegs</name>
         <load_address>0x6588</load_address>
         <run_address>0x6588</run_address>
         <size>0x50</size>
         <input_file_ref idref="fl-f6"/>
      </object_component>
      <object_component id="oc-34c">
         <name>.const</name>
         <load_address>0x65d8</load_address>
         <run_address>0x65d8</run_address>
         <size>0x40</size>
         <input_file_ref idref="fl-f6"/>
      </object_component>
      <object_component id="oc-13d">
         <name>.const:UART_init</name>
         <load_address>0x6618</load_address>
         <run_address>0x6618</run_address>
         <size>0x24</size>
         <input_file_ref idref="fl-e"/>
      </object_component>
      <object_component id="oc-229">
         <name>.const:$P$T44$5</name>
         <load_address>0x6640</load_address>
         <run_address>0x6640</run_address>
         <size>0x18</size>
         <input_file_ref idref="fl-2"/>
      </object_component>
      <object_component id="oc-22c">
         <name>.const:$P$T45$6</name>
         <load_address>0x6658</load_address>
         <run_address>0x6658</run_address>
         <size>0x18</size>
         <input_file_ref idref="fl-2"/>
      </object_component>
      <object_component id="oc-134">
         <name>.const:$P$T40$1</name>
         <load_address>0x6670</load_address>
         <run_address>0x6670</run_address>
         <size>0x10</size>
         <input_file_ref idref="fl-e"/>
      </object_component>
      <object_component id="oc-5bb">
         <name>.cinit..data.load</name>
         <load_address>0x6688</load_address>
         <run_address>0x6688</run_address>
         <size>0x40</size>
      </object_component>
      <object_component id="oc-5b9">
         <name>__TI_handler_table</name>
         <load_address>0x66c8</load_address>
         <run_address>0x66c8</run_address>
         <size>0xc</size>
      </object_component>
      <object_component id="oc-5bc">
         <name>.cinit..bss.load</name>
         <load_address>0x66d8</load_address>
         <run_address>0x66d8</run_address>
         <size>0x8</size>
      </object_component>
      <object_component id="oc-5ba">
         <name>__TI_cinit_table</name>
         <load_address>0x66e0</load_address>
         <run_address>0x66e0</run_address>
         <size>0x10</size>
      </object_component>
      <object_component id="oc-23">
         <name>.init_array</name>
         <load_address>0x6680</load_address>
         <run_address>0x6680</run_address>
         <size>0x4</size>
         <input_file_ref idref="fl-e"/>
      </object_component>
      <object_component id="oc-5bd">
         <name>SHT$$INIT_ARRAY$$Limit</name>
         <load_address>0x6684</load_address>
         <run_address>0x6684</run_address>
         <size>0x0</size>
      </object_component>
      <object_component id="oc-58e">
         <name>.binit</name>
         <load_address>0x0</load_address>
         <run_address>0x0</run_address>
         <size>0x0</size>
      </object_component>
      <object_component id="oc-119">
         <name>.data</name>
         <load_address>0x20000630</load_address>
         <run_address>0x20000630</run_address>
         <size>0x8</size>
         <input_file_ref idref="fl-e"/>
      </object_component>
      <object_component id="oc-116">
         <name>.data:commandInterface</name>
         <load_address>0x200005a0</load_address>
         <run_address>0x200005a0</run_address>
         <size>0x60</size>
         <input_file_ref idref="fl-e"/>
      </object_component>
      <object_component id="oc-336">
         <name>.data</name>
         <load_address>0x2000063c</load_address>
         <run_address>0x2000063c</run_address>
         <size>0x4</size>
         <input_file_ref idref="fl-10"/>
      </object_component>
      <object_component id="oc-528">
         <name>.data</name>
         <load_address>0x20000638</load_address>
         <run_address>0x20000638</run_address>
         <size>0x4</size>
         <input_file_ref idref="fl-f0"/>
      </object_component>
      <object_component id="oc-2b2">
         <name>.data:GPIO_PORT_TO_BASE</name>
         <load_address>0x20000600</load_address>
         <run_address>0x20000600</run_address>
         <size>0x30</size>
         <input_file_ref idref="fl-f5"/>
      </object_component>
      <object_component id="oc-225">
         <name>.bss:$P$T40$1</name>
         <uninitialized>true</uninitialized>
         <run_address>0x20000508</run_address>
         <size>0x18</size>
         <input_file_ref idref="fl-2"/>
      </object_component>
      <object_component id="oc-226">
         <name>.bss:$P$T41$2</name>
         <uninitialized>true</uninitialized>
         <run_address>0x20000520</run_address>
         <size>0x18</size>
         <input_file_ref idref="fl-2"/>
      </object_component>
      <object_component id="oc-227">
         <name>.bss:$P$T42$3</name>
         <uninitialized>true</uninitialized>
         <run_address>0x20000538</run_address>
         <size>0x18</size>
         <input_file_ref idref="fl-2"/>
      </object_component>
      <object_component id="oc-228">
         <name>.bss:$P$T43$4</name>
         <uninitialized>true</uninitialized>
         <run_address>0x20000550</run_address>
         <size>0x18</size>
         <input_file_ref idref="fl-2"/>
      </object_component>
      <object_component id="oc-278">
         <name>.bss:$P$T40$1</name>
         <uninitialized>true</uninitialized>
         <run_address>0x20000568</run_address>
         <size>0x10</size>
         <input_file_ref idref="fl-7"/>
      </object_component>
      <object_component id="oc-279">
         <name>.bss:$P$T41$2</name>
         <uninitialized>true</uninitialized>
         <run_address>0x20000588</run_address>
         <size>0x10</size>
         <input_file_ref idref="fl-7"/>
      </object_component>
      <object_component id="oc-28e">
         <name>.bss:$P$T40$1</name>
         <uninitialized>true</uninitialized>
         <run_address>0x20000578</run_address>
         <size>0x10</size>
         <input_file_ref idref="fl-8"/>
      </object_component>
      <object_component id="oc-260">
         <name>.bss:$P$T40$1</name>
         <uninitialized>true</uninitialized>
         <run_address>0x20000104</run_address>
         <size>0xc8</size>
         <input_file_ref idref="fl-c"/>
      </object_component>
      <object_component id="oc-137">
         <name>.bss:rightMotor</name>
         <uninitialized>true</uninitialized>
         <run_address>0x200004c8</run_address>
         <size>0x40</size>
         <input_file_ref idref="fl-e"/>
      </object_component>
      <object_component id="oc-13a">
         <name>.bss:leftMotor</name>
         <uninitialized>true</uninitialized>
         <run_address>0x20000488</run_address>
         <size>0x40</size>
         <input_file_ref idref="fl-e"/>
      </object_component>
      <object_component id="oc-131">
         <name>.bss:motorController</name>
         <uninitialized>true</uninitialized>
         <run_address>0x20000598</run_address>
         <size>0x8</size>
         <input_file_ref idref="fl-e"/>
      </object_component>
      <object_component id="oc-122">
         <name>.bss:odom</name>
         <uninitialized>true</uninitialized>
         <run_address>0x20000310</run_address>
         <size>0x88</size>
         <input_file_ref idref="fl-e"/>
      </object_component>
      <object_component id="oc-11c">
         <name>.bss:imu</name>
         <uninitialized>true</uninitialized>
         <run_address>0x200001d0</run_address>
         <size>0xa8</size>
         <input_file_ref idref="fl-e"/>
      </object_component>
      <object_component id="oc-12e">
         <name>.bss:tiltController</name>
         <uninitialized>true</uninitialized>
         <run_address>0x20000398</run_address>
         <size>0x78</size>
         <input_file_ref idref="fl-e"/>
      </object_component>
      <object_component id="oc-125">
         <name>.bss:turningController</name>
         <uninitialized>true</uninitialized>
         <run_address>0x20000410</run_address>
         <size>0x78</size>
         <input_file_ref idref="fl-e"/>
      </object_component>
      <object_component id="oc-11f">
         <name>.bss:velocityController</name>
         <uninitialized>true</uninitialized>
         <run_address>0x20000278</run_address>
         <size>0x98</size>
         <input_file_ref idref="fl-e"/>
      </object_component>
      <object_component id="oc-113">
         <name>.bss:UARTHandler</name>
         <uninitialized>true</uninitialized>
         <run_address>0x20000000</run_address>
         <size>0x104</size>
         <input_file_ref idref="fl-e"/>
      </object_component>
      <object_component id="oc-27">
         <name>.stack</name>
         <uninitialized>true</uninitialized>
         <run_address>0x2000fe00</run_address>
         <size>0x4</size>
         <input_file_ref idref="fl-db"/>
      </object_component>
      <object_component id="oc-5be">
         <name>.stack</name>
         <uninitialized>true</uninitialized>
         <run_address>0x2000fe00</run_address>
         <size>0x0</size>
      </object_component>
      <object_component id="oc-240">
         <name>.debug_info</name>
         <load_address>0x0</load_address>
         <run_address>0x0</run_address>
         <size>0x2e0f</size>
         <input_file_ref idref="fl-2"/>
      </object_component>
      <object_component id="oc-22a">
         <name>.debug_info</name>
         <load_address>0x2e0f</load_address>
         <run_address>0x2e0f</run_address>
         <size>0x12b</size>
         <input_file_ref idref="fl-2"/>
      </object_component>
      <object_component id="oc-22d">
         <name>.debug_info</name>
         <load_address>0x2f3a</load_address>
         <run_address>0x2f3a</run_address>
         <size>0x12b</size>
         <input_file_ref idref="fl-2"/>
      </object_component>
      <object_component id="oc-bc">
         <name>.debug_info</name>
         <load_address>0x3065</load_address>
         <run_address>0x3065</run_address>
         <size>0x735</size>
         <input_file_ref idref="fl-2"/>
      </object_component>
      <object_component id="oc-2e1">
         <name>.debug_info</name>
         <load_address>0x379a</load_address>
         <run_address>0x379a</run_address>
         <size>0x139b</size>
         <input_file_ref idref="fl-2"/>
      </object_component>
      <object_component id="oc-2e6">
         <name>.debug_info</name>
         <load_address>0x4b35</load_address>
         <run_address>0x4b35</run_address>
         <size>0x46de</size>
         <input_file_ref idref="fl-2"/>
      </object_component>
      <object_component id="oc-23b">
         <name>.debug_info</name>
         <load_address>0x9213</load_address>
         <run_address>0x9213</run_address>
         <size>0x2bd</size>
         <input_file_ref idref="fl-2"/>
      </object_component>
      <object_component id="oc-2cc">
         <name>.debug_info</name>
         <load_address>0x94d0</load_address>
         <run_address>0x94d0</run_address>
         <size>0x317</size>
         <input_file_ref idref="fl-2"/>
      </object_component>
      <object_component id="oc-2aa">
         <name>.debug_info</name>
         <load_address>0x97e7</load_address>
         <run_address>0x97e7</run_address>
         <size>0xe0</size>
         <input_file_ref idref="fl-2"/>
      </object_component>
      <object_component id="oc-287">
         <name>.debug_info</name>
         <load_address>0x98c7</load_address>
         <run_address>0x98c7</run_address>
         <size>0x209</size>
         <input_file_ref idref="fl-2"/>
      </object_component>
      <object_component id="oc-290">
         <name>.debug_info</name>
         <load_address>0x9ad0</load_address>
         <run_address>0x9ad0</run_address>
         <size>0x140</size>
         <input_file_ref idref="fl-2"/>
      </object_component>
      <object_component id="oc-298">
         <name>.debug_info</name>
         <load_address>0x9c10</load_address>
         <run_address>0x9c10</run_address>
         <size>0x21f</size>
         <input_file_ref idref="fl-2"/>
      </object_component>
      <object_component id="oc-271">
         <name>.debug_info</name>
         <load_address>0x9e2f</load_address>
         <run_address>0x9e2f</run_address>
         <size>0x186</size>
         <input_file_ref idref="fl-2"/>
      </object_component>
      <object_component id="oc-2eb">
         <name>.debug_info</name>
         <load_address>0x9fb5</load_address>
         <run_address>0x9fb5</run_address>
         <size>0x221</size>
         <input_file_ref idref="fl-2"/>
      </object_component>
      <object_component id="oc-2f0">
         <name>.debug_info</name>
         <load_address>0xa1d6</load_address>
         <run_address>0xa1d6</run_address>
         <size>0x73</size>
         <input_file_ref idref="fl-2"/>
      </object_component>
      <object_component id="oc-262">
         <name>.debug_info</name>
         <load_address>0xa249</load_address>
         <run_address>0xa249</run_address>
         <size>0x24c</size>
         <input_file_ref idref="fl-2"/>
      </object_component>
      <object_component id="oc-2f5">
         <name>.debug_info</name>
         <load_address>0xa495</load_address>
         <run_address>0xa495</run_address>
         <size>0xd0</size>
         <input_file_ref idref="fl-2"/>
      </object_component>
      <object_component id="oc-2fa">
         <name>.debug_info</name>
         <load_address>0xa565</load_address>
         <run_address>0xa565</run_address>
         <size>0xbc</size>
         <input_file_ref idref="fl-2"/>
      </object_component>
      <object_component id="oc-2ff">
         <name>.debug_info</name>
         <load_address>0xa621</load_address>
         <run_address>0xa621</run_address>
         <size>0xf8</size>
         <input_file_ref idref="fl-2"/>
      </object_component>
      <object_component id="oc-304">
         <name>.debug_info</name>
         <load_address>0xa719</load_address>
         <run_address>0xa719</run_address>
         <size>0x46d</size>
         <input_file_ref idref="fl-2"/>
      </object_component>
      <object_component id="oc-3b3">
         <name>.debug_info</name>
         <load_address>0xab86</load_address>
         <run_address>0xab86</run_address>
         <size>0x16e0</size>
         <input_file_ref idref="fl-2"/>
      </object_component>
      <object_component id="oc-173">
         <name>.debug_info</name>
         <load_address>0xc266</load_address>
         <run_address>0xc266</run_address>
         <size>0x8b</size>
         <input_file_ref idref="fl-2"/>
      </object_component>
      <object_component id="oc-313">
         <name>.debug_info</name>
         <load_address>0xc2f1</load_address>
         <run_address>0xc2f1</run_address>
         <size>0xa0a</size>
         <input_file_ref idref="fl-2"/>
      </object_component>
      <object_component id="oc-322">
         <name>.debug_info</name>
         <load_address>0xccfb</load_address>
         <run_address>0xccfb</run_address>
         <size>0x2c9</size>
         <input_file_ref idref="fl-2"/>
      </object_component>
      <object_component id="oc-331">
         <name>.debug_info</name>
         <load_address>0xcfc4</load_address>
         <run_address>0xcfc4</run_address>
         <size>0xef</size>
         <input_file_ref idref="fl-2"/>
      </object_component>
      <object_component id="oc-220">
         <name>.debug_info</name>
         <load_address>0xd0b3</load_address>
         <run_address>0xd0b3</run_address>
         <size>0xbb</size>
         <input_file_ref idref="fl-2"/>
      </object_component>
      <object_component id="oc-31d">
         <name>.debug_info</name>
         <load_address>0xd16e</load_address>
         <run_address>0xd16e</run_address>
         <size>0x2a1</size>
         <input_file_ref idref="fl-2"/>
      </object_component>
      <object_component id="oc-3b8">
         <name>.debug_info</name>
         <load_address>0xd40f</load_address>
         <run_address>0xd40f</run_address>
         <size>0x46</size>
         <input_file_ref idref="fl-2"/>
      </object_component>
      <object_component id="oc-3bd">
         <name>.debug_info</name>
         <load_address>0xd455</load_address>
         <run_address>0xd455</run_address>
         <size>0xf1</size>
         <input_file_ref idref="fl-2"/>
      </object_component>
      <object_component id="oc-327">
         <name>.debug_info</name>
         <load_address>0xd546</load_address>
         <run_address>0xd546</run_address>
         <size>0x195</size>
         <input_file_ref idref="fl-2"/>
      </object_component>
      <object_component id="oc-30e">
         <name>.debug_info</name>
         <load_address>0xd6db</load_address>
         <run_address>0xd6db</run_address>
         <size>0x120</size>
         <input_file_ref idref="fl-2"/>
      </object_component>
      <object_component id="oc-32c">
         <name>.debug_info</name>
         <load_address>0xd7fb</load_address>
         <run_address>0xd7fb</run_address>
         <size>0xd0</size>
         <input_file_ref idref="fl-2"/>
      </object_component>
      <object_component id="oc-415">
         <name>.debug_info</name>
         <load_address>0xd8cb</load_address>
         <run_address>0xd8cb</run_address>
         <size>0x2dff</size>
         <input_file_ref idref="fl-3"/>
      </object_component>
      <object_component id="oc-72">
         <name>.debug_info</name>
         <load_address>0x106ca</load_address>
         <run_address>0x106ca</run_address>
         <size>0x487</size>
         <input_file_ref idref="fl-3"/>
      </object_component>
      <object_component id="oc-309">
         <name>.debug_info</name>
         <load_address>0x10b51</load_address>
         <run_address>0x10b51</run_address>
         <size>0x151c</size>
         <input_file_ref idref="fl-3"/>
      </object_component>
      <object_component id="oc-318">
         <name>.debug_info</name>
         <load_address>0x1206d</load_address>
         <run_address>0x1206d</run_address>
         <size>0xfe</size>
         <input_file_ref idref="fl-3"/>
      </object_component>
      <object_component id="oc-2a1">
         <name>.debug_info</name>
         <load_address>0x1216b</load_address>
         <run_address>0x1216b</run_address>
         <size>0x2c03</size>
         <input_file_ref idref="fl-4"/>
      </object_component>
      <object_component id="oc-eb">
         <name>.debug_info</name>
         <load_address>0x14d6e</load_address>
         <run_address>0x14d6e</run_address>
         <size>0x23c</size>
         <input_file_ref idref="fl-4"/>
      </object_component>
      <object_component id="oc-2d1">
         <name>.debug_info</name>
         <load_address>0x14faa</load_address>
         <run_address>0x14faa</run_address>
         <size>0x1bb1</size>
         <input_file_ref idref="fl-5"/>
      </object_component>
      <object_component id="oc-12c">
         <name>.debug_info</name>
         <load_address>0x16b5b</load_address>
         <run_address>0x16b5b</run_address>
         <size>0x515</size>
         <input_file_ref idref="fl-5"/>
      </object_component>
      <object_component id="oc-30">
         <name>.debug_info</name>
         <load_address>0x17070</load_address>
         <run_address>0x17070</run_address>
         <size>0x84</size>
         <input_file_ref idref="fl-5"/>
      </object_component>
      <object_component id="oc-2af">
         <name>.debug_info</name>
         <load_address>0x170f4</load_address>
         <run_address>0x170f4</run_address>
         <size>0x1bd9</size>
         <input_file_ref idref="fl-6"/>
      </object_component>
      <object_component id="oc-fd">
         <name>.debug_info</name>
         <load_address>0x18ccd</load_address>
         <run_address>0x18ccd</run_address>
         <size>0x355</size>
         <input_file_ref idref="fl-6"/>
      </object_component>
      <object_component id="oc-28c">
         <name>.debug_info</name>
         <load_address>0x19022</load_address>
         <run_address>0x19022</run_address>
         <size>0x2db9</size>
         <input_file_ref idref="fl-7"/>
      </object_component>
      <object_component id="oc-d5">
         <name>.debug_info</name>
         <load_address>0x1bddb</load_address>
         <run_address>0x1bddb</run_address>
         <size>0x761</size>
         <input_file_ref idref="fl-7"/>
      </object_component>
      <object_component id="oc-295">
         <name>.debug_info</name>
         <load_address>0x1c53c</load_address>
         <run_address>0x1c53c</run_address>
         <size>0x2d0a</size>
         <input_file_ref idref="fl-8"/>
      </object_component>
      <object_component id="oc-da">
         <name>.debug_info</name>
         <load_address>0x1f246</load_address>
         <run_address>0x1f246</run_address>
         <size>0x482</size>
         <input_file_ref idref="fl-8"/>
      </object_component>
      <object_component id="oc-29d">
         <name>.debug_info</name>
         <load_address>0x1f6c8</load_address>
         <run_address>0x1f6c8</run_address>
         <size>0x377</size>
         <input_file_ref idref="fl-9"/>
      </object_component>
      <object_component id="oc-e1">
         <name>.debug_info</name>
         <load_address>0x1fa3f</load_address>
         <run_address>0x1fa3f</run_address>
         <size>0x61b</size>
         <input_file_ref idref="fl-9"/>
      </object_component>
      <object_component id="oc-276">
         <name>.debug_info</name>
         <load_address>0x2005a</load_address>
         <run_address>0x2005a</run_address>
         <size>0x2d37</size>
         <input_file_ref idref="fl-a"/>
      </object_component>
      <object_component id="oc-ce">
         <name>.debug_info</name>
         <load_address>0x22d91</load_address>
         <run_address>0x22d91</run_address>
         <size>0x34c</size>
         <input_file_ref idref="fl-a"/>
      </object_component>
      <object_component id="oc-21e">
         <name>.debug_info</name>
         <load_address>0x230dd</load_address>
         <run_address>0x230dd</run_address>
         <size>0x1b43</size>
         <input_file_ref idref="fl-b"/>
      </object_component>
      <object_component id="oc-b6">
         <name>.debug_info</name>
         <load_address>0x24c20</load_address>
         <run_address>0x24c20</run_address>
         <size>0x41d</size>
         <input_file_ref idref="fl-b"/>
      </object_component>
      <object_component id="oc-267">
         <name>.debug_info</name>
         <load_address>0x2503d</load_address>
         <run_address>0x2503d</run_address>
         <size>0x2dff</size>
         <input_file_ref idref="fl-c"/>
      </object_component>
      <object_component id="oc-c2">
         <name>.debug_info</name>
         <load_address>0x27e3c</load_address>
         <run_address>0x27e3c</run_address>
         <size>0x782</size>
         <input_file_ref idref="fl-c"/>
      </object_component>
      <object_component id="oc-3e1">
         <name>.debug_info</name>
         <load_address>0x285be</load_address>
         <run_address>0x285be</run_address>
         <size>0x151c</size>
         <input_file_ref idref="fl-c"/>
      </object_component>
      <object_component id="oc-aa">
         <name>.debug_info</name>
         <load_address>0x29ada</load_address>
         <run_address>0x29ada</run_address>
         <size>0x6ee</size>
         <input_file_ref idref="fl-d"/>
      </object_component>
      <object_component id="oc-141">
         <name>.debug_info</name>
         <load_address>0x2a1c8</load_address>
         <run_address>0x2a1c8</run_address>
         <size>0x335c</size>
         <input_file_ref idref="fl-e"/>
      </object_component>
      <object_component id="oc-11a">
         <name>.debug_info</name>
         <load_address>0x2d524</load_address>
         <run_address>0x2d524</run_address>
         <size>0x140</size>
         <input_file_ref idref="fl-e"/>
      </object_component>
      <object_component id="oc-138">
         <name>.debug_info</name>
         <load_address>0x2d664</load_address>
         <run_address>0x2d664</run_address>
         <size>0x131</size>
         <input_file_ref idref="fl-e"/>
      </object_component>
      <object_component id="oc-13b">
         <name>.debug_info</name>
         <load_address>0x2d795</load_address>
         <run_address>0x2d795</run_address>
         <size>0x12f</size>
         <input_file_ref idref="fl-e"/>
      </object_component>
      <object_component id="oc-132">
         <name>.debug_info</name>
         <load_address>0x2d8c4</load_address>
         <run_address>0x2d8c4</run_address>
         <size>0x13b</size>
         <input_file_ref idref="fl-e"/>
      </object_component>
      <object_component id="oc-13e">
         <name>.debug_info</name>
         <load_address>0x2d9ff</load_address>
         <run_address>0x2d9ff</run_address>
         <size>0x12e</size>
         <input_file_ref idref="fl-e"/>
      </object_component>
      <object_component id="oc-123">
         <name>.debug_info</name>
         <load_address>0x2db2d</load_address>
         <run_address>0x2db2d</run_address>
         <size>0x125</size>
         <input_file_ref idref="fl-e"/>
      </object_component>
      <object_component id="oc-11d">
         <name>.debug_info</name>
         <load_address>0x2dc52</load_address>
         <run_address>0x2dc52</run_address>
         <size>0x123</size>
         <input_file_ref idref="fl-e"/>
      </object_component>
      <object_component id="oc-12f">
         <name>.debug_info</name>
         <load_address>0x2dd75</load_address>
         <run_address>0x2dd75</run_address>
         <size>0x139</size>
         <input_file_ref idref="fl-e"/>
      </object_component>
      <object_component id="oc-126">
         <name>.debug_info</name>
         <load_address>0x2deae</load_address>
         <run_address>0x2deae</run_address>
         <size>0x13f</size>
         <input_file_ref idref="fl-e"/>
      </object_component>
      <object_component id="oc-120">
         <name>.debug_info</name>
         <load_address>0x2dfed</load_address>
         <run_address>0x2dfed</run_address>
         <size>0x141</size>
         <input_file_ref idref="fl-e"/>
      </object_component>
      <object_component id="oc-114">
         <name>.debug_info</name>
         <load_address>0x2e12e</load_address>
         <run_address>0x2e12e</run_address>
         <size>0x133</size>
         <input_file_ref idref="fl-e"/>
      </object_component>
      <object_component id="oc-117">
         <name>.debug_info</name>
         <load_address>0x2e261</load_address>
         <run_address>0x2e261</run_address>
         <size>0x13d</size>
         <input_file_ref idref="fl-e"/>
      </object_component>
      <object_component id="oc-135">
         <name>.debug_info</name>
         <load_address>0x2e39e</load_address>
         <run_address>0x2e39e</run_address>
         <size>0x12c</size>
         <input_file_ref idref="fl-e"/>
      </object_component>
      <object_component id="oc-f1">
         <name>.debug_info</name>
         <load_address>0x2e4ca</load_address>
         <run_address>0x2e4ca</run_address>
         <size>0x212</size>
         <input_file_ref idref="fl-e"/>
      </object_component>
      <object_component id="oc-66">
         <name>.debug_info</name>
         <load_address>0x2e6dc</load_address>
         <run_address>0x2e6dc</run_address>
         <size>0x752</size>
         <input_file_ref idref="fl-e"/>
      </object_component>
      <object_component id="oc-79">
         <name>.debug_info</name>
         <load_address>0x2ee2e</load_address>
         <run_address>0x2ee2e</run_address>
         <size>0x322</size>
         <input_file_ref idref="fl-f"/>
      </object_component>
      <object_component id="oc-25">
         <name>.debug_info</name>
         <load_address>0x2f150</load_address>
         <run_address>0x2f150</run_address>
         <size>0x14e</size>
         <input_file_ref idref="fl-f"/>
      </object_component>
      <object_component id="oc-6f">
         <name>.debug_info</name>
         <load_address>0x2f29e</load_address>
         <run_address>0x2f29e</run_address>
         <size>0x215</size>
         <input_file_ref idref="fl-f"/>
      </object_component>
      <object_component id="oc-17a">
         <name>.debug_info</name>
         <load_address>0x2f4b3</load_address>
         <run_address>0x2f4b3</run_address>
         <size>0x26b</size>
         <input_file_ref idref="fl-f"/>
      </object_component>
      <object_component id="oc-351">
         <name>.debug_info</name>
         <load_address>0x2f71e</load_address>
         <run_address>0x2f71e</run_address>
         <size>0x297</size>
         <input_file_ref idref="fl-f"/>
      </object_component>
      <object_component id="oc-33a">
         <name>.debug_info</name>
         <load_address>0x2f9b5</load_address>
         <run_address>0x2f9b5</run_address>
         <size>0xbb</size>
         <input_file_ref idref="fl-f"/>
      </object_component>
      <object_component id="oc-337">
         <name>.debug_info</name>
         <load_address>0x2fa70</load_address>
         <run_address>0x2fa70</run_address>
         <size>0x147</size>
         <input_file_ref idref="fl-10"/>
      </object_component>
      <object_component id="oc-145">
         <name>.debug_info</name>
         <load_address>0x2fbb7</load_address>
         <run_address>0x2fbb7</run_address>
         <size>0x2b9</size>
         <input_file_ref idref="fl-10"/>
      </object_component>
      <object_component id="oc-458">
         <name>.debug_info</name>
         <load_address>0x2fe70</load_address>
         <run_address>0x2fe70</run_address>
         <size>0x2f8</size>
         <input_file_ref idref="fl-cb"/>
      </object_component>
      <object_component id="oc-3a8">
         <name>.debug_info</name>
         <load_address>0x30168</load_address>
         <run_address>0x30168</run_address>
         <size>0x132</size>
         <input_file_ref idref="fl-cb"/>
      </object_component>
      <object_component id="oc-231">
         <name>.debug_info</name>
         <load_address>0x3029a</load_address>
         <run_address>0x3029a</run_address>
         <size>0x4ad</size>
         <input_file_ref idref="fl-cb"/>
      </object_component>
      <object_component id="oc-45a">
         <name>.debug_info</name>
         <load_address>0x30747</load_address>
         <run_address>0x30747</run_address>
         <size>0x46</size>
         <input_file_ref idref="fl-cb"/>
      </object_component>
      <object_component id="oc-3ab">
         <name>.debug_info</name>
         <load_address>0x3078d</load_address>
         <run_address>0x3078d</run_address>
         <size>0x39</size>
         <input_file_ref idref="fl-cb"/>
      </object_component>
      <object_component id="oc-3fc">
         <name>.debug_info</name>
         <load_address>0x307c6</load_address>
         <run_address>0x307c6</run_address>
         <size>0x367</size>
         <input_file_ref idref="fl-cc"/>
      </object_component>
      <object_component id="oc-27c">
         <name>.debug_info</name>
         <load_address>0x30b2d</load_address>
         <run_address>0x30b2d</run_address>
         <size>0x79c</size>
         <input_file_ref idref="fl-cc"/>
      </object_component>
      <object_component id="oc-3fe">
         <name>.debug_info</name>
         <load_address>0x312c9</load_address>
         <run_address>0x312c9</run_address>
         <size>0x367</size>
         <input_file_ref idref="fl-cd"/>
      </object_component>
      <object_component id="oc-281">
         <name>.debug_info</name>
         <load_address>0x31630</load_address>
         <run_address>0x31630</run_address>
         <size>0x797</size>
         <input_file_ref idref="fl-cd"/>
      </object_component>
      <object_component id="oc-3d5">
         <name>.debug_info</name>
         <load_address>0x31dc7</load_address>
         <run_address>0x31dc7</run_address>
         <size>0x334</size>
         <input_file_ref idref="fl-ce"/>
      </object_component>
      <object_component id="oc-243">
         <name>.debug_info</name>
         <load_address>0x320fb</load_address>
         <run_address>0x320fb</run_address>
         <size>0x1d2</size>
         <input_file_ref idref="fl-ce"/>
      </object_component>
      <object_component id="oc-3c9">
         <name>.debug_info</name>
         <load_address>0x322cd</load_address>
         <run_address>0x322cd</run_address>
         <size>0x18e</size>
         <input_file_ref idref="fl-ce"/>
      </object_component>
      <object_component id="oc-3cf">
         <name>.debug_info</name>
         <load_address>0x3245b</load_address>
         <run_address>0x3245b</run_address>
         <size>0x16e</size>
         <input_file_ref idref="fl-ce"/>
      </object_component>
      <object_component id="oc-52f">
         <name>.debug_info</name>
         <load_address>0x325c9</load_address>
         <run_address>0x325c9</run_address>
         <size>0x2c</size>
         <input_file_ref idref="fl-ce"/>
      </object_component>
      <object_component id="oc-4ab">
         <name>.debug_info</name>
         <load_address>0x325f5</load_address>
         <run_address>0x325f5</run_address>
         <size>0x4e</size>
         <input_file_ref idref="fl-ce"/>
      </object_component>
      <object_component id="oc-3d6">
         <name>.debug_info</name>
         <load_address>0x32643</load_address>
         <run_address>0x32643</run_address>
         <size>0x2c</size>
         <input_file_ref idref="fl-ce"/>
      </object_component>
      <object_component id="oc-e6">
         <name>.debug_info</name>
         <load_address>0x3266f</load_address>
         <run_address>0x3266f</run_address>
         <size>0x14d</size>
         <input_file_ref idref="fl-cf"/>
      </object_component>
      <object_component id="oc-fa">
         <name>.debug_info</name>
         <load_address>0x327bc</load_address>
         <run_address>0x327bc</run_address>
         <size>0x129</size>
         <input_file_ref idref="fl-d0"/>
      </object_component>
      <object_component id="oc-105">
         <name>.debug_info</name>
         <load_address>0x328e5</load_address>
         <run_address>0x328e5</run_address>
         <size>0x12b</size>
         <input_file_ref idref="fl-d0"/>
      </object_component>
      <object_component id="oc-158">
         <name>.debug_info</name>
         <load_address>0x32a10</load_address>
         <run_address>0x32a10</run_address>
         <size>0x13b</size>
         <input_file_ref idref="fl-d1"/>
      </object_component>
      <object_component id="oc-237">
         <name>.debug_info</name>
         <load_address>0x32b4b</load_address>
         <run_address>0x32b4b</run_address>
         <size>0x13b</size>
         <input_file_ref idref="fl-d2"/>
      </object_component>
      <object_component id="oc-2a5">
         <name>.debug_info</name>
         <load_address>0x32c86</load_address>
         <run_address>0x32c86</run_address>
         <size>0x12f</size>
         <input_file_ref idref="fl-d3"/>
      </object_component>
      <object_component id="oc-151">
         <name>.debug_info</name>
         <load_address>0x32db5</load_address>
         <run_address>0x32db5</run_address>
         <size>0x12d</size>
         <input_file_ref idref="fl-d4"/>
      </object_component>
      <object_component id="oc-36">
         <name>.debug_info</name>
         <load_address>0x32ee2</load_address>
         <run_address>0x32ee2</run_address>
         <size>0x11a</size>
         <input_file_ref idref="fl-d5"/>
      </object_component>
      <object_component id="oc-93">
         <name>.debug_info</name>
         <load_address>0x32ffc</load_address>
         <run_address>0x32ffc</run_address>
         <size>0x148</size>
         <input_file_ref idref="fl-d6"/>
      </object_component>
      <object_component id="oc-90">
         <name>.debug_info</name>
         <load_address>0x33144</load_address>
         <run_address>0x33144</run_address>
         <size>0x2d5</size>
         <input_file_ref idref="fl-d7"/>
      </object_component>
      <object_component id="oc-48">
         <name>.debug_info</name>
         <load_address>0x33419</load_address>
         <run_address>0x33419</run_address>
         <size>0x1b6</size>
         <input_file_ref idref="fl-d7"/>
      </object_component>
[...]
      </symbol>
      <symbol id="sm-4fe">
         <name>__aeabi_cdrcmple</name>
         <value>0x57c3</value>
         <object_component_ref idref="oc-102"/>
      </symbol>
      <symbol id="sm-512">
         <name>__aeabi_ddiv</name>
         <value>0x4d65</value>
         <object_component_ref idref="oc-155"/>
      </symbol>
      <symbol id="sm-51d">
         <name>__aeabi_dmul</name>
         <value>0x51f1</value>
         <object_component_ref idref="oc-235"/>
      </symbol>
      <symbol id="sm-527">
         <name>__aeabi_d2iz</name>
         <value>0x5e1d</value>
         <object_component_ref idref="oc-2a4"/>
      </symbol>
      <symbol id="sm-531">
         <name>__aeabi_i2d</name>
         <value>0x5fa9</value>
         <object_component_ref idref="oc-150"/>
      </symbol>
      <symbol id="sm-54c">
         <name>memcpy</name>
         <value>0x5577</value>
         <object_component_ref idref="oc-35"/>
      </symbol>
      <symbol id="sm-54d">
         <name>__aeabi_memcpy</name>
         <value>0x5577</value>
         <object_component_ref idref="oc-35"/>
      </symbol>
      <symbol id="sm-54e">
         <name>__aeabi_memcpy8</name>
         <value>0x5577</value>
         <object_component_ref idref="oc-35"/>
      </symbol>
      <symbol id="sm-54f">
         <name>__aeabi_memcpy4</name>
         <value>0x5577</value>
         <object_component_ref idref="oc-35"/>
      </symbol>
      <symbol id="sm-55e">
         <name>__aeabi_memset</name>
         <value>0x584b</value>
         <object_component_ref idref="oc-91"/>
      </symbol>
      <symbol id="sm-55f">
         <name>memset</name>
         <value>0x5851</value>
         <object_component_ref idref="oc-91"/>
      </symbol>
      <symbol id="sm-560">
         <name>__aeabi_memset8</name>
         <value>0x584b</value>
         <object_component_ref idref="oc-91"/>
      </symbol>
      <symbol id="sm-561">
         <name>__aeabi_memset4</name>
         <value>0x584b</value>
         <object_component_ref idref="oc-91"/>
      </symbol>
      <symbol id="sm-562">
         <name>__aeabi_memclr8</name>
         <value>0x5849</value>
         <object_component_ref idref="oc-91"/>
      </symbol>
      <symbol id="sm-563">
         <name>__aeabi_memclr4</name>
         <value>0x5849</value>
         <object_component_ref idref="oc-91"/>
      </symbol>
      <symbol id="sm-564">
         <name>__aeabi_memclr</name>
         <value>0x5849</value>
         <object_component_ref idref="oc-91"/>
      </symbol>
      <symbol id="sm-57b">
         <name>__TI_zero_init</name>
         <value>0x6261</value>
         <object_component_ref idref="oc-47"/>
      </symbol>
      <symbol id="sm-592">
         <name>__TI_decompress_none</name>
         <value>0x6213</value>
         <object_component_ref idref="oc-1a"/>
      </symbol>
      <symbol id="sm-5b5">
         <name>__TI_decompress_lzss</name>
         <value>0x59a3</value>
         <object_component_ref idref="oc-14"/>
      </symbol>
      <symbol id="sm-625">
         <name>__kernel_rem_pio2</name>
         <value>0xb35</value>
         <object_component_ref idref="oc-3ef"/>
      </symbol>
      <symbol id="sm-638">
         <name>__stack</name>
         <value>0x2000fe00</value>
         <object_component_ref idref="oc-27"/>
      </symbol>
      <symbol id="sm-639">
         <name>_c_int00_noargs</name>
         <value>0x5ee5</value>
         <object_component_ref idref="oc-53"/>
      </symbol>
      <symbol id="sm-64f">
         <name>__kernel_cos</name>
         <value>0x4821</value>
         <object_component_ref idref="oc-3e9"/>
      </symbol>
      <symbol id="sm-666">
         <name>__kernel_sin</name>
         <value>0x46ad</value>
         <object_component_ref idref="oc-3f5"/>
      </symbol>
      <symbol id="sm-683">
         <name>floorl</name>
         <value>0x52ed</value>
         <object_component_ref idref="oc-4b8"/>
      </symbol>
      <symbol id="sm-684">
         <name>floor</name>
         <value>0x52ed</value>
         <object_component_ref idref="oc-4b8"/>
      </symbol>
      <symbol id="sm-6a1">
         <name>scalbn</name>
         <value>0x50e1</value>
         <object_component_ref idref="oc-4b2"/>
      </symbol>
      <symbol id="sm-6a2">
         <name>scalbnl</name>
         <value>0x50e1</value>
         <object_component_ref idref="oc-4b2"/>
      </symbol>
      <symbol id="sm-6a3">
         <name>ldexpl</name>
         <value>0x50e1</value>
         <object_component_ref idref="oc-4b2"/>
      </symbol>
      <symbol id="sm-6a4">
         <name>ldexp</name>
         <value>0x50e1</value>
         <object_component_ref idref="oc-4b2"/>
      </symbol>
      <symbol id="sm-809">
         <name>__TI_printfi</name>
         <value>0xe5</value>
         <object_component_ref idref="oc-3c2"/>
      </symbol>
      <symbol id="sm-822">
         <name>wcslen</name>
         <value>0x61e1</value>
         <object_component_ref idref="oc-48f"/>
      </symbol>
      <symbol id="sm-82c">
         <name>copysign</name>
         <value>0x60c1</value>
         <object_component_ref idref="oc-540"/>
      </symbol>
      <symbol id="sm-82d">
         <name>copysignl</name>
         <value>0x60c1</value>
         <object_component_ref idref="oc-540"/>
      </symbol>
      <symbol id="sm-83a">
         <name>__aeabi_uldivmod</name>
         <value>0x5613</value>
         <object_component_ref idref="oc-4eb"/>
      </symbol>
      <symbol id="sm-867">
         <name>__TI_auto_init_nobinit</name>
         <value>0x5b39</value>
         <object_component_ref idref="oc-1a1"/>
      </symbol>
      <symbol id="sm-871">
         <name>_system_pre_init</name>
         <value>0x6287</value>
         <object_component_ref idref="oc-97"/>
      </symbol>
      <symbol id="sm-87d">
         <name>C$$EXIT</name>
         <value>0x628b</value>
         <object_component_ref idref="oc-18f"/>
      </symbol>
      <symbol id="sm-87e">
         <name>abort</name>
         <value>0x628b</value>
         <object_component_ref idref="oc-18f"/>
      </symbol>
      <symbol id="sm-896">
         <name>atoi</name>
         <value>0x5d3d</value>
         <object_component_ref idref="oc-465"/>
      </symbol>
      <symbol id="sm-8a1">
         <name>_ctypes_</name>
         <value>0x63e8</value>
         <object_component_ref idref="oc-4e6"/>
      </symbol>
      <symbol id="sm-8b0">
         <name>ltoa</name>
         <value>0x5c45</value>
         <object_component_ref idref="oc-4f1"/>
      </symbol>
      <symbol id="sm-8c0">
         <name>memccpy</name>
         <value>0x60a5</value>
         <object_component_ref idref="oc-489"/>
      </symbol>
      <symbol id="sm-8d0">
         <name>strchr</name>
         <value>0x6153</value>
         <object_component_ref idref="oc-518"/>
      </symbol>
      <symbol id="sm-8de">
         <name>strlen</name>
         <value>0x61cd</value>
         <object_component_ref idref="oc-45f"/>
      </symbol>
      <symbol id="sm-8f4">
         <name>__aeabi_errno_addr</name>
         <value>0x6279</value>
         <object_component_ref idref="oc-495"/>
      </symbol>
      <symbol id="sm-8f5">
         <name>errno</name>
         <value>0x20000638</value>
         <object_component_ref idref="oc-528"/>
      </symbol>
      <symbol id="sm-90b">
         <name>frexpl</name>
         <value>0x5ad5</value>
         <object_component_ref idref="oc-512"/>
      </symbol>
      <symbol id="sm-90c">
         <name>frexp</name>
         <value>0x5ad5</value>
         <object_component_ref idref="oc-512"/>
      </symbol>
      <symbol id="sm-916">
         <name>__aeabi_idiv0</name>
         <value>0xb33</value>
         <object_component_ref idref="oc-55c"/>
      </symbol>
      <symbol id="sm-917">
         <name>__aeabi_ldiv0</name>
         <value>0xb33</value>
         <object_component_ref idref="oc-55c"/>
      </symbol>
      <symbol id="sm-985">
         <name>CS_setDCOFrequency</name>
         <value>0x4add</value>
         <object_component_ref idref="oc-1d9"/>
      </symbol>
      <symbol id="sm-986">
         <name>CS_setDCOCenteredFrequency</name>
         <value>0x5fd9</value>
         <object_component_ref idref="oc-37b"/>
      </symbol>
      <symbol id="sm-987">
         <name>CS_tuneDCOFrequency</name>
         <value>0x5bf1</value>
         <object_component_ref idref="oc-387"/>
      </symbol>
      <symbol id="sm-988">
         <name>CS_initClockSignal</name>
         <value>0x53e5</value>
         <object_component_ref idref="oc-1df"/>
      </symbol>
      <symbol id="sm-994">
         <name>FPU_enableModule</name>
         <value>0x6169</value>
         <object_component_ref idref="oc-af"/>
      </symbol>
      <symbol id="sm-a0b">
         <name>GPIO_setOutputHighOnPin</name>
         <value>0x6191</value>
         <object_component_ref idref="oc-107"/>
      </symbol>
      <symbol id="sm-a0c">
         <name>GPIO_setAsInputPinWithPullDownResistor</name>
         <value>0x5f19</value>
         <object_component_ref idref="oc-1fd"/>
      </symbol>
      <symbol id="sm-a0d">
         <name>GPIO_setAsInputPinWithPullUpResistor</name>
         <value>0x5f49</value>
         <object_component_ref idref="oc-203"/>
      </symbol>
      <symbol id="sm-a0e">
         <name>GPIO_enableInterrupt</name>
         <value>0x617d</value>
         <object_component_ref idref="oc-1f1"/>
      </symbol>
      <symbol id="sm-a0f">
         <name>GPIO_setAsOutputPin</name>
         <value>0x5ffd</value>
         <object_component_ref idref="oc-1f7"/>
      </symbol>
      <symbol id="sm-a10">
         <name>GPIO_interruptEdgeSelect</name>
         <value>0x6069</value>
         <object_component_ref idref="oc-1eb"/>
      </symbol>
      <symbol id="sm-a11">
         <name>GPIO_setOutputLowOnPin</name>
         <value>0x610d</value>
         <object_component_ref idref="oc-10d"/>
      </symbol>
      <symbol id="sm-a12">
         <name>GPIO_clearInterruptFlag</name>
         <value>0x60dd</value>
         <object_component_ref idref="oc-15a"/>
      </symbol>
      <symbol id="sm-a13">
         <name>GPIO_getInputPinValue</name>
         <value>0x60f5</value>
         <object_component_ref idref="oc-14a"/>
      </symbol>
      <symbol id="sm-a14">
         <name>GPIO_setAsPeripheralModuleFunctionInputPin</name>
         <value>0x5dd5</value>
         <object_component_ref idref="oc-248"/>
      </symbol>
      <symbol id="sm-a71">
         <name>Interrupt_disableMaster</name>
         <value>0x61f3</value>
         <object_component_ref idref="oc-1e5"/>
      </symbol>
      <symbol id="sm-a72">
         <name>Interrupt_disableInterrupt</name>
         <value>0x5a0d</value>
         <object_component_ref idref="oc-16c"/>
      </symbol>
      <symbol id="sm-a73">
         <name>Interrupt_setPriority</name>
         <value>0x6021</value>
         <object_component_ref idref="oc-1cd"/>
      </symbol>
      <symbol id="sm-a74">
         <name>Interrupt_enableMaster</name>
         <value>0x6203</value>
         <object_component_ref idref="oc-c7"/>
      </symbol>
      <symbol id="sm-a75">
         <name>Interrupt_enableInterrupt</name>
         <value>0x5a71</value>
         <object_component_ref idref="oc-1d3"/>
      </symbol>
      <symbol id="sm-a8a">
         <name>SysCtl_getTLVInfo</name>
         <value>0x5ced</value>
         <object_component_ref idref="oc-381"/>
      </symbol>
      <symbol id="sm-aad">
         <name>SysTick_setPeriod</name>
         <value>0x6249</value>
         <object_component_ref idref="oc-20f"/>
      </symbol>
      <symbol id="sm-aae">
         <name>SysTick_enableInterrupt</name>
         <value>0x61a5</value>
         <object_component_ref idref="oc-215"/>
      </symbol>
      <symbol id="sm-aaf">
         <name>SysTick_enableModule</name>
         <value>0x61b9</value>
         <object_component_ref idref="oc-209"/>
      </symbol>
      <symbol id="sm-af6">
         <name>UART_enableInterrupt</name>
         <value>0x613d</value>
         <object_component_ref idref="oc-25a"/>
      </symbol>
      <symbol id="sm-af7">
         <name>UART_enableModule</name>
         <value>0x6255</value>
         <object_component_ref idref="oc-254"/>
      </symbol>
      <symbol id="sm-af8">
         <name>UART_getEnabledInterruptStatus</name>
         <value>0x5f79</value>
         <object_component_ref idref="oc-160"/>
      </symbol>
      <symbol id="sm-af9">
         <name>UART_transmitData</name>
         <value>0x6045</value>
         <object_component_ref idref="oc-166"/>
      </symbol>
      <symbol id="sm-afa">
         <name>UART_getInterruptStatus</name>
         <value>0x6281</value>
         <object_component_ref idref="oc-343"/>
      </symbol>
      <symbol id="sm-afb">
         <name>UART_initModule</name>
         <value>0x56a9</value>
         <object_component_ref idref="oc-24e"/>
      </symbol>
      <symbol id="sm-b0d">
         <name>CPU_cpsie</name>
         <value>0x623b</value>
         <object_component_ref idref="oc-269"/>
      </symbol>
      <symbol id="sm-b0e">
         <name>CPU_cpsid</name>
         <value>0x622f</value>
         <object_component_ref idref="oc-391"/>
      </symbol>
      <symbol id="sm-b0f">
         <name>__TI_static_base__</name>
         <value>0x0</value>
      </symbol>
      <symbol id="sm-b12">
         <name>__mpu_init</name>
         <value>0x0</value>
      </symbol>
      <symbol id="sm-b13">
         <name>_system_post_cinit</name>
         <value>0x0</value>
      </symbol>
      <symbol id="sm-b14">
         <name>NMI_Handler</name>
         <value>0x622d</value>
      </symbol>
      <symbol id="sm-b15">
         <name>HardFault_Handler</name>
         <value>0x622d</value>
      </symbol>
      <symbol id="sm-b16">
         <name>MemManage_Handler</name>
         <value>0x622d</value>
      </symbol>
      <symbol id="sm-b17">
         <name>BusFault_Handler</name>
         <value>0x622d</value>
      </symbol>
      <symbol id="sm-b18">
         <name>UsageFault_Handler</name>
         <value>0x622d</value>
      </symbol>
      <symbol id="sm-b19">
         <name>SVC_Handler</name>
         <value>0x622d</value>
      </symbol>
      <symbol id="sm-b1a">
         <name>DebugMon_Handler</name>
         <value>0x622d</value>
      </symbol>
      <symbol id="sm-b1b">
         <name>PendSV_Handler</name>
         <value>0x622d</value>
      </symbol>
      <symbol id="sm-b1c">
         <name>SysTick_Handler</name>
         <value>0x35e7</value>
      </symbol>
      <symbol id="sm-b1d">
         <name>PSS_IRQHandler</name>
         <value>0x622d</value>
      </symbol>
      <symbol id="sm-b1e">
         <name>CS_IRQHandler</name>
         <value>0x622d</value>
      </symbol>
      <symbol id="sm-b1f">
         <name>PCM_IRQHandler</name>
         <value>0x622d</value>
      </symbol>
      <symbol id="sm-b20">
         <name>WDT_A_IRQHandler</name>
         <value>0x622d</value>
      </symbol>
      <symbol id="sm-b21">
         <name>FPU_IRQHandler</name>
         <value>0x622d</value>
      </symbol>
      <symbol id="sm-b22">
         <name>FLCTL_IRQHandler</name>
         <value>0x622d</value>
      </symbol>
      <symbol id="sm-b23">
         <name>COMP_E0_IRQHandler</name>
         <value>0x622d</value>
      </symbol>
      <symbol id="sm-b24">
         <name>COMP_E1_IRQHandler</name>
         <value>0x622d</value>
      </symbol>
      <symbol id="sm-b25">
         <name>TA0_0_IRQHandler</name>
         <value>0x622d</value>
      </symbol>
      <symbol id="sm-b26">
         <name>TA0_N_IRQHandler</name>
         <value>0x3639</value>
      </symbol>
      <symbol id="sm-b27">
         <name>TA1_0_IRQHandler</name>
         <value>0x622d</value>
      </symbol>
      <symbol id="sm-b28">
         <name>TA1_N_IRQHandler</name>
         <value>0x622d</value>
      </symbol>
      <symbol id="sm-b29">
         <name>TA2_0_IRQHandler</name>
         <value>0x622d</value>
      </symbol>
      <symbol id="sm-b2a">
         <name>TA2_N_IRQHandler</name>
         <value>0x622d</value>
      </symbol>
      <symbol id="sm-b2b">
         <name>TA3_0_IRQHandler</name>
         <value>0x622d</value>
      </symbol>
      <symbol id="sm-b2c">
         <name>TA3_N_IRQHandler</name>
         <value>0x622d</value>
      </symbol>
      <symbol id="sm-b2d">
         <name>EUSCIA0_IRQHandler</name>
         <value>0x35f1</value>
      </symbol>
      <symbol id="sm-b2e">
         <name>EUSCIA1_IRQHandler</name>
         <value>0x622d</value>
      </symbol>
      <symbol id="sm-b2f">
         <name>EUSCIA2_IRQHandler</name>
         <value>0x622d</value>
      </symbol>
      <symbol id="sm-b30">
         <name>EUSCIA3_IRQHandler</name>
         <value>0x622d</value>
      </symbol>
      <symbol id="sm-b31">
         <name>EUSCIB0_IRQHandler</name>
         <value>0x622d</value>
      </symbol>
      <symbol id="sm-b32">
         <name>EUSCIB1_IRQHandler</name>
         <value>0x622d</value>
      </symbol>
      <symbol id="sm-b33">
         <name>EUSCIB2_IRQHandler</name>
         <value>0x622d</value>
      </symbol>
      <symbol id="sm-b34">
         <name>EUSCIB3_IRQHandler</name>
         <value>0x622d</value>
      </symbol>
      <symbol id="sm-b35">
         <name>ADC14_IRQHandler</name>
         <value>0x622d</value>
      </symbol>
      <symbol id="sm-b36">
         <name>T32_INT1_IRQHandler</name>
         <value>0x622d</value>
      </symbol>
      <symbol id="sm-b37">
         <name>T32_INT2_IRQHandler</name>
         <value>0x622d</value>
      </symbol>
      <symbol id="sm-b38">
         <name>T32_INTC_IRQHandler</name>
         <value>0x622d</value>
      </symbol>
      <symbol id="sm-b39">
         <name>AES256_IRQHandler</name>
         <value>0x622d</value>
      </symbol>
      <symbol id="sm-b3a">
         <name>RTC_C_IRQHandler</name>
         <value>0x622d</value>
      </symbol>
      <symbol id="sm-b3b">
         <name>DMA_ERR_IRQHandler</name>
         <value>0x622d</value>
      </symbol>
      <symbol id="sm-b3c">
         <name>DMA_INT3_IRQHandler</name>
         <value>0x622d</value>
      </symbol>
      <symbol id="sm-b3d">
         <name>DMA_INT2_IRQHandler</name>
         <value>0x622d</value>
      </symbol>
      <symbol id="sm-b3e">
         <name>DMA_INT1_IRQHandler</name>
         <value>0x622d</value>
      </symbol>
      <symbol id="sm-b3f">
         <name>DMA_INT0_IRQHandler</name>
         <value>0x622d</value>
      </symbol>
      <symbol id="sm-b40">
         <name>PORT1_IRQHandler</name>
         <value>0x622d</value>
      </symbol>
      <symbol id="sm-b41">
         <name>PORT2_IRQHandler</name>
         <value>0x622d</value>
      </symbol>
      <symbol id="sm-b42">
         <name>PORT3_IRQHandler</name>
         <value>0x622d</value>
      </symbol>
      <symbol id="sm-b43">
         <name>PORT4_IRQHandler</name>
         <value>0x34f5</value>
      </symbol>
      <symbol id="sm-b44">
         <name>PORT5_IRQHandler</name>
         <value>0x356f</value>
      </symbol>
      <symbol id="sm-b45">
         <name>PORT6_IRQHandler</name>
         <value>0x622d</value>
      </symbol>
   </symbol_table>
   <title>Link successful</title>
</link_info>
