******************************************************************************
                  TI ARM Linker PC v18.12.5                    
******************************************************************************
>> Linked Tue Jul 21 16:30:57 2020

OUTPUT FILE NAME:   <encoder_and_odometry_test.out>
ENTRY POINT SYMBOL: "_c_int00_noargs"  address: 00005eed


MEMORY CONFIGURATION

         name            origin    length      used     unused   attr    fill
----------------------  --------  ---------  --------  --------  ----  --------
  MAIN                  00000000   00040000  000066f2  0003990e  R  X
  INFO                  00200000   00004000  00000000  00004000  R  X
  SRAM_CODE             01000000   00010000  00000840  0000f7c0  RW X
  SRAM_DATA             20000000   00010000  00000840  0000f7c0  RW  


SEGMENT ALLOCATION MAP

run origin  load origin   length   init length attrs members
----------  ----------- ---------- ----------- ----- -------
00000000    00000000    000066f8   000066f8    r-x
  00000000    00000000    000000e4   000000e4    r-- .intvecs
  000000e4    000000e4    000061b2   000061b2    r-x .text
  00006298    00006298    000003f0   000003f0    r-- .const
  00006688    00006688    00000004   00000004    r-- .init_array
  00006690    00006690    00000068   00000068    r-- .cinit
20000000    20000000    00000640   00000000    rw-
  20000000    20000000    000005a0   00000000    rw- .bss
  200005a0    200005a0    000000a0   00000000    rw- .data
2000fe00    2000fe00    00000200   00000000    rw-
  2000fe00    2000fe00    00000200   00000000    rw- .stack


SECTION ALLOCATION MAP

 output                                  attributes/
section   page    origin      length       input sections
--------  ----  ----------  ----------   ----------------
.intvecs   0    00000000    000000e4     
                  00000000    000000e4     startup_msp432p401r_ccs.obj (.intvecs:retain)

.binit     0    00000000    00000000     

.text      0    000000e4    000061b2     
                  000000e4    00000a4e     rtsv7M4_T_le_v4SPD16_eabi.lib : _printfi.c.obj (.text:__TI_printfi)
                  00000b32    00000002                                   : div0.asm.obj (.text)
                  00000b34    00000738                                   : k_rem_pio2.c.obj (.text:__kernel_rem_pio2)
                  0000126c    000005dc                                   : s_cos.c.obj (.text:cos)
                  00001848    000005c4                                   : s_sin.c.obj (.text:sin)
                  00001e0c    00000470     IMU.obj (.text)
                  0000227c    00000430     UART_Wrapper.obj (.text)
                  000026ac    00000400     main.obj (.text)
                  00002aac    000003dc     Odometry.obj (.text)
                  00002e88    00000338     PID.obj (.text)
                  000031c0    00000334     system_msp432p401r.obj (.text)
                  000034f4    00000300     ISRs.obj (.text)
                  000037f4    000002ec     rtsv7M4_T_le_v4SPD16_eabi.lib : s_atan.c.obj (.text:atan)
                  00003ae0    00000270                                   : _printfi.c.obj (.text:_pconv_a)
                  00003d50    00000268     RFInterface.obj (.text)
                  00003fb8    000001d0     rtsv7M4_T_le_v4SPD16_eabi.lib : _printfi.c.obj (.text:_pconv_g)
                  00004188    000001cc     initConfigs.obj (.text)
                  00004354    000001b6     rtsv7M4_T_le_v4SPD16_eabi.lib : fd_add_t2.asm.obj (.text)
                  0000450a    00000002     --HOLE-- [fill = 0]
                  0000450c    000001a8     SPI.obj (.text)
                  000046b4    00000174     rtsv7M4_T_le_v4SPD16_eabi.lib : k_sin.c.obj (.text:__kernel_sin)
                  00004828    0000016c                                   : k_cos.c.obj (.text:__kernel_cos)
                  00004994    00000150     OuterPID.obj (.text)
                  00004ae4    0000014c     msp432p4xx_driverlib.lib : cs.o (.text:CS_setDCOFrequency)
                  00004c30    0000013c     rtsv7M4_T_le_v4SPD16_eabi.lib : _printfi.c.obj (.text:_pconv_e)
                  00004d6c    00000136                                   : fd_div_t2.asm.obj (.text)
                  00004ea2    00000002     --HOLE-- [fill = 0]
                  00004ea4    00000124                                   : _printfi.c.obj (.text:fcvt)
                  00004fc8    00000120     Motor.obj (.text)
                  000050e8    00000110     rtsv7M4_T_le_v4SPD16_eabi.lib : s_scalbn.c.obj (.text:scalbn)
                  000051f8    000000fc                                   : fd_mul_t2.asm.obj (.text)
                  000052f4    000000f8                                   : s_floor.c.obj (.text:floor)
                  000053ec    000000e0     msp432p4xx_driverlib.lib : cs.o (.text:CS_initClockSignal)
                  000054cc    000000b1     rtsv7M4_T_le_v4SPD16_eabi.lib : _printfi.c.obj (.text:_ltostr)
                  0000557d    00000001     --HOLE-- [fill = 0]
                  0000557e    0000009c                                   : memcpy_t2.asm.obj (.text)
                  0000561a    00000096                                   : ull_div_t2.asm.obj (.text)
                  000056b0    00000094     msp432p4xx_driverlib.lib : uart.o (.text:UART_initModule)
                  00005744    00000086     rtsv7M4_T_le_v4SPD16_eabi.lib : fd_cmp_t2.asm.obj (.text:__aeabi_cdcmple)
                  000057ca    00000086                                   : fd_cmp_t2.asm.obj (.text:__aeabi_cdrcmple)
                  00005850    0000007a                                   : memset_t2.asm.obj (.text)
                  000058ca    00000002     --HOLE-- [fill = 0]
                  000058cc    00000070     LPF.obj (.text)
                  0000593c    0000006e     rtsv7M4_T_le_v4SPD16_eabi.lib : _printfi.c.obj (.text:_mcpy)
                  000059aa    00000068                                   : copy_decompress_lzss.c.obj (.text:decompress:lzss:__TI_decompress_lzss)
                  00005a12    00000002     --HOLE-- [fill = 0]
                  00005a14    00000064     msp432p4xx_driverlib.lib : interrupt.o (.text:Interrupt_disableInterrupt)
                  00005a78    00000064                              : interrupt.o (.text:Interrupt_enableInterrupt)
                  00005adc    00000064     rtsv7M4_T_le_v4SPD16_eabi.lib : s_frexp.c.obj (.text:frexp)
                  00005b40    00000060                                   : autoinit.c.obj (.text:__TI_auto_init_nobinit:__TI_auto_init_nobinit)
                  00005ba0    00000056                                   : _printfi.c.obj (.text:_pconv_f)
                  00005bf6    00000002     --HOLE-- [fill = 0]
                  00005bf8    00000054     msp432p4xx_driverlib.lib : cs.o (.text:CS_tuneDCOFrequency)
                  00005c4c    00000054     rtsv7M4_T_le_v4SPD16_eabi.lib : ltoa.c.obj (.text:ltoa)
                  00005ca0    00000052                                   : _printfi.c.obj (.text:_ecpy)
                  00005cf2    00000002     --HOLE-- [fill = 0]
                  00005cf4    00000050     msp432p4xx_driverlib.lib : sysctl.o (.text:SysCtl_getTLVInfo)
                  00005d44    0000004c     rtsv7M4_T_le_v4SPD16_eabi.lib : atoi.c.obj (.text:atoi)
                  00005d90    0000004a     MotorController.obj (.text)
                  00005dda    00000002     --HOLE-- [fill = 0]
                  00005ddc    00000048     msp432p4xx_driverlib.lib : gpio.o (.text:GPIO_setAsPeripheralModuleFunctionInputPin)
                  00005e24    00000048     rtsv7M4_T_le_v4SPD16_eabi.lib : fd_toi_t2.asm.obj (.text)
                  00005e6c    00000040                                   : sprintf.c.obj (.text:sprintf)
                  00005eac    0000003e                                   : _printfi.c.obj (.text:_fcpy)
                  00005eea    00000002     --HOLE-- [fill = 0]
                  00005eec    00000034                                   : boot_cortex_m.c.obj (.text:_c_int00_noargs:_c_int00_noargs)
                  00005f20    00000030     msp432p4xx_driverlib.lib : gpio.o (.text:GPIO_setAsInputPinWithPullDownResistor)
                  00005f50    00000030                              : gpio.o (.text:GPIO_setAsInputPinWithPullUpResistor)
                  00005f80    00000030                              : uart.o (.text:UART_getEnabledInterruptStatus)
                  00005fb0    0000002e     rtsv7M4_T_le_v4SPD16_eabi.lib : i_tofd_t2.asm.obj (.text)
                  00005fde    00000002     --HOLE-- [fill = 0]
                  00005fe0    00000024     msp432p4xx_driverlib.lib : cs.o (.text:CS_setDCOCenteredFrequency)
                  00006004    00000024                              : gpio.o (.text:GPIO_setAsOutputPin)
                  00006028    00000024                              : interrupt.o (.text:Interrupt_setPriority)
                  0000604c    00000024                              : uart.o (.text:UART_transmitData)
                  00006070    00000020                              : gpio.o (.text:GPIO_interruptEdgeSelect)
                  00006090    0000001c     main.obj (.text:_Z3absd)
                  000060ac    0000001c     rtsv7M4_T_le_v4SPD16_eabi.lib : memccpy.c.obj (.text:memccpy)
                  000060c8    0000001a                                   : s_copysign.c.obj (.text:copysign)
                  000060e2    00000002     --HOLE-- [fill = 0]
                  000060e4    00000018     msp432p4xx_driverlib.lib : gpio.o (.text:GPIO_clearInterruptFlag)
                  000060fc    00000018                              : gpio.o (.text:GPIO_getInputPinValue)
                  00006114    00000018                              : gpio.o (.text:GPIO_setOutputLowOnPin)
                  0000612c    00000018     rtsv7M4_T_le_v4SPD16_eabi.lib : sprintf.c.obj (.text:_outs)
                  00006144    00000016     msp432p4xx_driverlib.lib : uart.o (.text:UART_enableInterrupt)
                  0000615a    00000016     rtsv7M4_T_le_v4SPD16_eabi.lib : strchr.c.obj (.text:strchr)
                  00006170    00000014     msp432p4xx_driverlib.lib : fpu.o (.text:FPU_enableModule)
                  00006184    00000014                              : gpio.o (.text:GPIO_enableInterrupt)
                  00006198    00000014                              : gpio.o (.text:GPIO_setOutputHighOnPin)
                  000061ac    00000014                              : systick.o (.text:SysTick_enableInterrupt)
                  000061c0    00000014                              : systick.o (.text:SysTick_enableModule)
                  000061d4    00000014     rtsv7M4_T_le_v4SPD16_eabi.lib : strlen.c.obj (.text:strlen)
                  000061e8    00000012                                   : wcslen.c.obj (.text:wcslen)
                  000061fa    00000010     msp432p4xx_driverlib.lib : interrupt.o (.text:Interrupt_disableMaster)
                  0000620a    00000010                              : interrupt.o (.text:Interrupt_enableMaster)
                  0000621a    0000000e     rtsv7M4_T_le_v4SPD16_eabi.lib : copy_decompress_none.c.obj (.text:decompress:none:__TI_decompress_none)
                  00006228    0000000e     startup_msp432p401r_ccs.obj (.text)
                  00006236    0000000c     msp432p4xx_driverlib.lib : cpu.o (.text:CPU_cpsid)
                  00006242    0000000c                              : cpu.o (.text:CPU_cpsie)
                  0000624e    00000002     --HOLE-- [fill = 0]
                  00006250    0000000c                              : systick.o (.text:SysTick_setPeriod)
                  0000625c    0000000c                              : uart.o (.text:UART_enableModule)
                  00006268    0000000c     rtsv7M4_T_le_v4SPD16_eabi.lib : copy_zero_init.c.obj (.text:decompress:ZI:__TI_zero_init)
                  00006274    0000000a                                   : sprintf.c.obj (.text:_outc)
                  0000627e    00000002     --HOLE-- [fill = 0]
                  00006280    00000008                                   : errno.c.obj (.text:__aeabi_errno_addr)
                  00006288    00000006     msp432p4xx_driverlib.lib : uart.o (.text:UART_getInterruptStatus)
                  0000628e    00000004     rtsv7M4_T_le_v4SPD16_eabi.lib : pre_init.c.obj (.text:_system_pre_init)
                  00006292    00000004                                   : exit.c.obj (.text:abort:abort)

.const     0    00006298    000003f0     
                  00006298    00000158     rtsv7M4_T_le_v4SPD16_eabi.lib : k_rem_pio2.c.obj (.const:$O1$$)
                  000063f0    00000101                                   : ctype.c.obj (.const:.string:_ctypes_)
                  000064f1    00000007     --HOLE-- [fill = 0]
                  000064f8    00000098                                   : s_atan.c.obj (.const:$O1$$)
                  00006590    00000050     msp432p4xx_driverlib.lib : interrupt.o (.const:g_pulRegs)
                  000065e0    00000040                              : interrupt.o (.const)
                  00006620    00000024     main.obj (.const:UART_init)
                  00006644    00000004     --HOLE-- [fill = 0]
                  00006648    00000018     IMU.obj (.const:$P$T44$5)
                  00006660    00000018     IMU.obj (.const:$P$T45$6)
                  00006678    00000010     main.obj (.const:$P$T40$1)

.cinit     0    00006690    00000068     
                  00006690    00000042     (.cinit..data.load) [load image, compression = lzss]
                  000066d2    00000002     --HOLE-- [fill = 0]
                  000066d4    0000000c     (__TI_handler_table)
                  000066e0    00000008     (.cinit..bss.load) [load image, compression = zero_init]
                  000066e8    00000010     (__TI_cinit_table)

.init_array 
*          0    00006688    00000004     
                  00006688    00000004     main.obj (.init_array)

.bss       0    20000000    000005a0     UNINITIALIZED
                  20000000    00000104     main.obj (.bss:UARTHandler)
                  20000104    000000c8     UART_Wrapper.obj (.bss:$P$T40$1)
                  200001cc    00000004     --HOLE--
                  200001d0    000000a8     main.obj (.bss:imu)
                  20000278    00000098     main.obj (.bss:velocityController)
                  20000310    00000088     main.obj (.bss:odom)
                  20000398    00000078     main.obj (.bss:tiltController)
                  20000410    00000078     main.obj (.bss:turningController)
                  20000488    00000040     main.obj (.bss:leftMotor)
                  200004c8    00000040     main.obj (.bss:rightMotor)
                  20000508    00000018     IMU.obj (.bss:$P$T40$1)
                  20000520    00000018     IMU.obj (.bss:$P$T41$2)
                  20000538    00000018     IMU.obj (.bss:$P$T42$3)
                  20000550    00000018     IMU.obj (.bss:$P$T43$4)
                  20000568    00000010     Odometry.obj (.bss:$P$T40$1)
                  20000578    00000010     OuterPID.obj (.bss:$P$T40$1)
                  20000588    00000010     Odometry.obj (.bss:$P$T41$2)
                  20000598    00000008     main.obj (.bss:motorController)

.data      0    200005a0    000000a0     UNINITIALIZED
                  200005a0    00000060     main.obj (.data:commandInterface)
                  20000600    00000030     msp432p4xx_driverlib.lib : gpio.o (.data:GPIO_PORT_TO_BASE)
                  20000630    00000008     main.obj (.data)
                  20000638    00000004     rtsv7M4_T_le_v4SPD16_eabi.lib : errno.c.obj (.data)
                  2000063c    00000004     system_msp432p401r.obj (.data)

.stack     0    2000fe00    00000200     UNINITIALIZED
                  2000fe00    00000004     rtsv7M4_T_le_v4SPD16_eabi.lib : boot_cortex_m.c.obj (.stack)
                  2000fe04    000001fc     --HOLE--

MODULE SUMMARY

       Module                        code    ro data   rw data
       ------                        ----    -------   -------
    .\
       main.obj                      1052    56        2392   
       UART_Wrapper.obj              1072    0         400    
       IMU.obj                       1136    48        192    
       Odometry.obj                  988     0         64     
       system_msp432p401r.obj        820     0         8      
       PID.obj                       824     0         0      
       ISRs.obj                      768     0         0      
       RFInterface.obj               616     0         0      
       initConfigs.obj               460     0         0      
       SPI.obj                       424     0         0      
       OuterPID.obj                  336     0         32     
       Motor.obj                     288     0         0      
       startup_msp432p401r_ccs.obj   14      228       0      
       LPF.obj                       112     0         0      
       MotorController.obj           74      0         0      
    +--+-----------------------------+-------+---------+---------+
       Total:                        8984    332       3088   
                                                              
    C:/ti/msp432_driverlib_3_21_00_05/driverlib/MSP432P4xx/ccs/msp432p4xx_driverlib.lib
       cs.o                          676     0         0      
       gpio.o                        348     0         96     
       interrupt.o                   268     144       0      
       uart.o                        272     0         0      
       sysctl.o                      80      0         0      
       systick.o                     52      0         0      
       cpu.o                         24      0         0      
       fpu.o                         20      0         0      
    +--+-----------------------------+-------+---------+---------+
       Total:                        1740    144       96     
                                                              
    C:\ti\ccs930\ccs\tools\compiler\ti-cgt-arm_18.12.5.LTS\lib\rtsv7M4_T_le_v4SPD16_eabi.lib
       _printfi.c.obj                4851    0         0      
       k_rem_pio2.c.obj              1848    344       0      
       s_cos.c.obj                   1500    0         0      
       s_sin.c.obj                   1476    0         0      
       s_atan.c.obj                  748     152       0      
       fd_add_t2.asm.obj             438     0         0      
       k_sin.c.obj                   372     0         0      
       k_cos.c.obj                   364     0         0      
       fd_div_t2.asm.obj             310     0         0      
       s_scalbn.c.obj                272     0         0      
       fd_cmp_t2.asm.obj             268     0         0      
       ctype.c.obj                   0       257       0      
       fd_mul_t2.asm.obj             252     0         0      
       s_floor.c.obj                 248     0         0      
       memcpy_t2.asm.obj             156     0         0      
       ull_div_t2.asm.obj            150     0         0      
       memset_t2.asm.obj             122     0         0      
       copy_decompress_lzss.c.obj    104     0         0      
       s_frexp.c.obj                 100     0         0      
       sprintf.c.obj                 98      0         0      
       autoinit.c.obj                96      0         0      
       ltoa.c.obj                    84      0         0      
       atoi.c.obj                    76      0         0      
       fd_toi_t2.asm.obj             72      0         0      
       boot_cortex_m.c.obj           52      0         0      
       i_tofd_t2.asm.obj             46      0         0      
       memccpy.c.obj                 28      0         0      
       s_copysign.c.obj              26      0         0      
       strchr.c.obj                  22      0         0      
       strlen.c.obj                  20      0         0      
       wcslen.c.obj                  18      0         0      
       errno.c.obj                   8       0         8      
       copy_decompress_none.c.obj    14      0         0      
       copy_zero_init.c.obj          12      0         0      
       exit.c.obj                    4       0         0      
       pre_init.c.obj                4       0         0      
       div0.asm.obj                  2       0         0      
    +--+-----------------------------+-------+---------+---------+
       Total:                        14261   753       8      
                                                              
       Stack:                        0       0         1024   
       Linker Generated:             0       102       0      
    +--+-----------------------------+-------+---------+---------+
       Grand Total:                  24985   1331      4216   


LINKER GENERATED COPY TABLES

__TI_cinit_table @ 000066e8 records: 2, size/record: 8, table size: 16
	.data: load addr=00006690, load size=00000042 bytes, run addr=200005a0, run size=000000a0 bytes, compression=lzss
	.bss: load addr=000066e0, load size=00000008 bytes, run addr=20000000, run size=000005a0 bytes, compression=zero_init


LINKER GENERATED HANDLER TABLE

__TI_handler_table @ 000066d4 records: 3, size/record: 4, table size: 12
	index: 0, handler: __TI_decompress_lzss
	index: 1, handler: __TI_decompress_none
	index: 2, handler: __TI_zero_init


GLOBAL SYMBOLS: SORTED ALPHABETICALLY BY Name 

address   name                                                 
-------   ----                                                 
00006235  ADC14_IRQHandler                                     
00006235  AES256_IRQHandler                                    
00006235  BusFault_Handler                                     
00006293  C$$EXIT                                              
00006235  COMP_E0_IRQHandler                                   
00006235  COMP_E1_IRQHandler                                   
00006237  CPU_cpsid                                            
00006243  CPU_cpsie                                            
00006235  CS_IRQHandler                                        
000053ed  CS_initClockSignal                                   
00005fe1  CS_setDCOCenteredFrequency                           
00004ae5  CS_setDCOFrequency                                   
00005bf9  CS_tuneDCOFrequency                                  
00006235  DMA_ERR_IRQHandler                                   
00006235  DMA_INT0_IRQHandler                                  
00006235  DMA_INT1_IRQHandler                                  
00006235  DMA_INT2_IRQHandler                                  
00006235  DMA_INT3_IRQHandler                                  
00006235  DebugMon_Handler                                     
00006235  Default_Handler                                      
000035f1  EUSCIA0_IRQHandler                                   
000035f1  EUSCIA0_IRQHandler                                   
00006235  EUSCIA1_IRQHandler                                   
00006235  EUSCIA2_IRQHandler                                   
00006235  EUSCIA3_IRQHandler                                   
00006235  EUSCIB0_IRQHandler                                   
00006235  EUSCIB1_IRQHandler                                   
00006235  EUSCIB2_IRQHandler                                   
00006235  EUSCIB3_IRQHandler                                   
00006235  FLCTL_IRQHandler                                     
00006235  FPU_IRQHandler                                       
00006171  FPU_enableModule                                     
000060e5  GPIO_clearInterruptFlag                              
00006185  GPIO_enableInterrupt                                 
000060fd  GPIO_getInputPinValue                                
00006071  GPIO_interruptEdgeSelect                             
00005f21  GPIO_setAsInputPinWithPullDownResistor               
00005f51  GPIO_setAsInputPinWithPullUpResistor                 
00006005  GPIO_setAsOutputPin                                  
00005ddd  GPIO_setAsPeripheralModuleFunctionInputPin           
00006199  GPIO_setOutputHighOnPin                              
00006115  GPIO_setOutputLowOnPin                               
00006235  HardFault_Handler                                    
00005a15  Interrupt_disableInterrupt                           
000061fb  Interrupt_disableMaster                              
00005a79  Interrupt_enableInterrupt                            
0000620b  Interrupt_enableMaster                               
00006029  Interrupt_setPriority                                
00006235  MemManage_Handler                                    
00006235  NMI_Handler                                          
00006235  PCM_IRQHandler                                       
00006235  PORT1_IRQHandler                                     
00006235  PORT2_IRQHandler                                     
00006235  PORT3_IRQHandler                                     
000034f5  PORT4_IRQHandler                                     
000034f5  PORT4_IRQHandler                                     
0000356f  PORT5_IRQHandler                                     
0000356f  PORT5_IRQHandler                                     
00006235  PORT6_IRQHandler                                     
00006235  PSS_IRQHandler                                       
00006235  PendSV_Handler                                       
00006235  RTC_C_IRQHandler                                     
00006229  Reset_Handler                                        
00006688  SHT$$INIT_ARRAY$$Base                                
0000668c  SHT$$INIT_ARRAY$$Limit                               
00006235  SVC_Handler                                          
00005cf5  SysCtl_getTLVInfo                                    
000035e7  SysTick_Handler                                      
000035e7  SysTick_Handler                                      
000061ad  SysTick_enableInterrupt                              
000061c1  SysTick_enableModule                                 
00006251  SysTick_setPeriod                                    
2000063c  SystemCoreClock                                      
000031c1  SystemCoreClockUpdate                                
00003439  SystemInit                                           
00006235  T32_INT1_IRQHandler                                  
00006235  T32_INT2_IRQHandler                                  
00006235  T32_INTC_IRQHandler                                  
00006235  TA0_0_IRQHandler                                     
00003639  TA0_N_IRQHandler                                     
00003639  TA0_N_IRQHandler                                     
00006235  TA1_0_IRQHandler                                     
00006235  TA1_N_IRQHandler                                     
00006235  TA2_0_IRQHandler                                     
00006235  TA2_N_IRQHandler                                     
00006235  TA3_0_IRQHandler                                     
00006235  TA3_N_IRQHandler                                     
20000000  UARTHandler                                          
00006145  UART_enableInterrupt                                 
0000625d  UART_enableModule                                    
00005f81  UART_getEnabledInterruptStatus                       
00006289  UART_getInterruptStatus                              
000056b1  UART_initModule                                      
0000604d  UART_transmitData                                    
00006235  UsageFault_Handler                                   
4000480c  WDTCTL_SYM                                           
00006235  WDT_A_IRQHandler                                     
00004241  _Z11setupClocksv                                     
00004303  _Z12setupSystickv                                    
000041cf  _Z18configTimerCapturev                              
00004257  _Z22setupEncoderInterruptsv                          
000058cd  _Z3LPFdPdd                                           
00006091  _Z3absd                                              
0000455b  _Z8SPI_ReadhPhS_                                     
000045fb  _Z9SPI_WritehPh                                      
00004189  _Z9configPWMv                                        
0000450d  _Z9configSPIv                                        
0000429f  _Z9setupPinsv                                        
00003d51  _ZN11RFInterface14pollrfReceiverEv                   
00003ebb  _ZN11RFInterface9calibrateEv                         
00005dad  _ZN15MotorController13commandMotorsEPd               
00005d91  _ZN15MotorControllerC1EP5MotorS1_                    
00005d91  _ZN15MotorControllerC2EP5MotorS1_                    
00001ea7  _ZN3IMU12configModuleEv                              
000020d1  _ZN3IMU13readGyroscopeEv                             
0000217d  _ZN3IMU16getFilteredAngleEv                          
00002001  _ZN3IMU17readAccelerometerEv                         
00001ef7  _ZN3IMU9calibrateEv                                  
00001e0d  _ZN3IMUC1Ev                                          
00001e0d  _ZN3IMUC2Ev                                          
00002f2d  _ZN3PID9updatePIDEdd                                 
00003075  _ZN3PID9updatePIDEddd                                
00002e89  _ZN3PIDC1Eddddd                                      
00002e89  _ZN3PIDC2Eddddd                                      
000022df  _ZN4UART13printEncodersEv                            
0000237d  _ZN4UART13printOdometryEv                            
00002501  _ZN4UART7printRFEv                                   
000023f1  _ZN4UART8printIMUEv                                  
00002495  _ZN4UART8printPIDER3PID                              
00002449  _ZN4UART8printPWMEv                                  
0000234b  _ZN4UART9UARTSetupEv                                 
0000227d  _ZN4UARTC1E24_eUSCI_eUSCI_UART_ConfigjP8OdometryP3IMU
0000227d  _ZN4UARTC2E24_eUSCI_eUSCI_UART_ConfigjP8OdometryP3IMU
00005039  _ZN5Motor6setPWMEs                                   
000050a3  _ZN5Motor7forwardEv                                  
000050c1  _ZN5Motor8backwardEv                                 
00004fc9  _ZN5MotorC1EhtjtjPVttjtj                             
00004fc9  _ZN5MotorC2EhtjtjPVttjtj                             
00002bcd  _ZN8Odometry14updateOdometryEv                       
00002aad  _ZN8OdometryC1EdddP5MotorS1_dd                       
00002aad  _ZN8OdometryC2EdddP5MotorS1_dd                       
00004a45  _ZN8OuterPID9updatePIDEdddd                          
00004995  _ZN8OuterPIDC1EddddP3PIDdd                           
00004995  _ZN8OuterPIDC2EddddP3PIDdd                           
20010000  __STACK_END                                          
00000200  __STACK_SIZE                                         
000066e8  __TI_CINIT_Base                                      
000066f8  __TI_CINIT_Limit                                     
000066d4  __TI_Handler_Table_Base                              
000066e0  __TI_Handler_Table_Limit                             
00005b41  __TI_auto_init_nobinit                               
000059ab  __TI_decompress_lzss                                 
0000621b  __TI_decompress_none                                 
ffffffff  __TI_pprof_out_hndl                                  
000000e5  __TI_printfi                                         
ffffffff  __TI_prof_data_size                                  
ffffffff  __TI_prof_data_start                                 
00000000  __TI_static_base__                                   
00006269  __TI_zero_init                                       
00005745  __aeabi_cdcmpeq                                      
00005745  __aeabi_cdcmple                                      
000057cb  __aeabi_cdrcmple                                     
00005e25  __aeabi_d2iz                                         
0000435f  __aeabi_dadd                                         
00004d6d  __aeabi_ddiv                                         
000051f9  __aeabi_dmul                                         
00004355  __aeabi_dsub                                         
00006281  __aeabi_errno_addr                                   
00005fb1  __aeabi_i2d                                          
00000b33  __aeabi_idiv0                                        
00000b33  __aeabi_ldiv0                                        
00005851  __aeabi_memclr                                       
00005851  __aeabi_memclr4                                      
00005851  __aeabi_memclr8                                      
0000557f  __aeabi_memcpy                                       
0000557f  __aeabi_memcpy4                                      
0000557f  __aeabi_memcpy8                                      
00005853  __aeabi_memset                                       
00005853  __aeabi_memset4                                      
00005853  __aeabi_memset8                                      
0000561b  __aeabi_uldivmod                                     
ffffffff  __binit__                                            
ffffffff  __c_args__                                           
00004829  __kernel_cos                                         
00000b35  __kernel_rem_pio2                                    
000046b5  __kernel_sin                                         
UNDEFED   __mpu_init                                           
2000fe00  __stack                                              
00002885  __sti___8_main_cpp_last_ms                           
00005eed  _c_int00_noargs                                      
000063f0  _ctypes_                                             
UNDEFED   _system_post_cinit                                   
0000628f  _system_pre_init                                     
00006293  abort                                                
000037f5  atan                                                 
000037f5  atanl                                                
00005d45  atoi                                                 
ffffffff  binit                                                
200005a0  commandInterface                                     
000060c9  copysign                                             
000060c9  copysignl                                            
0000126d  cos                                                  
0000126d  cosl                                                 
20000638  errno                                                
000052f5  floor                                                
000052f5  floorl                                               
00005add  frexp                                                
00005add  frexpl                                               
200001d0  imu                                                  
00000000  interruptVectors                                     
20000630  last_ms                                              
000050e9  ldexp                                                
000050e9  ldexpl                                               
20000488  leftMotor                                            
00005c4d  ltoa                                                 
000026ad  main                                                 
000060ad  memccpy                                              
0000557f  memcpy                                               
00005859  memset                                               
20000598  motorController                                      
20000634  ms                                                   
20000310  odom                                                 
200004c8  rightMotor                                           
000050e9  scalbn                                               
000050e9  scalbnl                                              
00001849  sin                                                  
00001849  sinl                                                 
00005e6d  sprintf                                              
0000615b  strchr                                               
000061d5  strlen                                               
20000398  tiltController                                       
20000410  turningController                                    
20000278  velocityController                                   
000061e9  wcslen                                               


GLOBAL SYMBOLS: SORTED BY Symbol Address 

address   name                                                 
-------   ----                                                 
00000000  __TI_static_base__                                   
00000000  interruptVectors                                     
000000e5  __TI_printfi                                         
00000200  __STACK_SIZE                                         
00000b33  __aeabi_idiv0                                        
00000b33  __aeabi_ldiv0                                        
00000b35  __kernel_rem_pio2                                    
0000126d  cos                                                  
0000126d  cosl                                                 
00001849  sin                                                  
00001849  sinl                                                 
00001e0d  _ZN3IMUC1Ev                                          
00001e0d  _ZN3IMUC2Ev                                          
00001ea7  _ZN3IMU12configModuleEv                              
00001ef7  _ZN3IMU9calibrateEv                                  
00002001  _ZN3IMU17readAccelerometerEv                         
000020d1  _ZN3IMU13readGyroscopeEv                             
0000217d  _ZN3IMU16getFilteredAngleEv                          
0000227d  _ZN4UARTC1E24_eUSCI_eUSCI_UART_ConfigjP8OdometryP3IMU
0000227d  _ZN4UARTC2E24_eUSCI_eUSCI_UART_ConfigjP8OdometryP3IMU
000022df  _ZN4UART13printEncodersEv                            
0000234b  _ZN4UART9UARTSetupEv                                 
0000237d  _ZN4UART13printOdometryEv                            
000023f1  _ZN4UART8printIMUEv                                  
00002449  _ZN4UART8printPWMEv                                  
00002495  _ZN4UART8printPIDER3PID                              
00002501  _ZN4UART7printRFEv                                   
000026ad  main                                                 
00002885  __sti___8_main_cpp_last_ms                           
00002aad  _ZN8OdometryC1EdddP5MotorS1_dd                       
00002aad  _ZN8OdometryC2EdddP5MotorS1_dd                       
00002bcd  _ZN8Odometry14updateOdometryEv                       
00002e89  _ZN3PIDC1Eddddd                                      
00002e89  _ZN3PIDC2Eddddd                                      
00002f2d  _ZN3PID9updatePIDEdd                                 
00003075  _ZN3PID9updatePIDEddd                                
000031c1  SystemCoreClockUpdate                                
00003439  SystemInit                                           
000034f5  PORT4_IRQHandler                                     
000034f5  PORT4_IRQHandler                                     
0000356f  PORT5_IRQHandler                                     
0000356f  PORT5_IRQHandler                                     
000035e7  SysTick_Handler                                      
000035e7  SysTick_Handler                                      
000035f1  EUSCIA0_IRQHandler                                   
000035f1  EUSCIA0_IRQHandler                                   
00003639  TA0_N_IRQHandler                                     
00003639  TA0_N_IRQHandler                                     
000037f5  atan                                                 
000037f5  atanl                                                
00003d51  _ZN11RFInterface14pollrfReceiverEv                   
00003ebb  _ZN11RFInterface9calibrateEv                         
00004189  _Z9configPWMv                                        
000041cf  _Z18configTimerCapturev                              
00004241  _Z11setupClocksv                                     
00004257  _Z22setupEncoderInterruptsv                          
0000429f  _Z9setupPinsv                                        
00004303  _Z12setupSystickv                                    
00004355  __aeabi_dsub                                         
0000435f  __aeabi_dadd                                         
0000450d  _Z9configSPIv                                        
0000455b  _Z8SPI_ReadhPhS_                                     
000045fb  _Z9SPI_WritehPh                                      
000046b5  __kernel_sin                                         
00004829  __kernel_cos                                         
00004995  _ZN8OuterPIDC1EddddP3PIDdd                           
00004995  _ZN8OuterPIDC2EddddP3PIDdd                           
00004a45  _ZN8OuterPID9updatePIDEdddd                          
00004ae5  CS_setDCOFrequency                                   
00004d6d  __aeabi_ddiv                                         
00004fc9  _ZN5MotorC1EhtjtjPVttjtj                             
00004fc9  _ZN5MotorC2EhtjtjPVttjtj                             
00005039  _ZN5Motor6setPWMEs                                   
000050a3  _ZN5Motor7forwardEv                                  
000050c1  _ZN5Motor8backwardEv                                 
000050e9  ldexp                                                
000050e9  ldexpl                                               
000050e9  scalbn                                               
000050e9  scalbnl                                              
000051f9  __aeabi_dmul                                         
000052f5  floor                                                
000052f5  floorl                                               
000053ed  CS_initClockSignal                                   
0000557f  __aeabi_memcpy                                       
0000557f  __aeabi_memcpy4                                      
0000557f  __aeabi_memcpy8                                      
0000557f  memcpy                                               
0000561b  __aeabi_uldivmod                                     
000056b1  UART_initModule                                      
00005745  __aeabi_cdcmpeq                                      
00005745  __aeabi_cdcmple                                      
000057cb  __aeabi_cdrcmple                                     
00005851  __aeabi_memclr                                       
00005851  __aeabi_memclr4                                      
00005851  __aeabi_memclr8                                      
00005853  __aeabi_memset                                       
00005853  __aeabi_memset4                                      
00005853  __aeabi_memset8                                      
00005859  memset                                               
000058cd  _Z3LPFdPdd                                           
000059ab  __TI_decompress_lzss                                 
00005a15  Interrupt_disableInterrupt                           
00005a79  Interrupt_enableInterrupt                            
00005add  frexp                                                
00005add  frexpl                                               
00005b41  __TI_auto_init_nobinit                               
00005bf9  CS_tuneDCOFrequency                                  
00005c4d  ltoa                                                 
00005cf5  SysCtl_getTLVInfo                                    
00005d45  atoi                                                 
00005d91  _ZN15MotorControllerC1EP5MotorS1_                    
00005d91  _ZN15MotorControllerC2EP5MotorS1_                    
00005dad  _ZN15MotorController13commandMotorsEPd               
00005ddd  GPIO_setAsPeripheralModuleFunctionInputPin           
00005e25  __aeabi_d2iz                                         
00005e6d  sprintf                                              
00005eed  _c_int00_noargs                                      
00005f21  GPIO_setAsInputPinWithPullDownResistor               
00005f51  GPIO_setAsInputPinWithPullUpResistor                 
00005f81  UART_getEnabledInterruptStatus                       
00005fb1  __aeabi_i2d                                          
00005fe1  CS_setDCOCenteredFrequency                           
00006005  GPIO_setAsOutputPin                                  
00006029  Interrupt_setPriority                                
0000604d  UART_transmitData                                    
00006071  GPIO_interruptEdgeSelect                             
00006091  _Z3absd                                              
000060ad  memccpy                                              
000060c9  copysign                                             
000060c9  copysignl                                            
000060e5  GPIO_clearInterruptFlag                              
000060fd  GPIO_getInputPinValue                                
00006115  GPIO_setOutputLowOnPin                               
00006145  UART_enableInterrupt                                 
0000615b  strchr                                               
00006171  FPU_enableModule                                     
00006185  GPIO_enableInterrupt                                 
00006199  GPIO_setOutputHighOnPin                              
000061ad  SysTick_enableInterrupt                              
000061c1  SysTick_enableModule                                 
000061d5  strlen                                               
000061e9  wcslen                                               
000061fb  Interrupt_disableMaster                              
0000620b  Interrupt_enableMaster                               
0000621b  __TI_decompress_none                                 
00006229  Reset_Handler                                        
00006235  ADC14_IRQHandler                                     
00006235  AES256_IRQHandler                                    
00006235  BusFault_Handler                                     
00006235  COMP_E0_IRQHandler                                   
00006235  COMP_E1_IRQHandler                                   
00006235  CS_IRQHandler                                        
00006235  DMA_ERR_IRQHandler                                   
00006235  DMA_INT0_IRQHandler                                  
00006235  DMA_INT1_IRQHandler                                  
00006235  DMA_INT2_IRQHandler                                  
00006235  DMA_INT3_IRQHandler                                  
00006235  DebugMon_Handler                                     
00006235  Default_Handler                                      
00006235  EUSCIA1_IRQHandler                                   
00006235  EUSCIA2_IRQHandler                                   
00006235  EUSCIA3_IRQHandler                                   
00006235  EUSCIB0_IRQHandler                                   
00006235  EUSCIB1_IRQHandler                                   
00006235  EUSCIB2_IRQHandler                                   
00006235  EUSCIB3_IRQHandler                                   
00006235  FLCTL_IRQHandler                                     
00006235  FPU_IRQHandler                                       
00006235  HardFault_Handler                                    
00006235  MemManage_Handler                                    
00006235  NMI_Handler                                          
00006235  PCM_IRQHandler                                       
00006235  PORT1_IRQHandler                                     
00006235  PORT2_IRQHandler                                     
00006235  PORT3_IRQHandler                                     
00006235  PORT6_IRQHandler                                     
00006235  PSS_IRQHandler                                       
00006235  PendSV_Handler                                       
00006235  RTC_C_IRQHandler                                     
00006235  SVC_Handler                                          
00006235  T32_INT1_IRQHandler                                  
00006235  T32_INT2_IRQHandler                                  
00006235  T32_INTC_IRQHandler                                  
00006235  TA0_0_IRQHandler                                     
00006235  TA1_0_IRQHandler                                     
00006235  TA1_N_IRQHandler                                     
00006235  TA2_0_IRQHandler                                     
00006235  TA2_N_IRQHandler                                     
00006235  TA3_0_IRQHandler                                     
00006235  TA3_N_IRQHandler                                     
00006235  UsageFault_Handler                                   
00006235  WDT_A_IRQHandler                                     
00006237  CPU_cpsid                                            
00006243  CPU_cpsie                                            
00006251  SysTick_setPeriod                                    
0000625d  UART_enableModule                                    
00006269  __TI_zero_init                                       
00006281  __aeabi_errno_addr                                   
00006289  UART_getInterruptStatus                              
0000628f  _system_pre_init                                     
00006293  C$$EXIT                                              
00006293  abort                                                
000063f0  _ctypes_                                             
00006688  SHT$$INIT_ARRAY$$Base                                
0000668c  SHT$$INIT_ARRAY$$Limit                               
000066d4  __TI_Handler_Table_Base                              
000066e0  __TI_Handler_Table_Limit                             
000066e8  __TI_CINIT_Base                                      
000066f8  __TI_CINIT_Limit                                     
20000000  UARTHandler                                          
200001d0  imu                                                  
20000278  velocityController                                   
20000310  odom                                                 
20000398  tiltController                                       
20000410  turningController                                    
20000488  leftMotor                                            
200004c8  rightMotor                                           
20000598  motorController                                      
200005a0  commandInterface                                     
20000630  last_ms                                              
20000634  ms                                                   
20000638  errno                                                
2000063c  SystemCoreClock                                      
2000fe00  __stack                                              
20010000  __STACK_END                                          
4000480c  WDTCTL_SYM                                           
ffffffff  __TI_pprof_out_hndl                                  
ffffffff  __TI_prof_data_size                                  
ffffffff  __TI_prof_data_start                                 
ffffffff  __binit__                                            
ffffffff  __c_args__                                           
ffffffff  binit                                                
UNDEFED   __mpu_init                                           
UNDEFED   _system_post_cinit                                   

[234 symbols]
