<?xml version="1.0" encoding="ISO-8859-1" ?>
<link_info>
   <banner>TI ARM Linker PC v18.12.5.LTS</banner>
   <copyright>Copyright (c) 1996-2018 Texas Instruments Incorporated</copyright>
   <link_time>0x5ef3d766</link_time>
   <link_errors>0x0</link_errors>
   <output_file>encoder_and_odometry_test.out</output_file>
   <entry_point>
      <name>_c_int00_noargs</name>
      <address>0x5d4d</address>
   </entry_point>
   <input_file_list>
      <input_file id="fl-2">
         <path>.\</path>
         <kind>object</kind>
         <file>IMU.obj</file>
         <name>IMU.obj</name>
      </input_file>
      <input_file id="fl-3">
         <path>.\</path>
         <kind>object</kind>
         <file>ISRs.obj</file>
         <name>ISRs.obj</name>
      </input_file>
      <input_file id="fl-4">
         <path>.\</path>
         <kind>object</kind>
         <file>LPF.obj</file>
         <name>LPF.obj</name>
      </input_file>
      <input_file id="fl-5">
         <path>.\</path>
         <kind>object</kind>
         <file>Motor.obj</file>
         <name>Motor.obj</name>
      </input_file>
      <input_file id="fl-6">
         <path>.\</path>
         <kind>object</kind>
         <file>MotorController.obj</file>
         <name>MotorController.obj</name>
      </input_file>
      <input_file id="fl-7">
         <path>.\</path>
         <kind>object</kind>
         <file>Odometry.obj</file>
         <name>Odometry.obj</name>
      </input_file>
      <input_file id="fl-8">
         <path>.\</path>
         <kind>object</kind>
         <file>OuterPID.obj</file>
         <name>OuterPID.obj</name>
      </input_file>
      <input_file id="fl-9">
         <path>.\</path>
         <kind>object</kind>
         <file>PID.obj</file>
         <name>PID.obj</name>
      </input_file>
      <input_file id="fl-a">
         <path>.\</path>
         <kind>object</kind>
         <file>RFInterface.obj</file>
         <name>RFInterface.obj</name>
      </input_file>
      <input_file id="fl-b">
         <path>.\</path>
         <kind>object</kind>
         <file>SPI.obj</file>
         <name>SPI.obj</name>
      </input_file>
      <input_file id="fl-c">
         <path>.\</path>
         <kind>object</kind>
         <file>UART_Wrapper.obj</file>
         <name>UART_Wrapper.obj</name>
      </input_file>
      <input_file id="fl-d">
         <path>.\</path>
         <kind>object</kind>
         <file>initConfigs.obj</file>
         <name>initConfigs.obj</name>
      </input_file>
      <input_file id="fl-e">
         <path>.\</path>
         <kind>object</kind>
         <file>main.obj</file>
         <name>main.obj</name>
      </input_file>
      <input_file id="fl-f">
         <path>.\</path>
         <kind>object</kind>
         <file>startup_msp432p401r_ccs.obj</file>
         <name>startup_msp432p401r_ccs.obj</name>
      </input_file>
      <input_file id="fl-10">
         <path>.\</path>
         <kind>object</kind>
         <file>system_msp432p401r.obj</file>
         <name>system_msp432p401r.obj</name>
      </input_file>
      <input_file id="fl-15">
         <kind>object</kind>
         <file>&lt;internal&gt;</file>
         <name>&lt;internal&gt;</name>
      </input_file>
      <input_file id="fl-cb">
         <path>C:\ti\ccs930\ccs\tools\compiler\ti-cgt-arm_18.12.5.LTS\lib\</path>
         <kind>archive</kind>
         <file>rtsv7M4_T_le_v4SPD16_eabi.lib</file>
         <name>s_atan.c.obj</name>
      </input_file>
      <input_file id="fl-cc">
         <path>C:\ti\ccs930\ccs\tools\compiler\ti-cgt-arm_18.12.5.LTS\lib\</path>
         <kind>archive</kind>
         <file>rtsv7M4_T_le_v4SPD16_eabi.lib</file>
         <name>s_cos.c.obj</name>
      </input_file>
      <input_file id="fl-cd">
         <path>C:\ti\ccs930\ccs\tools\compiler\ti-cgt-arm_18.12.5.LTS\lib\</path>
         <kind>archive</kind>
         <file>rtsv7M4_T_le_v4SPD16_eabi.lib</file>
         <name>s_sin.c.obj</name>
      </input_file>
      <input_file id="fl-ce">
         <path>C:\ti\ccs930\ccs\tools\compiler\ti-cgt-arm_18.12.5.LTS\lib\</path>
         <kind>archive</kind>
         <file>rtsv7M4_T_le_v4SPD16_eabi.lib</file>
         <name>sprintf.c.obj</name>
      </input_file>
      <input_file id="fl-cf">
         <path>C:\ti\ccs930\ccs\tools\compiler\ti-cgt-arm_18.12.5.LTS\lib\</path>
         <kind>archive</kind>
         <file>rtsv7M4_T_le_v4SPD16_eabi.lib</file>
         <name>fd_add_t2.asm.obj</name>
      </input_file>
      <input_file id="fl-d0">
         <path>C:\ti\ccs930\ccs\tools\compiler\ti-cgt-arm_18.12.5.LTS\lib\</path>
         <kind>archive</kind>
         <file>rtsv7M4_T_le_v4SPD16_eabi.lib</file>
         <name>fd_cmp_t2.asm.obj</name>
      </input_file>
      <input_file id="fl-d1">
         <path>C:\ti\ccs930\ccs\tools\compiler\ti-cgt-arm_18.12.5.LTS\lib\</path>
         <kind>archive</kind>
         <file>rtsv7M4_T_le_v4SPD16_eabi.lib</file>
         <name>fd_div_t2.asm.obj</name>
      </input_file>
      <input_file id="fl-d2">
         <path>C:\ti\ccs930\ccs\tools\compiler\ti-cgt-arm_18.12.5.LTS\lib\</path>
         <kind>archive</kind>
         <file>rtsv7M4_T_le_v4SPD16_eabi.lib</file>
         <name>fd_mul_t2.asm.obj</name>
      </input_file>
      <input_file id="fl-d3">
         <path>C:\ti\ccs930\ccs\tools\compiler\ti-cgt-arm_18.12.5.LTS\lib\</path>
         <kind>archive</kind>
         <file>rtsv7M4_T_le_v4SPD16_eabi.lib</file>
         <name>fd_toi_t2.asm.obj</name>
      </input_file>
      <input_file id="fl-d4">
         <path>C:\ti\ccs930\ccs\tools\compiler\ti-cgt-arm_18.12.5.LTS\lib\</path>
         <kind>archive</kind>
         <file>rtsv7M4_T_le_v4SPD16_eabi.lib</file>
         <name>i_tofd_t2.asm.obj</name>
      </input_file>
      <input_file id="fl-d5">
         <path>C:\ti\ccs930\ccs\tools\compiler\ti-cgt-arm_18.12.5.LTS\lib\</path>
         <kind>archive</kind>
         <file>rtsv7M4_T_le_v4SPD16_eabi.lib</file>
         <name>memcpy_t2.asm.obj</name>
      </input_file>
      <input_file id="fl-d6">
         <path>C:\ti\ccs930\ccs\tools\compiler\ti-cgt-arm_18.12.5.LTS\lib\</path>
         <kind>archive</kind>
         <file>rtsv7M4_T_le_v4SPD16_eabi.lib</file>
         <name>memset_t2.asm.obj</name>
      </input_file>
      <input_file id="fl-d7">
         <path>C:\ti\ccs930\ccs\tools\compiler\ti-cgt-arm_18.12.5.LTS\lib\</path>
         <kind>archive</kind>
         <file>rtsv7M4_T_le_v4SPD16_eabi.lib</file>
         <name>copy_zero_init.c.obj</name>
      </input_file>
      <input_file id="fl-d8">
         <path>C:\ti\ccs930\ccs\tools\compiler\ti-cgt-arm_18.12.5.LTS\lib\</path>
         <kind>archive</kind>
         <file>rtsv7M4_T_le_v4SPD16_eabi.lib</file>
         <name>copy_decompress_none.c.obj</name>
      </input_file>
      <input_file id="fl-d9">
         <path>C:\ti\ccs930\ccs\tools\compiler\ti-cgt-arm_18.12.5.LTS\lib\</path>
         <kind>archive</kind>
         <file>rtsv7M4_T_le_v4SPD16_eabi.lib</file>
         <name>copy_decompress_lzss.c.obj</name>
      </input_file>
      <input_file id="fl-da">
         <path>C:\ti\ccs930\ccs\tools\compiler\ti-cgt-arm_18.12.5.LTS\lib\</path>
         <kind>archive</kind>
         <file>rtsv7M4_T_le_v4SPD16_eabi.lib</file>
         <name>k_rem_pio2.c.obj</name>
      </input_file>
      <input_file id="fl-db">
         <path>C:\ti\ccs930\ccs\tools\compiler\ti-cgt-arm_18.12.5.LTS\lib\</path>
         <kind>archive</kind>
         <file>rtsv7M4_T_le_v4SPD16_eabi.lib</file>
         <name>boot_cortex_m.c.obj</name>
      </input_file>
      <input_file id="fl-dc">
         <path>C:\ti\ccs930\ccs\tools\compiler\ti-cgt-arm_18.12.5.LTS\lib\</path>
         <kind>archive</kind>
         <file>rtsv7M4_T_le_v4SPD16_eabi.lib</file>
         <name>k_cos.c.obj</name>
      </input_file>
      <input_file id="fl-dd">
         <path>C:\ti\ccs930\ccs\tools\compiler\ti-cgt-arm_18.12.5.LTS\lib\</path>
         <kind>archive</kind>
         <file>rtsv7M4_T_le_v4SPD16_eabi.lib</file>
         <name>k_sin.c.obj</name>
      </input_file>
      <input_file id="fl-de">
         <path>C:\ti\ccs930\ccs\tools\compiler\ti-cgt-arm_18.12.5.LTS\lib\</path>
         <kind>archive</kind>
         <file>rtsv7M4_T_le_v4SPD16_eabi.lib</file>
         <name>s_floor.c.obj</name>
      </input_file>
      <input_file id="fl-df">
         <path>C:\ti\ccs930\ccs\tools\compiler\ti-cgt-arm_18.12.5.LTS\lib\</path>
         <kind>archive</kind>
         <file>rtsv7M4_T_le_v4SPD16_eabi.lib</file>
         <name>s_scalbn.c.obj</name>
      </input_file>
      <input_file id="fl-e0">
         <path>C:\ti\ccs930\ccs\tools\compiler\ti-cgt-arm_18.12.5.LTS\lib\</path>
         <kind>archive</kind>
         <file>rtsv7M4_T_le_v4SPD16_eabi.lib</file>
         <name>_printfi.c.obj</name>
      </input_file>
      <input_file id="fl-e1">
         <path>C:\ti\ccs930\ccs\tools\compiler\ti-cgt-arm_18.12.5.LTS\lib\</path>
         <kind>archive</kind>
         <file>rtsv7M4_T_le_v4SPD16_eabi.lib</file>
         <name>wcslen.c.obj</name>
      </input_file>
      <input_file id="fl-e2">
         <path>C:\ti\ccs930\ccs\tools\compiler\ti-cgt-arm_18.12.5.LTS\lib\</path>
         <kind>archive</kind>
         <file>rtsv7M4_T_le_v4SPD16_eabi.lib</file>
         <name>s_copysign.c.obj</name>
      </input_file>
      <input_file id="fl-e3">
         <path>C:\ti\ccs930\ccs\tools\compiler\ti-cgt-arm_18.12.5.LTS\lib\</path>
         <kind>archive</kind>
         <file>rtsv7M4_T_le_v4SPD16_eabi.lib</file>
         <name>ull_div_t2.asm.obj</name>
      </input_file>
      <input_file id="fl-e4">
         <path>C:\ti\ccs930\ccs\tools\compiler\ti-cgt-arm_18.12.5.LTS\lib\</path>
         <kind>archive</kind>
         <file>rtsv7M4_T_le_v4SPD16_eabi.lib</file>
         <name>autoinit.c.obj</name>
      </input_file>
      <input_file id="fl-e5">
         <path>C:\ti\ccs930\ccs\tools\compiler\ti-cgt-arm_18.12.5.LTS\lib\</path>
         <kind>archive</kind>
         <file>rtsv7M4_T_le_v4SPD16_eabi.lib</file>
         <name>pre_init.c.obj</name>
      </input_file>
      <input_file id="fl-e6">
         <path>C:\ti\ccs930\ccs\tools\compiler\ti-cgt-arm_18.12.5.LTS\lib\</path>
         <kind>archive</kind>
         <file>rtsv7M4_T_le_v4SPD16_eabi.lib</file>
         <name>cpy_tbl.c.obj</name>
      </input_file>
      <input_file id="fl-e7">
         <path>C:\ti\ccs930\ccs\tools\compiler\ti-cgt-arm_18.12.5.LTS\lib\</path>
         <kind>archive</kind>
         <file>rtsv7M4_T_le_v4SPD16_eabi.lib</file>
         <name>exit.c.obj</name>
      </input_file>
      <input_file id="fl-e8">
         <path>C:\ti\ccs930\ccs\tools\compiler\ti-cgt-arm_18.12.5.LTS\lib\</path>
         <kind>archive</kind>
         <file>rtsv7M4_T_le_v4SPD16_eabi.lib</file>
         <name>_lock.c.obj</name>
      </input_file>
      <input_file id="fl-e9">
         <path>C:\ti\ccs930\ccs\tools\compiler\ti-cgt-arm_18.12.5.LTS\lib\</path>
         <kind>archive</kind>
         <file>rtsv7M4_T_le_v4SPD16_eabi.lib</file>
         <name>args_main.c.obj</name>
      </input_file>
      <input_file id="fl-ea">
         <path>C:\ti\ccs930\ccs\tools\compiler\ti-cgt-arm_18.12.5.LTS\lib\</path>
         <kind>archive</kind>
         <file>rtsv7M4_T_le_v4SPD16_eabi.lib</file>
         <name>atoi.c.obj</name>
      </input_file>
      <input_file id="fl-eb">
         <path>C:\ti\ccs930\ccs\tools\compiler\ti-cgt-arm_18.12.5.LTS\lib\</path>
         <kind>archive</kind>
         <file>rtsv7M4_T_le_v4SPD16_eabi.lib</file>
         <name>ctype.c.obj</name>
      </input_file>
      <input_file id="fl-ec">
         <path>C:\ti\ccs930\ccs\tools\compiler\ti-cgt-arm_18.12.5.LTS\lib\</path>
         <kind>archive</kind>
         <file>rtsv7M4_T_le_v4SPD16_eabi.lib</file>
         <name>ltoa.c.obj</name>
      </input_file>
      <input_file id="fl-ed">
         <path>C:\ti\ccs930\ccs\tools\compiler\ti-cgt-arm_18.12.5.LTS\lib\</path>
         <kind>archive</kind>
         <file>rtsv7M4_T_le_v4SPD16_eabi.lib</file>
         <name>memccpy.c.obj</name>
      </input_file>
      <input_file id="fl-ee">
         <path>C:\ti\ccs930\ccs\tools\compiler\ti-cgt-arm_18.12.5.LTS\lib\</path>
         <kind>archive</kind>
         <file>rtsv7M4_T_le_v4SPD16_eabi.lib</file>
         <name>strchr.c.obj</name>
      </input_file>
      <input_file id="fl-ef">
         <path>C:\ti\ccs930\ccs\tools\compiler\ti-cgt-arm_18.12.5.LTS\lib\</path>
         <kind>archive</kind>
         <file>rtsv7M4_T_le_v4SPD16_eabi.lib</file>
         <name>strlen.c.obj</name>
      </input_file>
      <input_file id="fl-f0">
         <path>C:\ti\ccs930\ccs\tools\compiler\ti-cgt-arm_18.12.5.LTS\lib\</path>
         <kind>archive</kind>
         <file>rtsv7M4_T_le_v4SPD16_eabi.lib</file>
         <name>errno.c.obj</name>
      </input_file>
      <input_file id="fl-f1">
         <path>C:\ti\ccs930\ccs\tools\compiler\ti-cgt-arm_18.12.5.LTS\lib\</path>
         <kind>archive</kind>
         <file>rtsv7M4_T_le_v4SPD16_eabi.lib</file>
         <name>s_frexp.c.obj</name>
      </input_file>
      <input_file id="fl-f2">
         <path>C:\ti\ccs930\ccs\tools\compiler\ti-cgt-arm_18.12.5.LTS\lib\</path>
         <kind>archive</kind>
         <file>rtsv7M4_T_le_v4SPD16_eabi.lib</file>
         <name>div0.asm.obj</name>
      </input_file>
      <input_file id="fl-f3">
         <path>C:\ti\msp432_driverlib_3_21_00_05\driverlib\MSP432P4xx\ccs\</path>
         <kind>archive</kind>
         <file>msp432p4xx_driverlib.lib</file>
         <name>cs.o</name>
      </input_file>
      <input_file id="fl-f4">
         <path>C:\ti\msp432_driverlib_3_21_00_05\driverlib\MSP432P4xx\ccs\</path>
         <kind>archive</kind>
         <file>msp432p4xx_driverlib.lib</file>
         <name>fpu.o</name>
      </input_file>
      <input_file id="fl-f5">
         <path>C:\ti\msp432_driverlib_3_21_00_05\driverlib\MSP432P4xx\ccs\</path>
         <kind>archive</kind>
         <file>msp432p4xx_driverlib.lib</file>
         <name>gpio.o</name>
      </input_file>
      <input_file id="fl-f6">
         <path>C:\ti\msp432_driverlib_3_21_00_05\driverlib\MSP432P4xx\ccs\</path>
         <kind>archive</kind>
         <file>msp432p4xx_driverlib.lib</file>
         <name>interrupt.o</name>
      </input_file>
      <input_file id="fl-f7">
         <path>C:\ti\msp432_driverlib_3_21_00_05\driverlib\MSP432P4xx\ccs\</path>
         <kind>archive</kind>
         <file>msp432p4xx_driverlib.lib</file>
         <name>sysctl.o</name>
      </input_file>
      <input_file id="fl-f8">
         <path>C:\ti\msp432_driverlib_3_21_00_05\driverlib\MSP432P4xx\ccs\</path>
         <kind>archive</kind>
         <file>msp432p4xx_driverlib.lib</file>
         <name>systick.o</name>
      </input_file>
      <input_file id="fl-f9">
         <path>C:\ti\msp432_driverlib_3_21_00_05\driverlib\MSP432P4xx\ccs\</path>
         <kind>archive</kind>
         <file>msp432p4xx_driverlib.lib</file>
         <name>uart.o</name>
      </input_file>
      <input_file id="fl-fa">
         <path>C:\ti\msp432_driverlib_3_21_00_05\driverlib\MSP432P4xx\ccs\</path>
         <kind>archive</kind>
         <file>msp432p4xx_driverlib.lib</file>
         <name>cpu.o</name>
      </input_file>
   </input_file_list>
   <object_component_list>
      <object_component id="oc-24">
         <name>.intvecs:retain</name>
         <load_address>0x0</load_address>
         <run_address>0x0</run_address>
         <size>0xe4</size>
         <input_file_ref idref="fl-f"/>
      </object_component>
      <object_component id="oc-3c1">
         <name>.text:__TI_printfi</name>
         <load_address>0xe4</load_address>
         <run_address>0xe4</run_address>
         <size>0xa4e</size>
         <input_file_ref idref="fl-e0"/>
      </object_component>
      <object_component id="oc-550">
         <name>.text</name>
         <load_address>0xb32</load_address>
         <run_address>0xb32</run_address>
         <size>0x2</size>
         <input_file_ref idref="fl-f2"/>
      </object_component>
      <object_component id="oc-3ee">
         <name>.text:__kernel_rem_pio2</name>
         <load_address>0xb34</load_address>
         <run_address>0xb34</run_address>
         <size>0x738</size>
         <input_file_ref idref="fl-da"/>
      </object_component>
      <object_component id="oc-27e">
         <name>.text:cos</name>
         <load_address>0x126c</load_address>
         <run_address>0x126c</run_address>
         <size>0x5dc</size>
         <input_file_ref idref="fl-cc"/>
      </object_component>
      <object_component id="oc-284">
         <name>.text:sin</name>
         <load_address>0x1848</load_address>
         <run_address>0x1848</run_address>
         <size>0x5c4</size>
         <input_file_ref idref="fl-cd"/>
      </object_component>
      <object_component id="oc-bb">
         <name>.text</name>
         <load_address>0x1e0c</load_address>
         <run_address>0x1e0c</run_address>
         <size>0x470</size>
         <input_file_ref idref="fl-2"/>
      </object_component>
      <object_component id="oc-65">
         <name>.text</name>
         <load_address>0x227c</load_address>
         <run_address>0x227c</run_address>
         <size>0x3f8</size>
         <input_file_ref idref="fl-e"/>
      </object_component>
      <object_component id="oc-d9">
         <name>.text</name>
         <load_address>0x2674</load_address>
         <run_address>0x2674</run_address>
         <size>0x3dc</size>
         <input_file_ref idref="fl-7"/>
      </object_component>
      <object_component id="oc-c7">
         <name>.text</name>
         <load_address>0x2a50</load_address>
         <run_address>0x2a50</run_address>
         <size>0x3b2</size>
         <input_file_ref idref="fl-c"/>
      </object_component>
      <object_component id="oc-e5">
         <name>.text</name>
         <load_address>0x2e04</load_address>
         <run_address>0x2e04</run_address>
         <size>0x338</size>
         <input_file_ref idref="fl-9"/>
      </object_component>
      <object_component id="oc-149">
         <name>.text</name>
         <load_address>0x313c</load_address>
         <run_address>0x313c</run_address>
         <size>0x334</size>
         <input_file_ref idref="fl-10"/>
      </object_component>
      <object_component id="oc-d3">
         <name>.text</name>
         <load_address>0x3470</load_address>
         <run_address>0x3470</run_address>
         <size>0x330</size>
         <input_file_ref idref="fl-a"/>
      </object_component>
      <object_component id="oc-224">
         <name>.text:atan</name>
         <load_address>0x37a0</load_address>
         <run_address>0x37a0</run_address>
         <size>0x2ec</size>
         <input_file_ref idref="fl-cb"/>
      </object_component>
      <object_component id="oc-477">
         <name>.text:_pconv_a</name>
         <load_address>0x3a8c</load_address>
         <run_address>0x3a8c</run_address>
         <size>0x270</size>
         <input_file_ref idref="fl-e0"/>
      </object_component>
      <object_component id="oc-465">
         <name>.text:_pconv_g</name>
         <load_address>0x3cfc</load_address>
         <run_address>0x3cfc</run_address>
         <size>0x1d0</size>
         <input_file_ref idref="fl-e0"/>
      </object_component>
      <object_component id="oc-eb">
         <name>.text</name>
         <load_address>0x3ecc</load_address>
         <run_address>0x3ecc</run_address>
         <size>0x1b6</size>
         <input_file_ref idref="fl-cf"/>
      </object_component>
      <object_component id="oc-b5">
         <name>.text</name>
         <load_address>0x4084</load_address>
         <run_address>0x4084</run_address>
         <size>0x1a8</size>
         <input_file_ref idref="fl-b"/>
      </object_component>
      <object_component id="oc-71">
         <name>.text</name>
         <load_address>0x422c</load_address>
         <run_address>0x422c</run_address>
         <size>0x1a4</size>
         <input_file_ref idref="fl-3"/>
      </object_component>
      <object_component id="oc-3f4">
         <name>.text:__kernel_sin</name>
         <load_address>0x43d0</load_address>
         <run_address>0x43d0</run_address>
         <size>0x174</size>
         <input_file_ref idref="fl-dd"/>
      </object_component>
      <object_component id="oc-3e8">
         <name>.text:__kernel_cos</name>
         <load_address>0x4544</load_address>
         <run_address>0x4544</run_address>
         <size>0x16c</size>
         <input_file_ref idref="fl-dc"/>
      </object_component>
      <object_component id="oc-df">
         <name>.text</name>
         <load_address>0x46b0</load_address>
         <run_address>0x46b0</run_address>
         <size>0x150</size>
         <input_file_ref idref="fl-8"/>
      </object_component>
      <object_component id="oc-1c8">
         <name>.text:CS_setDCOFrequency</name>
         <load_address>0x4800</load_address>
         <run_address>0x4800</run_address>
         <size>0x14c</size>
         <input_file_ref idref="fl-f3"/>
      </object_component>
      <object_component id="oc-a9">
         <name>.text</name>
         <load_address>0x494c</load_address>
         <run_address>0x494c</run_address>
         <size>0x144</size>
         <input_file_ref idref="fl-d"/>
      </object_component>
      <object_component id="oc-471">
         <name>.text:_pconv_e</name>
         <load_address>0x4a90</load_address>
         <run_address>0x4a90</run_address>
         <size>0x13c</size>
         <input_file_ref idref="fl-e0"/>
      </object_component>
      <object_component id="oc-155">
         <name>.text</name>
         <load_address>0x4bcc</load_address>
         <run_address>0x4bcc</run_address>
         <size>0x136</size>
         <input_file_ref idref="fl-d1"/>
      </object_component>
      <object_component id="oc-4f8">
         <name>.text:fcvt</name>
         <load_address>0x4d04</load_address>
         <run_address>0x4d04</run_address>
         <size>0x124</size>
         <input_file_ref idref="fl-e0"/>
      </object_component>
      <object_component id="oc-12b">
         <name>.text</name>
         <load_address>0x4e28</load_address>
         <run_address>0x4e28</run_address>
         <size>0x120</size>
         <input_file_ref idref="fl-5"/>
      </object_component>
      <object_component id="oc-4a6">
         <name>.text:scalbn</name>
         <load_address>0x4f48</load_address>
         <run_address>0x4f48</run_address>
         <size>0x110</size>
         <input_file_ref idref="fl-df"/>
      </object_component>
      <object_component id="oc-22a">
         <name>.text</name>
         <load_address>0x5058</load_address>
         <run_address>0x5058</run_address>
         <size>0xfc</size>
         <input_file_ref idref="fl-d2"/>
      </object_component>
      <object_component id="oc-4ac">
         <name>.text:floor</name>
         <load_address>0x5154</load_address>
         <run_address>0x5154</run_address>
         <size>0xf8</size>
         <input_file_ref idref="fl-de"/>
      </object_component>
      <object_component id="oc-1ce">
         <name>.text:CS_initClockSignal</name>
         <load_address>0x524c</load_address>
         <run_address>0x524c</run_address>
         <size>0xe0</size>
         <input_file_ref idref="fl-f3"/>
      </object_component>
      <object_component id="oc-45f">
         <name>.text:_ltostr</name>
         <load_address>0x532c</load_address>
         <run_address>0x532c</run_address>
         <size>0xb1</size>
         <input_file_ref idref="fl-e0"/>
      </object_component>
      <object_component id="oc-35">
         <name>.text</name>
         <load_address>0x53de</load_address>
         <run_address>0x53de</run_address>
         <size>0x9c</size>
         <input_file_ref idref="fl-d5"/>
      </object_component>
      <object_component id="oc-4df">
         <name>.text</name>
         <load_address>0x547a</load_address>
         <run_address>0x547a</run_address>
         <size>0x96</size>
         <input_file_ref idref="fl-e3"/>
      </object_component>
      <object_component id="oc-252">
         <name>.text:UART_initModule</name>
         <load_address>0x5510</load_address>
         <run_address>0x5510</run_address>
         <size>0x94</size>
         <input_file_ref idref="fl-f9"/>
      </object_component>
      <object_component id="oc-fd">
         <name>.text:__aeabi_cdcmple</name>
         <load_address>0x55a4</load_address>
         <run_address>0x55a4</run_address>
         <size>0x86</size>
         <input_file_ref idref="fl-d0"/>
      </object_component>
      <object_component id="oc-108">
         <name>.text:__aeabi_cdrcmple</name>
         <load_address>0x562a</load_address>
         <run_address>0x562a</run_address>
         <size>0x86</size>
         <input_file_ref idref="fl-d0"/>
      </object_component>
      <object_component id="oc-91">
         <name>.text</name>
         <load_address>0x56b0</load_address>
         <run_address>0x56b0</run_address>
         <size>0x7a</size>
         <input_file_ref idref="fl-d6"/>
      </object_component>
      <object_component id="oc-f0">
         <name>.text</name>
         <load_address>0x572c</load_address>
         <run_address>0x572c</run_address>
         <size>0x70</size>
         <input_file_ref idref="fl-4"/>
      </object_component>
      <object_component id="oc-4f1">
         <name>.text:_mcpy</name>
         <load_address>0x579c</load_address>
         <run_address>0x579c</run_address>
         <size>0x6e</size>
         <input_file_ref idref="fl-e0"/>
      </object_component>
      <object_component id="oc-14">
         <name>.text:decompress:lzss:__TI_decompress_lzss</name>
         <load_address>0x580a</load_address>
         <run_address>0x580a</run_address>
         <size>0x68</size>
         <input_file_ref idref="fl-d9"/>
      </object_component>
      <object_component id="oc-16c">
         <name>.text:Interrupt_disableInterrupt</name>
         <load_address>0x5874</load_address>
         <run_address>0x5874</run_address>
         <size>0x64</size>
         <input_file_ref idref="fl-f6"/>
      </object_component>
      <object_component id="oc-1e6">
         <name>.text:Interrupt_enableInterrupt</name>
         <load_address>0x58d8</load_address>
         <run_address>0x58d8</run_address>
         <size>0x64</size>
         <input_file_ref idref="fl-f6"/>
      </object_component>
      <object_component id="oc-506">
         <name>.text:frexp</name>
         <load_address>0x593c</load_address>
         <run_address>0x593c</run_address>
         <size>0x64</size>
         <input_file_ref idref="fl-f1"/>
      </object_component>
      <object_component id="oc-19c">
         <name>.text:__TI_auto_init_nobinit:__TI_auto_init_nobinit</name>
         <load_address>0x59a0</load_address>
         <run_address>0x59a0</run_address>
         <size>0x60</size>
         <input_file_ref idref="fl-e4"/>
      </object_component>
      <object_component id="oc-46b">
         <name>.text:_pconv_f</name>
         <load_address>0x5a00</load_address>
         <run_address>0x5a00</run_address>
         <size>0x56</size>
         <input_file_ref idref="fl-e0"/>
      </object_component>
      <object_component id="oc-37c">
         <name>.text:CS_tuneDCOFrequency</name>
         <load_address>0x5a58</load_address>
         <run_address>0x5a58</run_address>
         <size>0x54</size>
         <input_file_ref idref="fl-f3"/>
      </object_component>
      <object_component id="oc-4e5">
         <name>.text:ltoa</name>
         <load_address>0x5aac</load_address>
         <run_address>0x5aac</run_address>
         <size>0x54</size>
         <input_file_ref idref="fl-ec"/>
      </object_component>
      <object_component id="oc-4eb">
         <name>.text:_ecpy</name>
         <load_address>0x5b00</load_address>
         <run_address>0x5b00</run_address>
         <size>0x52</size>
         <input_file_ref idref="fl-e0"/>
      </object_component>
      <object_component id="oc-376">
         <name>.text:SysCtl_getTLVInfo</name>
         <load_address>0x5b54</load_address>
         <run_address>0x5b54</run_address>
         <size>0x50</size>
         <input_file_ref idref="fl-f7"/>
      </object_component>
      <object_component id="oc-459">
         <name>.text:atoi</name>
         <load_address>0x5ba4</load_address>
         <run_address>0x5ba4</run_address>
         <size>0x4c</size>
         <input_file_ref idref="fl-ea"/>
      </object_component>
      <object_component id="oc-102">
         <name>.text</name>
         <load_address>0x5bf0</load_address>
         <run_address>0x5bf0</run_address>
         <size>0x4a</size>
         <input_file_ref idref="fl-6"/>
      </object_component>
      <object_component id="oc-24c">
         <name>.text:GPIO_setAsPeripheralModuleFunctionInputPin</name>
         <load_address>0x5c3c</load_address>
         <run_address>0x5c3c</run_address>
         <size>0x48</size>
         <input_file_ref idref="fl-f5"/>
      </object_component>
      <object_component id="oc-2a8">
         <name>.text</name>
         <load_address>0x5c84</load_address>
         <run_address>0x5c84</run_address>
         <size>0x48</size>
         <input_file_ref idref="fl-d3"/>
      </object_component>
      <object_component id="oc-246">
         <name>.text:sprintf</name>
         <load_address>0x5ccc</load_address>
         <run_address>0x5ccc</run_address>
         <size>0x40</size>
         <input_file_ref idref="fl-ce"/>
      </object_component>
      <object_component id="oc-4fe">
         <name>.text:_fcpy</name>
         <load_address>0x5d0c</load_address>
         <run_address>0x5d0c</run_address>
         <size>0x3e</size>
         <input_file_ref idref="fl-e0"/>
      </object_component>
      <object_component id="oc-53">
         <name>.text:_c_int00_noargs:_c_int00_noargs</name>
         <load_address>0x5d4c</load_address>
         <run_address>0x5d4c</run_address>
         <size>0x34</size>
         <input_file_ref idref="fl-db"/>
      </object_component>
      <object_component id="oc-1f2">
         <name>.text:GPIO_setAsInputPinWithPullDownResistor</name>
         <load_address>0x5d80</load_address>
         <run_address>0x5d80</run_address>
         <size>0x30</size>
         <input_file_ref idref="fl-f5"/>
      </object_component>
      <object_component id="oc-1f8">
         <name>.text:GPIO_setAsInputPinWithPullUpResistor</name>
         <load_address>0x5db0</load_address>
         <run_address>0x5db0</run_address>
         <size>0x30</size>
         <input_file_ref idref="fl-f5"/>
      </object_component>
      <object_component id="oc-160">
         <name>.text:UART_getEnabledInterruptStatus</name>
         <load_address>0x5de0</load_address>
         <run_address>0x5de0</run_address>
         <size>0x30</size>
         <input_file_ref idref="fl-f9"/>
      </object_component>
      <object_component id="oc-150">
         <name>.text</name>
         <load_address>0x5e10</load_address>
         <run_address>0x5e10</run_address>
         <size>0x2e</size>
         <input_file_ref idref="fl-d4"/>
      </object_component>
      <object_component id="oc-370">
         <name>.text:CS_setDCOCenteredFrequency</name>
         <load_address>0x5e40</load_address>
         <run_address>0x5e40</run_address>
         <size>0x24</size>
         <input_file_ref idref="fl-f3"/>
      </object_component>
      <object_component id="oc-1ec">
         <name>.text:GPIO_setAsOutputPin</name>
         <load_address>0x5e64</load_address>
         <run_address>0x5e64</run_address>
         <size>0x24</size>
         <input_file_ref idref="fl-f5"/>
      </object_component>
      <object_component id="oc-166">
         <name>.text:UART_transmitData</name>
         <load_address>0x5e88</load_address>
         <run_address>0x5e88</run_address>
         <size>0x24</size>
         <input_file_ref idref="fl-f9"/>
      </object_component>
      <object_component id="oc-1da">
         <name>.text:GPIO_interruptEdgeSelect</name>
         <load_address>0x5eac</load_address>
         <run_address>0x5eac</run_address>
         <size>0x20</size>
         <input_file_ref idref="fl-f5"/>
      </object_component>
      <object_component id="oc-f6">
         <name>.text:_Z3absd</name>
         <load_address>0x5ecc</load_address>
         <run_address>0x5ecc</run_address>
         <size>0x1c</size>
         <input_file_ref idref="fl-e"/>
      </object_component>
      <object_component id="oc-47d">
         <name>.text:memccpy</name>
         <load_address>0x5ee8</load_address>
         <run_address>0x5ee8</run_address>
         <size>0x1c</size>
         <input_file_ref idref="fl-ed"/>
      </object_component>
      <object_component id="oc-534">
         <name>.text:copysign</name>
         <load_address>0x5f04</load_address>
         <run_address>0x5f04</run_address>
         <size>0x1a</size>
         <input_file_ref idref="fl-e2"/>
      </object_component>
      <object_component id="oc-15a">
         <name>.text:GPIO_clearInterruptFlag</name>
         <load_address>0x5f20</load_address>
         <run_address>0x5f20</run_address>
         <size>0x18</size>
         <input_file_ref idref="fl-f5"/>
      </object_component>
      <object_component id="oc-c1">
         <name>.text:GPIO_getInputPinValue</name>
         <load_address>0x5f38</load_address>
         <run_address>0x5f38</run_address>
         <size>0x18</size>
         <input_file_ref idref="fl-f5"/>
      </object_component>
      <object_component id="oc-113">
         <name>.text:GPIO_setOutputLowOnPin</name>
         <load_address>0x5f50</load_address>
         <run_address>0x5f50</run_address>
         <size>0x18</size>
         <input_file_ref idref="fl-f5"/>
      </object_component>
      <object_component id="oc-3c7">
         <name>.text:_outs</name>
         <load_address>0x5f68</load_address>
         <run_address>0x5f68</run_address>
         <size>0x18</size>
         <input_file_ref idref="fl-ce"/>
      </object_component>
      <object_component id="oc-25e">
         <name>.text:UART_enableInterrupt</name>
         <load_address>0x5f80</load_address>
         <run_address>0x5f80</run_address>
         <size>0x16</size>
         <input_file_ref idref="fl-f9"/>
      </object_component>
      <object_component id="oc-50c">
         <name>.text:strchr</name>
         <load_address>0x5f96</load_address>
         <run_address>0x5f96</run_address>
         <size>0x16</size>
         <input_file_ref idref="fl-ee"/>
      </object_component>
      <object_component id="oc-af">
         <name>.text:FPU_enableModule</name>
         <load_address>0x5fac</load_address>
         <run_address>0x5fac</run_address>
         <size>0x14</size>
         <input_file_ref idref="fl-f4"/>
      </object_component>
      <object_component id="oc-1e0">
         <name>.text:GPIO_enableInterrupt</name>
         <load_address>0x5fc0</load_address>
         <run_address>0x5fc0</run_address>
         <size>0x14</size>
         <input_file_ref idref="fl-f5"/>
      </object_component>
      <object_component id="oc-10d">
         <name>.text:GPIO_setOutputHighOnPin</name>
         <load_address>0x5fd4</load_address>
         <run_address>0x5fd4</run_address>
         <size>0x14</size>
         <input_file_ref idref="fl-f5"/>
      </object_component>
      <object_component id="oc-20a">
         <name>.text:SysTick_enableInterrupt</name>
         <load_address>0x5fe8</load_address>
         <run_address>0x5fe8</run_address>
         <size>0x14</size>
         <input_file_ref idref="fl-f8"/>
      </object_component>
      <object_component id="oc-1fe">
         <name>.text:SysTick_enableModule</name>
         <load_address>0x5ffc</load_address>
         <run_address>0x5ffc</run_address>
         <size>0x14</size>
         <input_file_ref idref="fl-f8"/>
      </object_component>
      <object_component id="oc-453">
         <name>.text:strlen</name>
         <load_address>0x6010</load_address>
         <run_address>0x6010</run_address>
         <size>0x14</size>
         <input_file_ref idref="fl-ef"/>
      </object_component>
      <object_component id="oc-483">
         <name>.text:wcslen</name>
         <load_address>0x6024</load_address>
         <run_address>0x6024</run_address>
         <size>0x12</size>
         <input_file_ref idref="fl-e1"/>
      </object_component>
      <object_component id="oc-1d4">
         <name>.text:Interrupt_disableMaster</name>
         <load_address>0x6036</load_address>
         <run_address>0x6036</run_address>
         <size>0x10</size>
         <input_file_ref idref="fl-f6"/>
      </object_component>
      <object_component id="oc-cd">
         <name>.text:Interrupt_enableMaster</name>
         <load_address>0x6046</load_address>
         <run_address>0x6046</run_address>
         <size>0x10</size>
         <input_file_ref idref="fl-f6"/>
      </object_component>
      <object_component id="oc-1a">
         <name>.text:decompress:none:__TI_decompress_none</name>
         <load_address>0x6056</load_address>
         <run_address>0x6056</run_address>
         <size>0xe</size>
         <input_file_ref idref="fl-d8"/>
      </object_component>
      <object_component id="oc-6b">
         <name>.text</name>
         <load_address>0x6064</load_address>
         <run_address>0x6064</run_address>
         <size>0xe</size>
         <input_file_ref idref="fl-f"/>
      </object_component>
      <object_component id="oc-386">
         <name>.text:CPU_cpsid</name>
         <load_address>0x6072</load_address>
         <run_address>0x6072</run_address>
         <size>0xc</size>
         <input_file_ref idref="fl-fa"/>
      </object_component>
      <object_component id="oc-26d">
         <name>.text:CPU_cpsie</name>
         <load_address>0x607e</load_address>
         <run_address>0x607e</run_address>
         <size>0xc</size>
         <input_file_ref idref="fl-fa"/>
      </object_component>
      <object_component id="oc-204">
         <name>.text:SysTick_setPeriod</name>
         <load_address>0x608c</load_address>
         <run_address>0x608c</run_address>
         <size>0xc</size>
         <input_file_ref idref="fl-f8"/>
      </object_component>
      <object_component id="oc-258">
         <name>.text:UART_enableModule</name>
         <load_address>0x6098</load_address>
         <run_address>0x6098</run_address>
         <size>0xc</size>
         <input_file_ref idref="fl-f9"/>
      </object_component>
      <object_component id="oc-47">
         <name>.text:decompress:ZI:__TI_zero_init</name>
         <load_address>0x60a4</load_address>
         <run_address>0x60a4</run_address>
         <size>0xc</size>
         <input_file_ref idref="fl-d7"/>
      </object_component>
      <object_component id="oc-3cd">
         <name>.text:_outc</name>
         <load_address>0x60b0</load_address>
         <run_address>0x60b0</run_address>
         <size>0xa</size>
         <input_file_ref idref="fl-ce"/>
      </object_component>
      <object_component id="oc-489">
         <name>.text:__aeabi_errno_addr</name>
         <load_address>0x60bc</load_address>
         <run_address>0x60bc</run_address>
         <size>0x8</size>
         <input_file_ref idref="fl-f0"/>
      </object_component>
      <object_component id="oc-33d">
         <name>.text:UART_getInterruptStatus</name>
         <load_address>0x60c4</load_address>
         <run_address>0x60c4</run_address>
         <size>0x6</size>
         <input_file_ref idref="fl-f9"/>
      </object_component>
      <object_component id="oc-97">
         <name>.text:_system_pre_init</name>
         <load_address>0x60ca</load_address>
         <run_address>0x60ca</run_address>
         <size>0x4</size>
         <input_file_ref idref="fl-e5"/>
      </object_component>
      <object_component id="oc-18a">
         <name>.text:abort:abort</name>
         <load_address>0x60ce</load_address>
         <run_address>0x60ce</run_address>
         <size>0x4</size>
         <input_file_ref idref="fl-e7"/>
      </object_component>
      <object_component id="oc-4b2">
         <name>.const:$O1$$</name>
         <load_address>0x60d8</load_address>
         <run_address>0x60d8</run_address>
         <size>0x158</size>
         <input_file_ref idref="fl-da"/>
      </object_component>
      <object_component id="oc-4da">
         <name>.const:.string:_ctypes_</name>
         <load_address>0x6230</load_address>
         <run_address>0x6230</run_address>
         <size>0x101</size>
         <input_file_ref idref="fl-eb"/>
      </object_component>
      <object_component id="oc-39d">
         <name>.const:$O1$$</name>
         <load_address>0x6338</load_address>
         <run_address>0x6338</run_address>
         <size>0x98</size>
         <input_file_ref idref="fl-cb"/>
      </object_component>
      <object_component id="oc-346">
         <name>.const</name>
         <load_address>0x63d0</load_address>
         <run_address>0x63d0</run_address>
         <size>0x40</size>
         <input_file_ref idref="fl-f6"/>
      </object_component>
      <object_component id="oc-143">
         <name>.const:UART_init</name>
         <load_address>0x6410</load_address>
         <run_address>0x6410</run_address>
         <size>0x24</size>
         <input_file_ref idref="fl-e"/>
      </object_component>
      <object_component id="oc-21e">
         <name>.const:$P$T44$5</name>
         <load_address>0x6438</load_address>
         <run_address>0x6438</run_address>
         <size>0x18</size>
         <input_file_ref idref="fl-2"/>
      </object_component>
      <object_component id="oc-221">
         <name>.const:$P$T45$6</name>
         <load_address>0x6450</load_address>
         <run_address>0x6450</run_address>
         <size>0x18</size>
         <input_file_ref idref="fl-2"/>
      </object_component>
      <object_component id="oc-13a">
         <name>.const:$P$T40$1</name>
         <load_address>0x6468</load_address>
         <run_address>0x6468</run_address>
         <size>0x10</size>
         <input_file_ref idref="fl-e"/>
      </object_component>
      <object_component id="oc-5af">
         <name>.cinit..data.load</name>
         <load_address>0x6478</load_address>
         <run_address>0x6478</run_address>
         <size>0x3f</size>
      </object_component>
      <object_component id="oc-5ad">
         <name>__TI_handler_table</name>
         <load_address>0x64b8</load_address>
         <run_address>0x64b8</run_address>
         <size>0xc</size>
      </object_component>
      <object_component id="oc-5b0">
         <name>.cinit..bss.load</name>
         <load_address>0x64c8</load_address>
         <run_address>0x64c8</run_address>
         <size>0x8</size>
      </object_component>
      <object_component id="oc-5ae">
         <name>__TI_cinit_table</name>
         <load_address>0x64d0</load_address>
         <run_address>0x64d0</run_address>
         <size>0x10</size>
      </object_component>
      <object_component id="oc-23">
         <name>.init_array</name>
         <load_address>0x60d4</load_address>
         <run_address>0x60d4</run_address>
         <size>0x4</size>
         <input_file_ref idref="fl-e"/>
      </object_component>
      <object_component id="oc-5b1">
         <name>SHT$$INIT_ARRAY$$Limit</name>
         <load_address>0x60d8</load_address>
         <run_address>0x60d8</run_address>
         <size>0x0</size>
      </object_component>
      <object_component id="oc-582">
         <name>.binit</name>
         <load_address>0x0</load_address>
         <run_address>0x0</run_address>
         <size>0x0</size>
      </object_component>
      <object_component id="oc-11c">
         <name>.data</name>
         <load_address>0x20000618</load_address>
         <run_address>0x20000618</run_address>
         <size>0x8</size>
         <input_file_ref idref="fl-e"/>
      </object_component>
      <object_component id="oc-11f">
         <name>.data:commandInterface</name>
         <load_address>0x200005a0</load_address>
         <run_address>0x200005a0</run_address>
         <size>0x48</size>
         <input_file_ref idref="fl-e"/>
      </object_component>
      <object_component id="oc-331">
         <name>.data</name>
         <load_address>0x20000624</load_address>
         <run_address>0x20000624</run_address>
         <size>0x4</size>
         <input_file_ref idref="fl-10"/>
      </object_component>
      <object_component id="oc-51c">
         <name>.data</name>
         <load_address>0x20000620</load_address>
         <run_address>0x20000620</run_address>
         <size>0x4</size>
         <input_file_ref idref="fl-f0"/>
      </object_component>
      <object_component id="oc-23c">
         <name>.data:GPIO_PORT_TO_BASE</name>
         <load_address>0x200005e8</load_address>
         <run_address>0x200005e8</run_address>
         <size>0x30</size>
         <input_file_ref idref="fl-f5"/>
      </object_component>
      <object_component id="oc-21a">
         <name>.bss:$P$T40$1</name>
         <uninitialized>true</uninitialized>
         <run_address>0x20000508</run_address>
         <size>0x18</size>
         <input_file_ref idref="fl-2"/>
      </object_component>
      <object_component id="oc-21b">
         <name>.bss:$P$T41$2</name>
         <uninitialized>true</uninitialized>
         <run_address>0x20000520</run_address>
         <size>0x18</size>
         <input_file_ref idref="fl-2"/>
      </object_component>
      <object_component id="oc-21c">
         <name>.bss:$P$T42$3</name>
         <uninitialized>true</uninitialized>
         <run_address>0x20000538</run_address>
         <size>0x18</size>
         <input_file_ref idref="fl-2"/>
      </object_component>
      <object_component id="oc-21d">
         <name>.bss:$P$T43$4</name>
         <uninitialized>true</uninitialized>
         <run_address>0x20000550</run_address>
         <size>0x18</size>
         <input_file_ref idref="fl-2"/>
      </object_component>
      <object_component id="oc-27c">
         <name>.bss:$P$T40$1</name>
         <uninitialized>true</uninitialized>
         <run_address>0x20000568</run_address>
         <size>0x10</size>
         <input_file_ref idref="fl-7"/>
      </object_component>
      <object_component id="oc-27d">
         <name>.bss:$P$T41$2</name>
         <uninitialized>true</uninitialized>
         <run_address>0x20000588</run_address>
         <size>0x10</size>
         <input_file_ref idref="fl-7"/>
      </object_component>
      <object_component id="oc-292">
         <name>.bss:$P$T40$1</name>
         <uninitialized>true</uninitialized>
         <run_address>0x20000578</run_address>
         <size>0x10</size>
         <input_file_ref idref="fl-8"/>
      </object_component>
      <object_component id="oc-264">
         <name>.bss:$P$T40$1</name>
         <uninitialized>true</uninitialized>
         <run_address>0x20000104</run_address>
         <size>0xc8</size>
         <input_file_ref idref="fl-c"/>
      </object_component>
      <object_component id="oc-13d">
         <name>.bss:rightMotor</name>
         <uninitialized>true</uninitialized>
         <run_address>0x200004c8</run_address>
         <size>0x40</size>
         <input_file_ref idref="fl-e"/>
      </object_component>
      <object_component id="oc-140">
         <name>.bss:leftMotor</name>
         <uninitialized>true</uninitialized>
         <run_address>0x20000488</run_address>
         <size>0x40</size>
         <input_file_ref idref="fl-e"/>
      </object_component>
      <object_component id="oc-137">
         <name>.bss:motorController</name>
         <uninitialized>true</uninitialized>
         <run_address>0x20000598</run_address>
         <size>0x8</size>
         <input_file_ref idref="fl-e"/>
      </object_component>
      <object_component id="oc-128">
         <name>.bss:odom</name>
         <uninitialized>true</uninitialized>
         <run_address>0x20000310</run_address>
         <size>0x88</size>
         <input_file_ref idref="fl-e"/>
      </object_component>
      <object_component id="oc-122">
         <name>.bss:imu</name>
         <uninitialized>true</uninitialized>
         <run_address>0x200001d0</run_address>
         <size>0xa8</size>
         <input_file_ref idref="fl-e"/>
      </object_component>
      <object_component id="oc-131">
         <name>.bss:tiltController</name>
         <uninitialized>true</uninitialized>
         <run_address>0x20000398</run_address>
         <size>0x78</size>
         <input_file_ref idref="fl-e"/>
      </object_component>
      <object_component id="oc-134">
         <name>.bss:turningController</name>
         <uninitialized>true</uninitialized>
         <run_address>0x20000410</run_address>
         <size>0x78</size>
         <input_file_ref idref="fl-e"/>
      </object_component>
      <object_component id="oc-125">
         <name>.bss:velocityController</name>
         <uninitialized>true</uninitialized>
         <run_address>0x20000278</run_address>
         <size>0x98</size>
         <input_file_ref idref="fl-e"/>
      </object_component>
      <object_component id="oc-119">
         <name>.bss:UARTHandler</name>
         <uninitialized>true</uninitialized>
         <run_address>0x20000000</run_address>
         <size>0x104</size>
         <input_file_ref idref="fl-e"/>
      </object_component>
      <object_component id="oc-27">
         <name>.stack</name>
         <uninitialized>true</uninitialized>
         <run_address>0x2000fe00</run_address>
         <size>0x4</size>
         <input_file_ref idref="fl-db"/>
      </object_component>
      <object_component id="oc-5b2">
         <name>.stack</name>
         <uninitialized>true</uninitialized>
         <run_address>0x2000fe00</run_address>
         <size>0x0</size>
      </object_component>
      <object_component id="oc-235">
         <name>.debug_info</name>
         <load_address>0x0</load_address>
         <run_address>0x0</run_address>
         <size>0x2e0f</size>
         <input_file_ref idref="fl-2"/>
      </object_component>
      <object_component id="oc-21f">
         <name>.debug_info</name>
         <load_address>0x2e0f</load_address>
         <run_address>0x2e0f</run_address>
         <size>0x12b</size>
         <input_file_ref idref="fl-2"/>
      </object_component>
      <object_component id="oc-222">
         <name>.debug_info</name>
         <load_address>0x2f3a</load_address>
         <run_address>0x2f3a</run_address>
         <size>0x12b</size>
         <input_file_ref idref="fl-2"/>
      </object_component>
      <object_component id="oc-bf">
         <name>.debug_info</name>
         <load_address>0x3065</load_address>
         <run_address>0x3065</run_address>
         <size>0x735</size>
         <input_file_ref idref="fl-2"/>
      </object_component>
      <object_component id="oc-2dc">
         <name>.debug_info</name>
         <load_address>0x379a</load_address>
         <run_address>0x379a</run_address>
         <size>0x139b</size>
         <input_file_ref idref="fl-2"/>
      </object_component>
      <object_component id="oc-2e1">
         <name>.debug_info</name>
         <load_address>0x4b35</load_address>
         <run_address>0x4b35</run_address>
         <size>0x46de</size>
         <input_file_ref idref="fl-2"/>
      </object_component>
      <object_component id="oc-230">
         <name>.debug_info</name>
         <load_address>0x9213</load_address>
         <run_address>0x9213</run_address>
         <size>0x2bd</size>
         <input_file_ref idref="fl-2"/>
      </object_component>
      <object_component id="oc-2c5">
         <name>.debug_info</name>
         <load_address>0x94d0</load_address>
         <run_address>0x94d0</run_address>
         <size>0x317</size>
         <input_file_ref idref="fl-2"/>
      </object_component>
      <object_component id="oc-2ae">
         <name>.debug_info</name>
         <load_address>0x97e7</load_address>
         <run_address>0x97e7</run_address>
         <size>0xe0</size>
         <input_file_ref idref="fl-2"/>
      </object_component>
      <object_component id="oc-28b">
         <name>.debug_info</name>
         <load_address>0x98c7</load_address>
         <run_address>0x98c7</run_address>
         <size>0x209</size>
         <input_file_ref idref="fl-2"/>
      </object_component>
      <object_component id="oc-294">
         <name>.debug_info</name>
         <load_address>0x9ad0</load_address>
         <run_address>0x9ad0</run_address>
         <size>0x140</size>
         <input_file_ref idref="fl-2"/>
      </object_component>
      <object_component id="oc-29c">
         <name>.debug_info</name>
         <load_address>0x9c10</load_address>
         <run_address>0x9c10</run_address>
         <size>0x21f</size>
         <input_file_ref idref="fl-2"/>
      </object_component>
      <object_component id="oc-275">
         <name>.debug_info</name>
         <load_address>0x9e2f</load_address>
         <run_address>0x9e2f</run_address>
         <size>0x12b</size>
         <input_file_ref idref="fl-2"/>
      </object_component>
      <object_component id="oc-2e6">
         <name>.debug_info</name>
         <load_address>0x9f5a</load_address>
         <run_address>0x9f5a</run_address>
         <size>0x221</size>
         <input_file_ref idref="fl-2"/>
      </object_component>
      <object_component id="oc-2eb">
         <name>.debug_info</name>
         <load_address>0xa17b</load_address>
         <run_address>0xa17b</run_address>
         <size>0x73</size>
         <input_file_ref idref="fl-2"/>
      </object_component>
      <object_component id="oc-266">
         <name>.debug_info</name>
         <load_address>0xa1ee</load_address>
         <run_address>0xa1ee</run_address>
         <size>0x241</size>
         <input_file_ref idref="fl-2"/>
      </object_component>
      <object_component id="oc-2f0">
         <name>.debug_info</name>
         <load_address>0xa42f</load_address>
         <run_address>0xa42f</run_address>
         <size>0xd0</size>
         <input_file_ref idref="fl-2"/>
      </object_component>
      <object_component id="oc-2f5">
         <name>.debug_info</name>
         <load_address>0xa4ff</load_address>
         <run_address>0xa4ff</run_address>
         <size>0xbc</size>
         <input_file_ref idref="fl-2"/>
      </object_component>
      <object_component id="oc-2fa">
         <name>.debug_info</name>
         <load_address>0xa5bb</load_address>
         <run_address>0xa5bb</run_address>
         <size>0xf8</size>
         <input_file_ref idref="fl-2"/>
      </object_component>
      <object_component id="oc-2ff">
         <name>.debug_info</name>
         <load_address>0xa6b3</load_address>
         <run_address>0xa6b3</run_address>
         <size>0x46d</size>
         <input_file_ref idref="fl-2"/>
      </object_component>
      <object_component id="oc-3a9">
         <name>.debug_info</name>
         <load_address>0xab20</load_address>
         <run_address>0xab20</run_address>
         <size>0x16e0</size>
         <input_file_ref idref="fl-2"/>
      </object_component>
      <object_component id="oc-237">
         <name>.debug_info</name>
         <load_address>0xc200</load_address>
         <run_address>0xc200</run_address>
         <size>0x8b</size>
         <input_file_ref idref="fl-2"/>
      </object_component>
      <object_component id="oc-30e">
         <name>.debug_info</name>
         <load_address>0xc28b</load_address>
         <run_address>0xc28b</run_address>
         <size>0xa0a</size>
         <input_file_ref idref="fl-2"/>
      </object_component>
      <object_component id="oc-31d">
         <name>.debug_info</name>
         <load_address>0xcc95</load_address>
         <run_address>0xcc95</run_address>
         <size>0x2c9</size>
         <input_file_ref idref="fl-2"/>
      </object_component>
      <object_component id="oc-32c">
         <name>.debug_info</name>
         <load_address>0xcf5e</load_address>
         <run_address>0xcf5e</run_address>
         <size>0xef</size>
         <input_file_ref idref="fl-2"/>
      </object_component>
      <object_component id="oc-215">
         <name>.debug_info</name>
         <load_address>0xd04d</load_address>
         <run_address>0xd04d</run_address>
         <size>0xbb</size>
         <input_file_ref idref="fl-2"/>
      </object_component>
      <object_component id="oc-318">
         <name>.debug_info</name>
         <load_address>0xd108</load_address>
         <run_address>0xd108</run_address>
         <size>0x2a1</size>
         <input_file_ref idref="fl-2"/>
      </object_component>
      <object_component id="oc-3ae">
         <name>.debug_info</name>
         <load_address>0xd3a9</load_address>
         <run_address>0xd3a9</run_address>
         <size>0x46</size>
         <input_file_ref idref="fl-2"/>
      </object_component>
      <object_component id="oc-3b3">
         <name>.debug_info</name>
         <load_address>0xd3ef</load_address>
         <run_address>0xd3ef</run_address>
         <size>0xf1</size>
         <input_file_ref idref="fl-2"/>
      </object_component>
      <object_component id="oc-322">
         <name>.debug_info</name>
         <load_address>0xd4e0</load_address>
         <run_address>0xd4e0</run_address>
         <size>0x195</size>
         <input_file_ref idref="fl-2"/>
      </object_component>
      <object_component id="oc-309">
         <name>.debug_info</name>
         <load_address>0xd675</load_address>
         <run_address>0xd675</run_address>
         <size>0x120</size>
         <input_file_ref idref="fl-2"/>
      </object_component>
      <object_component id="oc-327">
         <name>.debug_info</name>
         <load_address>0xd795</load_address>
         <run_address>0xd795</run_address>
         <size>0xd0</size>
         <input_file_ref idref="fl-2"/>
      </object_component>
      <object_component id="oc-40b">
         <name>.debug_info</name>
         <load_address>0xd865</load_address>
         <run_address>0xd865</run_address>
         <size>0x2dd3</size>
         <input_file_ref idref="fl-3"/>
      </object_component>
      <object_component id="oc-72">
         <name>.debug_info</name>
         <load_address>0x10638</load_address>
         <run_address>0x10638</run_address>
         <size>0x3d8</size>
         <input_file_ref idref="fl-3"/>
      </object_component>
      <object_component id="oc-304">
         <name>.debug_info</name>
         <load_address>0x10a10</load_address>
         <run_address>0x10a10</run_address>
         <size>0x151c</size>
         <input_file_ref idref="fl-3"/>
      </object_component>
      <object_component id="oc-313">
         <name>.debug_info</name>
         <load_address>0x11f2c</load_address>
         <run_address>0x11f2c</run_address>
         <size>0xfe</size>
         <input_file_ref idref="fl-3"/>
      </object_component>
      <object_component id="oc-2a5">
         <name>.debug_info</name>
         <load_address>0x1202a</load_address>
         <run_address>0x1202a</run_address>
         <size>0x2c03</size>
         <input_file_ref idref="fl-4"/>
      </object_component>
      <object_component id="oc-f2">
         <name>.debug_info</name>
         <load_address>0x14c2d</load_address>
         <run_address>0x14c2d</run_address>
         <size>0x23c</size>
         <input_file_ref idref="fl-4"/>
      </object_component>
      <object_component id="oc-2ca">
         <name>.debug_info</name>
         <load_address>0x14e69</load_address>
         <run_address>0x14e69</run_address>
         <size>0x1bb1</size>
         <input_file_ref idref="fl-5"/>
      </object_component>
      <object_component id="oc-12c">
         <name>.debug_info</name>
         <load_address>0x16a1a</load_address>
         <run_address>0x16a1a</run_address>
         <size>0x515</size>
         <input_file_ref idref="fl-5"/>
      </object_component>
      <object_component id="oc-30">
         <name>.debug_info</name>
         <load_address>0x16f2f</load_address>
         <run_address>0x16f2f</run_address>
         <size>0x84</size>
         <input_file_ref idref="fl-5"/>
      </object_component>
      <object_component id="oc-2b3">
         <name>.debug_info</name>
         <load_address>0x16fb3</load_address>
         <run_address>0x16fb3</run_address>
         <size>0x1bd9</size>
         <input_file_ref idref="fl-6"/>
      </object_component>
      <object_component id="oc-103">
         <name>.debug_info</name>
         <load_address>0x18b8c</load_address>
         <run_address>0x18b8c</run_address>
         <size>0x355</size>
         <input_file_ref idref="fl-6"/>
      </object_component>
      <object_component id="oc-290">
         <name>.debug_info</name>
         <load_address>0x18ee1</load_address>
         <run_address>0x18ee1</run_address>
         <size>0x2db9</size>
         <input_file_ref idref="fl-7"/>
      </object_component>
      <object_component id="oc-dc">
         <name>.debug_info</name>
         <load_address>0x1bc9a</load_address>
         <run_address>0x1bc9a</run_address>
         <size>0x761</size>
         <input_file_ref idref="fl-7"/>
      </object_component>
      <object_component id="oc-299">
         <name>.debug_info</name>
         <load_address>0x1c3fb</load_address>
         <run_address>0x1c3fb</run_address>
         <size>0x2d0a</size>
         <input_file_ref idref="fl-8"/>
      </object_component>
      <object_component id="oc-e1">
         <name>.debug_info</name>
         <load_address>0x1f105</load_address>
         <run_address>0x1f105</run_address>
         <size>0x482</size>
         <input_file_ref idref="fl-8"/>
      </object_component>
      <object_component id="oc-2a1">
         <name>.debug_info</name>
         <load_address>0x1f587</load_address>
         <run_address>0x1f587</run_address>
         <size>0x377</size>
         <input_file_ref idref="fl-9"/>
      </object_component>
      <object_component id="oc-e7">
         <name>.debug_info</name>
         <load_address>0x1f8fe</load_address>
         <run_address>0x1f8fe</run_address>
         <size>0x61b</size>
         <input_file_ref idref="fl-9"/>
      </object_component>
      <object_component id="oc-27a">
         <name>.debug_info</name>
         <load_address>0x1ff19</load_address>
         <run_address>0x1ff19</run_address>
         <size>0x2d0b</size>
         <input_file_ref idref="fl-a"/>
      </object_component>
      <object_component id="oc-d4">
         <name>.debug_info</name>
         <load_address>0x22c24</load_address>
         <run_address>0x22c24</run_address>
         <size>0x3c0</size>
         <input_file_ref idref="fl-a"/>
      </object_component>
      <object_component id="oc-213">
         <name>.debug_info</name>
         <load_address>0x22fe4</load_address>
         <run_address>0x22fe4</run_address>
         <size>0x1b43</size>
         <input_file_ref idref="fl-b"/>
      </object_component>
      <object_component id="oc-b6">
         <name>.debug_info</name>
         <load_address>0x24b27</load_address>
         <run_address>0x24b27</run_address>
         <size>0x41d</size>
         <input_file_ref idref="fl-b"/>
      </object_component>
      <object_component id="oc-26b">
         <name>.debug_info</name>
         <load_address>0x24f44</load_address>
         <run_address>0x24f44</run_address>
         <size>0x2dd3</size>
         <input_file_ref idref="fl-c"/>
      </object_component>
      <object_component id="oc-c8">
         <name>.debug_info</name>
         <load_address>0x27d17</load_address>
         <run_address>0x27d17</run_address>
         <size>0x6d2</size>
         <input_file_ref idref="fl-c"/>
      </object_component>
      <object_component id="oc-3e0">
         <name>.debug_info</name>
         <load_address>0x283e9</load_address>
         <run_address>0x283e9</run_address>
         <size>0x151c</size>
         <input_file_ref idref="fl-c"/>
      </object_component>
      <object_component id="oc-ab">
         <name>.debug_info</name>
         <load_address>0x29905</load_address>
         <run_address>0x29905</run_address>
         <size>0x644</size>
         <input_file_ref idref="fl-d"/>
      </object_component>
      <object_component id="oc-147">
         <name>.debug_info</name>
         <load_address>0x29f49</load_address>
         <run_address>0x29f49</run_address>
         <size>0x3334</size>
         <input_file_ref idref="fl-e"/>
      </object_component>
      <object_component id="oc-11d">
         <name>.debug_info</name>
         <load_address>0x2d27d</load_address>
         <run_address>0x2d27d</run_address>
         <size>0x140</size>
         <input_file_ref idref="fl-e"/>
      </object_component>
      <object_component id="oc-13e">
         <name>.debug_info</name>
         <load_address>0x2d3bd</load_address>
         <run_address>0x2d3bd</run_address>
         <size>0x131</size>
         <input_file_ref idref="fl-e"/>
      </object_component>
      <object_component id="oc-141">
         <name>.debug_info</name>
         <load_address>0x2d4ee</load_address>
         <run_address>0x2d4ee</run_address>
         <size>0x12f</size>
         <input_file_ref idref="fl-e"/>
      </object_component>
      <object_component id="oc-138">
         <name>.debug_info</name>
         <load_address>0x2d61d</load_address>
         <run_address>0x2d61d</run_address>
         <size>0x13b</size>
         <input_file_ref idref="fl-e"/>
      </object_component>
      <object_component id="oc-144">
         <name>.debug_info</name>
         <load_address>0x2d758</load_address>
         <run_address>0x2d758</run_address>
         <size>0x12e</size>
         <input_file_ref idref="fl-e"/>
      </object_component>
      <object_component id="oc-129">
         <name>.debug_info</name>
         <load_address>0x2d886</load_address>
         <run_address>0x2d886</run_address>
         <size>0x125</size>
         <input_file_ref idref="fl-e"/>
      </object_component>
      <object_component id="oc-123">
         <name>.debug_info</name>
         <load_address>0x2d9ab</load_address>
         <run_address>0x2d9ab</run_address>
         <size>0x123</size>
         <input_file_ref idref="fl-e"/>
      </object_component>
      <object_component id="oc-132">
         <name>.debug_info</name>
         <load_address>0x2dace</load_address>
         <run_address>0x2dace</run_address>
         <size>0x139</size>
         <input_file_ref idref="fl-e"/>
      </object_component>
      <object_component id="oc-135">
         <name>.debug_info</name>
         <load_address>0x2dc07</load_address>
         <run_address>0x2dc07</run_address>
         <size>0x13f</size>
         <input_file_ref idref="fl-e"/>
      </object_component>
      <object_component id="oc-126">
         <name>.debug_info</name>
         <load_address>0x2dd46</load_address>
         <run_address>0x2dd46</run_address>
         <size>0x141</size>
         <input_file_ref idref="fl-e"/>
      </object_component>
      <object_component id="oc-11a">
         <name>.debug_info</name>
         <load_address>0x2de87</load_address>
         <run_address>0x2de87</run_address>
         <size>0x133</size>
         <input_file_ref idref="fl-e"/>
      </object_component>
      <object_component id="oc-120">
         <name>.debug_info</name>
         <load_address>0x2dfba</load_address>
         <run_address>0x2dfba</run_address>
         <size>0x13d</size>
         <input_file_ref idref="fl-e"/>
      </object_component>
      <object_component id="oc-13b">
         <name>.debug_info</name>
         <load_address>0x2e0f7</load_address>
         <run_address>0x2e0f7</run_address>
         <size>0x12c</size>
         <input_file_ref idref="fl-e"/>
      </object_component>
      <object_component id="oc-f7">
         <name>.debug_info</name>
         <load_address>0x2e223</load_address>
         <run_address>0x2e223</run_address>
         <size>0x212</size>
         <input_file_ref idref="fl-e"/>
      </object_component>
      <object_component id="oc-66">
         <name>.debug_info</name>
         <load_address>0x2e435</load_address>
         <run_address>0x2e435</run_address>
         <size>0x6dd</size>
         <input_file_ref idref="fl-e"/>
      </object_component>
      <object_component id="oc-79">
         <name>.debug_info</name>
         <load_address>0x2eb12</load_address>
         <run_address>0x2eb12</run_address>
         <size>0x322</size>
         <input_file_ref idref="fl-f"/>
      </object_component>
      <object_component id="oc-25">
         <name>.debug_info</name>
         <load_address>0x2ee34</load_address>
         <run_address>0x2ee34</run_address>
         <size>0x14e</size>
         <input_file_ref idref="fl-f"/>
      </object_component>
      <object_component id="oc-6d">
         <name>.debug_info</name>
         <load_address>0x2ef82</load_address>
         <run_address>0x2ef82</run_address>
         <size>0x215</size>
         <input_file_ref idref="fl-f"/>
      </object_component>
      <object_component id="oc-175">
         <name>.debug_info</name>
         <load_address>0x2f197</load_address>
         <run_address>0x2f197</run_address>
         <size>0x26b</size>
         <input_file_ref idref="fl-f"/>
      </object_component>
      <object_component id="oc-34b">
         <name>.debug_info</name>
         <load_address>0x2f402</load_address>
         <run_address>0x2f402</run_address>
         <size>0x297</size>
         <input_file_ref idref="fl-f"/>
      </object_component>
      <object_component id="oc-335">
         <name>.debug_info</name>
         <load_address>0x2f699</load_address>
         <run_address>0x2f699</run_address>
         <size>0xbb</size>
         <input_file_ref idref="fl-f"/>
      </object_component>
      <object_component id="oc-332">
         <name>.debug_info</name>
         <load_address>0x2f754</load_address>
         <run_address>0x2f754</run_address>
         <size>0x147</size>
         <input_file_ref idref="fl-10"/>
      </object_component>
      <object_component id="oc-14a">
         <name>.debug_info</name>
         <load_address>0x2f89b</load_address>
         <run_address>0x2f89b</run_address>
         <size>0x2b9</size>
         <input_file_ref idref="fl-10"/>
      </object_component>
      <object_component id="oc-44c">
         <name>.debug_info</name>
         <load_address>0x2fb54</load_address>
         <run_address>0x2fb54</run_address>
         <size>0x2f8</size>
         <input_file_ref idref="fl-cb"/>
      </object_component>
      <object_component id="oc-39e">
         <name>.debug_info</name>
         <load_address>0x2fe4c</load_address>
         <run_address>0x2fe4c</run_address>
         <size>0x132</size>
         <input_file_ref idref="fl-cb"/>
      </object_component>
      <object_component id="oc-225">
         <name>.debug_info</name>
         <load_address>0x2ff7e</load_address>
         <run_address>0x2ff7e</run_address>
         <size>0x4ad</size>
         <input_file_ref idref="fl-cb"/>
      </object_component>
      <object_component id="oc-44e">
         <name>.debug_info</name>
         <load_address>0x3042b</load_address>
         <run_address>0x3042b</run_address>
         <size>0x46</size>
         <input_file_ref idref="fl-cb"/>
      </object_component>
      <object_component id="oc-3a1">
         <name>.debug_info</name>
         <load_address>0x30471</load_address>
         <run_address>0x30471</run_address>
         <size>0x39</size>
         <input_file_ref idref="fl-cb"/>
      </object_component>
      <object_component id="oc-3fb">
         <name>.debug_info</name>
         <load_address>0x304aa</load_address>
         <run_address>0x304aa</run_address>
         <size>0x367</size>
         <input_file_ref idref="fl-cc"/>
      </object_component>
      <object_component id="oc-27f">
         <name>.debug_info</name>
         <load_address>0x30811</load_address>
         <run_address>0x30811</run_address>
         <size>0x79c</size>
         <input_file_ref idref="fl-cc"/>
      </object_component>
      <object_component id="oc-3fd">
         <name>.debug_info</name>
         <load_address>0x30fad</load_address>
         <run_address>0x30fad</run_address>
         <size>0x367</size>
         <input_file_ref idref="fl-cd"/>
      </object_component>
      <object_component id="oc-287">
         <name>.debug_info</name>
         <load_address>0x31314</load_address>
         <run_address>0x31314</run_address>
         <size>0x797</size>
         <input_file_ref idref="fl-cd"/>
      </object_component>
      <object_component id="oc-3d4">
         <name>.debug_info</name>
         <load_address>0x31aab</load_address>
         <run_address>0x31aab</run_address>
         <size>0x334</size>
         <input_file_ref idref="fl-ce"/>
      </object_component>
      <object_component id="oc-248">
         <name>.debug_info</name>
         <load_address>0x31ddf</load_address>
         <run_address>0x31ddf</run_address>
         <size>0x1d2</size>
         <input_file_ref idref="fl-ce"/>
      </object_component>
      <object_component id="oc-3c9">
         <name>.debug_info</name>
         <load_address>0x31fb1</load_address>
         <run_address>0x31fb1</run_address>
         <size>0x18e</size>
         <input_file_ref idref="fl-ce"/>
      </object_component>
      <object_component id="oc-3ce">
         <name>.debug_info</name>
         <load_address>0x3213f</load_address>
         <run_address>0x3213f</run_address>
         <size>0x16e</size>
         <input_file_ref idref="fl-ce"/>
      </object_component>
      <object_component id="oc-523">
         <name>.debug_info</name>
         <load_address>0x322ad</load_address>
         <run_address>0x322ad</run_address>
         <size>0x2c</size>
         <input_file_ref idref="fl-ce"/>
      </object_component>
      <object_component id="oc-49f">
         <name>.debug_info</name>
         <load_address>0x322d9</load_address>
         <run_address>0x322d9</run_address>
         <size>0x4e</size>
         <input_file_ref idref="fl-ce"/>
      </object_component>
      <object_component id="oc-3d5">
         <name>.debug_info</name>
         <load_address>0x32327</load_address>
         <run_address>0x32327</run_address>
         <size>0x2c</size>
         <input_file_ref idref="fl-ce"/>
      </object_component>
      <object_component id="oc-ec">
         <name>.debug_info</name>
         <load_address>0x32353</load_address>
         <run_address>0x32353</run_address>
         <size>0x14d</size>
         <input_file_ref idref="fl-cf"/>
      </object_component>
      <object_component id="oc-ff">
         <name>.debug_info</name>
         <load_address>0x324a0</load_address>
         <run_address>0x324a0</run_address>
         <size>0x129</size>
         <input_file_ref idref="fl-d0"/>
      </object_component>
      <object_component id="oc-109">
         <name>.debug_info</name>
         <load_address>0x325c9</load_address>
         <run_address>0x325c9</run_address>
         <size>0x12b</size>
         <input_file_ref idref="fl-d0"/>
      </object_component>
      <object_component id="oc-158">
         <name>.debug_info</name>
         <load_address>0x326f4</load_address>
         <run_address>0x326f4</run_address>
         <size>0x13b</size>
         <input_file_ref idref="fl-d1"/>
      </object_component>
      <object_component id="oc-22d">
         <name>.debug_info</name>
         <load_address>0x3282f</load_address>
         <run_address>0x3282f</run_address>
         <size>0x13b</size>
         <input_file_ref idref="fl-d2"/>
      </object_component>
      <object_component id="oc-2a9">
         <name>.debug_info</name>
         <load_address>0x3296a</load_address>
         <run_address>0x3296a</run_address>
         <size>0x12f</size>
         <input_file_ref idref="fl-d3"/>
      </object_component>
      <object_component id="oc-151">
         <name>.debug_info</name>
         <load_address>0x32a99</load_address>
         <run_address>0x32a99</run_address>
         <size>0x12d</size>
         <input_file_ref idref="fl-d4"/>
      </object_component>
      <object_component id="oc-36">
         <name>.debug_info</name>
         <load_address>0x32bc6</load_address>
         <run_address>0x32bc6</run_address>
         <size>0x11a</size>
         <input_file_ref idref="fl-d5"/>
      </object_component>
      <object_component id="oc-94">
         <name>.debug_info</name>
         <load_address>0x32ce0</load_address>
         <run_address>0x32ce0</run_address>
         <size>0x148</size>
         <input_file_ref idref="fl-d6"/>
      </object_component>
      <object_component id="oc-90">
         <name>.debug_info</name>
         <load_address>0x32e28</load_address>
         <run_address>0x32e28</run_address>
         <size>0x2d5</size>
         <input_file_ref idref="fl-d7"/>
      </object_component>
      <object_component id="oc-4b">
         <name>.debug_info</name>
         <load_address>0x330fd</load_address>
         <run_address>0x330fd</run_address>
         <size>0x1b6</size>
         <input_file_ref idref="fl-d7"/>
      </object_component>
      <object_component id="oc-8b">
         <name>.debug_info</name>
         <load_address>0x332b3</load_address>
         <run_address>0x332b3</run_address>
         <size>0x46</size>
         <input_file_ref idref="fl-d7"/>
      </object_component>
      <object_component id="oc-181">
         <name>.debug_info</name>
         <load_address>0x332f9</load_address>
         <run_address>0x332f9</run_address>
         <size>0x2c</size>
         <input_file_ref idref="fl-d7"/>
      </object_component>
[...]
      </symbol>
      <symbol id="sm-4e6">
         <name>__aeabi_cdcmple</name>
         <value>0x55a5</value>
         <object_component_ref idref="oc-fd"/>
      </symbol>
      <symbol id="sm-4e7">
         <name>__aeabi_cdrcmple</name>
         <value>0x562b</value>
         <object_component_ref idref="oc-108"/>
      </symbol>
      <symbol id="sm-4fb">
         <name>__aeabi_ddiv</name>
         <value>0x4bcd</value>
         <object_component_ref idref="oc-155"/>
      </symbol>
      <symbol id="sm-506">
         <name>__aeabi_dmul</name>
         <value>0x5059</value>
         <object_component_ref idref="oc-22a"/>
      </symbol>
      <symbol id="sm-510">
         <name>__aeabi_d2iz</name>
         <value>0x5c85</value>
         <object_component_ref idref="oc-2a8"/>
      </symbol>
      <symbol id="sm-51a">
         <name>__aeabi_i2d</name>
         <value>0x5e11</value>
         <object_component_ref idref="oc-150"/>
      </symbol>
      <symbol id="sm-535">
         <name>memcpy</name>
         <value>0x53df</value>
         <object_component_ref idref="oc-35"/>
      </symbol>
      <symbol id="sm-536">
         <name>__aeabi_memcpy</name>
         <value>0x53df</value>
         <object_component_ref idref="oc-35"/>
      </symbol>
      <symbol id="sm-537">
         <name>__aeabi_memcpy8</name>
         <value>0x53df</value>
         <object_component_ref idref="oc-35"/>
      </symbol>
      <symbol id="sm-538">
         <name>__aeabi_memcpy4</name>
         <value>0x53df</value>
         <object_component_ref idref="oc-35"/>
      </symbol>
      <symbol id="sm-547">
         <name>__aeabi_memset</name>
         <value>0x56b3</value>
         <object_component_ref idref="oc-91"/>
      </symbol>
      <symbol id="sm-548">
         <name>memset</name>
         <value>0x56b9</value>
         <object_component_ref idref="oc-91"/>
      </symbol>
      <symbol id="sm-549">
         <name>__aeabi_memset8</name>
         <value>0x56b3</value>
         <object_component_ref idref="oc-91"/>
      </symbol>
      <symbol id="sm-54a">
         <name>__aeabi_memset4</name>
         <value>0x56b3</value>
         <object_component_ref idref="oc-91"/>
      </symbol>
      <symbol id="sm-54b">
         <name>__aeabi_memclr8</name>
         <value>0x56b1</value>
         <object_component_ref idref="oc-91"/>
      </symbol>
      <symbol id="sm-54c">
         <name>__aeabi_memclr4</name>
         <value>0x56b1</value>
         <object_component_ref idref="oc-91"/>
      </symbol>
      <symbol id="sm-54d">
         <name>__aeabi_memclr</name>
         <value>0x56b1</value>
         <object_component_ref idref="oc-91"/>
      </symbol>
      <symbol id="sm-564">
         <name>__TI_zero_init</name>
         <value>0x60a5</value>
         <object_component_ref idref="oc-47"/>
      </symbol>
      <symbol id="sm-57b">
         <name>__TI_decompress_none</name>
         <value>0x6057</value>
         <object_component_ref idref="oc-1a"/>
      </symbol>
      <symbol id="sm-59e">
         <name>__TI_decompress_lzss</name>
         <value>0x580b</value>
         <object_component_ref idref="oc-14"/>
      </symbol>
      <symbol id="sm-60e">
         <name>__kernel_rem_pio2</name>
         <value>0xb35</value>
         <object_component_ref idref="oc-3ee"/>
      </symbol>
      <symbol id="sm-621">
         <name>__stack</name>
         <value>0x2000fe00</value>
         <object_component_ref idref="oc-27"/>
      </symbol>
      <symbol id="sm-622">
         <name>_c_int00_noargs</name>
         <value>0x5d4d</value>
         <object_component_ref idref="oc-53"/>
      </symbol>
      <symbol id="sm-638">
         <name>__kernel_cos</name>
         <value>0x4545</value>
         <object_component_ref idref="oc-3e8"/>
      </symbol>
      <symbol id="sm-64f">
         <name>__kernel_sin</name>
         <value>0x43d1</value>
         <object_component_ref idref="oc-3f4"/>
      </symbol>
      <symbol id="sm-66c">
         <name>floorl</name>
         <value>0x5155</value>
         <object_component_ref idref="oc-4ac"/>
      </symbol>
      <symbol id="sm-66d">
         <name>floor</name>
         <value>0x5155</value>
         <object_component_ref idref="oc-4ac"/>
      </symbol>
      <symbol id="sm-68a">
         <name>scalbn</name>
         <value>0x4f49</value>
         <object_component_ref idref="oc-4a6"/>
      </symbol>
      <symbol id="sm-68b">
         <name>scalbnl</name>
         <value>0x4f49</value>
         <object_component_ref idref="oc-4a6"/>
      </symbol>
      <symbol id="sm-68c">
         <name>ldexpl</name>
         <value>0x4f49</value>
         <object_component_ref idref="oc-4a6"/>
      </symbol>
      <symbol id="sm-68d">
         <name>ldexp</name>
         <value>0x4f49</value>
         <object_component_ref idref="oc-4a6"/>
      </symbol>
      <symbol id="sm-7f2">
         <name>__TI_printfi</name>
         <value>0xe5</value>
         <object_component_ref idref="oc-3c1"/>
      </symbol>
      <symbol id="sm-80b">
         <name>wcslen</name>
         <value>0x6025</value>
         <object_component_ref idref="oc-483"/>
      </symbol>
      <symbol id="sm-815">
         <name>copysign</name>
         <value>0x5f05</value>
         <object_component_ref idref="oc-534"/>
      </symbol>
      <symbol id="sm-816">
         <name>copysignl</name>
         <value>0x5f05</value>
         <object_component_ref idref="oc-534"/>
      </symbol>
      <symbol id="sm-823">
         <name>__aeabi_uldivmod</name>
         <value>0x547b</value>
         <object_component_ref idref="oc-4df"/>
      </symbol>
      <symbol id="sm-850">
         <name>__TI_auto_init_nobinit</name>
         <value>0x59a1</value>
         <object_component_ref idref="oc-19c"/>
      </symbol>
      <symbol id="sm-85a">
         <name>_system_pre_init</name>
         <value>0x60cb</value>
         <object_component_ref idref="oc-97"/>
      </symbol>
      <symbol id="sm-866">
         <name>C$$EXIT</name>
         <value>0x60cf</value>
         <object_component_ref idref="oc-18a"/>
      </symbol>
      <symbol id="sm-867">
         <name>abort</name>
         <value>0x60cf</value>
         <object_component_ref idref="oc-18a"/>
      </symbol>
      <symbol id="sm-87f">
         <name>atoi</name>
         <value>0x5ba5</value>
         <object_component_ref idref="oc-459"/>
      </symbol>
      <symbol id="sm-88a">
         <name>_ctypes_</name>
         <value>0x6230</value>
         <object_component_ref idref="oc-4da"/>
      </symbol>
      <symbol id="sm-899">
         <name>ltoa</name>
         <value>0x5aad</value>
         <object_component_ref idref="oc-4e5"/>
      </symbol>
      <symbol id="sm-8a9">
         <name>memccpy</name>
         <value>0x5ee9</value>
         <object_component_ref idref="oc-47d"/>
      </symbol>
      <symbol id="sm-8b9">
         <name>strchr</name>
         <value>0x5f97</value>
         <object_component_ref idref="oc-50c"/>
      </symbol>
      <symbol id="sm-8c7">
         <name>strlen</name>
         <value>0x6011</value>
         <object_component_ref idref="oc-453"/>
      </symbol>
      <symbol id="sm-8dd">
         <name>__aeabi_errno_addr</name>
         <value>0x60bd</value>
         <object_component_ref idref="oc-489"/>
      </symbol>
      <symbol id="sm-8de">
         <name>errno</name>
         <value>0x20000620</value>
         <object_component_ref idref="oc-51c"/>
      </symbol>
      <symbol id="sm-8f4">
         <name>frexpl</name>
         <value>0x593d</value>
         <object_component_ref idref="oc-506"/>
      </symbol>
      <symbol id="sm-8f5">
         <name>frexp</name>
         <value>0x593d</value>
         <object_component_ref idref="oc-506"/>
      </symbol>
      <symbol id="sm-8ff">
         <name>__aeabi_idiv0</name>
         <value>0xb33</value>
         <object_component_ref idref="oc-550"/>
      </symbol>
      <symbol id="sm-900">
         <name>__aeabi_ldiv0</name>
         <value>0xb33</value>
         <object_component_ref idref="oc-550"/>
      </symbol>
      <symbol id="sm-96e">
         <name>CS_setDCOFrequency</name>
         <value>0x4801</value>
         <object_component_ref idref="oc-1c8"/>
      </symbol>
      <symbol id="sm-96f">
         <name>CS_setDCOCenteredFrequency</name>
         <value>0x5e41</value>
         <object_component_ref idref="oc-370"/>
      </symbol>
      <symbol id="sm-970">
         <name>CS_tuneDCOFrequency</name>
         <value>0x5a59</value>
         <object_component_ref idref="oc-37c"/>
      </symbol>
      <symbol id="sm-971">
         <name>CS_initClockSignal</name>
         <value>0x524d</value>
         <object_component_ref idref="oc-1ce"/>
      </symbol>
      <symbol id="sm-97d">
         <name>FPU_enableModule</name>
         <value>0x5fad</value>
         <object_component_ref idref="oc-af"/>
      </symbol>
      <symbol id="sm-9f4">
         <name>GPIO_setOutputHighOnPin</name>
         <value>0x5fd5</value>
         <object_component_ref idref="oc-10d"/>
      </symbol>
      <symbol id="sm-9f5">
         <name>GPIO_setAsInputPinWithPullDownResistor</name>
         <value>0x5d81</value>
         <object_component_ref idref="oc-1f2"/>
      </symbol>
      <symbol id="sm-9f6">
         <name>GPIO_setAsInputPinWithPullUpResistor</name>
         <value>0x5db1</value>
         <object_component_ref idref="oc-1f8"/>
      </symbol>
      <symbol id="sm-9f7">
         <name>GPIO_enableInterrupt</name>
         <value>0x5fc1</value>
         <object_component_ref idref="oc-1e0"/>
      </symbol>
      <symbol id="sm-9f8">
         <name>GPIO_setAsOutputPin</name>
         <value>0x5e65</value>
         <object_component_ref idref="oc-1ec"/>
      </symbol>
      <symbol id="sm-9f9">
         <name>GPIO_interruptEdgeSelect</name>
         <value>0x5ead</value>
         <object_component_ref idref="oc-1da"/>
      </symbol>
      <symbol id="sm-9fa">
         <name>GPIO_setOutputLowOnPin</name>
         <value>0x5f51</value>
         <object_component_ref idref="oc-113"/>
      </symbol>
      <symbol id="sm-9fb">
         <name>GPIO_clearInterruptFlag</name>
         <value>0x5f21</value>
         <object_component_ref idref="oc-15a"/>
      </symbol>
      <symbol id="sm-9fc">
         <name>GPIO_getInputPinValue</name>
         <value>0x5f39</value>
         <object_component_ref idref="oc-c1"/>
      </symbol>
      <symbol id="sm-9fd">
         <name>GPIO_setAsPeripheralModuleFunctionInputPin</name>
         <value>0x5c3d</value>
         <object_component_ref idref="oc-24c"/>
      </symbol>
      <symbol id="sm-a49">
         <name>Interrupt_disableMaster</name>
         <value>0x6037</value>
         <object_component_ref idref="oc-1d4"/>
      </symbol>
      <symbol id="sm-a4a">
         <name>Interrupt_disableInterrupt</name>
         <value>0x5875</value>
         <object_component_ref idref="oc-16c"/>
      </symbol>
      <symbol id="sm-a4b">
         <name>Interrupt_enableMaster</name>
         <value>0x6047</value>
         <object_component_ref idref="oc-cd"/>
      </symbol>
      <symbol id="sm-a4c">
         <name>Interrupt_enableInterrupt</name>
         <value>0x58d9</value>
         <object_component_ref idref="oc-1e6"/>
      </symbol>
      <symbol id="sm-a61">
         <name>SysCtl_getTLVInfo</name>
         <value>0x5b55</value>
         <object_component_ref idref="oc-376"/>
      </symbol>
      <symbol id="sm-a84">
         <name>SysTick_setPeriod</name>
         <value>0x608d</value>
         <object_component_ref idref="oc-204"/>
      </symbol>
      <symbol id="sm-a85">
         <name>SysTick_enableInterrupt</name>
         <value>0x5fe9</value>
         <object_component_ref idref="oc-20a"/>
      </symbol>
      <symbol id="sm-a86">
         <name>SysTick_enableModule</name>
         <value>0x5ffd</value>
         <object_component_ref idref="oc-1fe"/>
      </symbol>
      <symbol id="sm-acd">
         <name>UART_enableInterrupt</name>
         <value>0x5f81</value>
         <object_component_ref idref="oc-25e"/>
      </symbol>
      <symbol id="sm-ace">
         <name>UART_enableModule</name>
         <value>0x6099</value>
         <object_component_ref idref="oc-258"/>
      </symbol>
      <symbol id="sm-acf">
         <name>UART_getEnabledInterruptStatus</name>
         <value>0x5de1</value>
         <object_component_ref idref="oc-160"/>
      </symbol>
      <symbol id="sm-ad0">
         <name>UART_transmitData</name>
         <value>0x5e89</value>
         <object_component_ref idref="oc-166"/>
      </symbol>
      <symbol id="sm-ad1">
         <name>UART_getInterruptStatus</name>
         <value>0x60c5</value>
         <object_component_ref idref="oc-33d"/>
      </symbol>
      <symbol id="sm-ad2">
         <name>UART_initModule</name>
         <value>0x5511</value>
         <object_component_ref idref="oc-252"/>
      </symbol>
      <symbol id="sm-ae4">
         <name>CPU_cpsie</name>
         <value>0x607f</value>
         <object_component_ref idref="oc-26d"/>
      </symbol>
      <symbol id="sm-ae5">
         <name>CPU_cpsid</name>
         <value>0x6073</value>
         <object_component_ref idref="oc-386"/>
      </symbol>
      <symbol id="sm-ae6">
         <name>__TI_static_base__</name>
         <value>0x0</value>
      </symbol>
      <symbol id="sm-ae9">
         <name>__mpu_init</name>
         <value>0x0</value>
      </symbol>
      <symbol id="sm-aea">
         <name>_system_post_cinit</name>
         <value>0x0</value>
      </symbol>
      <symbol id="sm-aeb">
         <name>NMI_Handler</name>
         <value>0x6071</value>
      </symbol>
      <symbol id="sm-aec">
         <name>HardFault_Handler</name>
         <value>0x6071</value>
      </symbol>
      <symbol id="sm-aed">
         <name>MemManage_Handler</name>
         <value>0x6071</value>
      </symbol>
      <symbol id="sm-aee">
         <name>BusFault_Handler</name>
         <value>0x6071</value>
      </symbol>
      <symbol id="sm-aef">
         <name>UsageFault_Handler</name>
         <value>0x6071</value>
      </symbol>
      <symbol id="sm-af0">
         <name>SVC_Handler</name>
         <value>0x6071</value>
      </symbol>
      <symbol id="sm-af1">
         <name>DebugMon_Handler</name>
         <value>0x6071</value>
      </symbol>
      <symbol id="sm-af2">
         <name>PendSV_Handler</name>
         <value>0x6071</value>
      </symbol>
      <symbol id="sm-af3">
         <name>SysTick_Handler</name>
         <value>0x431f</value>
      </symbol>
      <symbol id="sm-af4">
         <name>PSS_IRQHandler</name>
         <value>0x6071</value>
      </symbol>
      <symbol id="sm-af5">
         <name>CS_IRQHandler</name>
         <value>0x6071</value>
      </symbol>
      <symbol id="sm-af6">
         <name>PCM_IRQHandler</name>
         <value>0x6071</value>
      </symbol>
      <symbol id="sm-af7">
         <name>WDT_A_IRQHandler</name>
         <value>0x6071</value>
      </symbol>
      <symbol id="sm-af8">
         <name>FPU_IRQHandler</name>
         <value>0x6071</value>
      </symbol>
      <symbol id="sm-af9">
         <name>FLCTL_IRQHandler</name>
         <value>0x6071</value>
      </symbol>
      <symbol id="sm-afa">
         <name>COMP_E0_IRQHandler</name>
         <value>0x6071</value>
      </symbol>
      <symbol id="sm-afb">
         <name>COMP_E1_IRQHandler</name>
         <value>0x6071</value>
      </symbol>
      <symbol id="sm-afc">
         <name>TA0_0_IRQHandler</name>
         <value>0x6071</value>
      </symbol>
      <symbol id="sm-afd">
         <name>TA0_N_IRQHandler</name>
         <value>0x6071</value>
      </symbol>
      <symbol id="sm-afe">
         <name>TA1_0_IRQHandler</name>
         <value>0x6071</value>
      </symbol>
      <symbol id="sm-aff">
         <name>TA1_N_IRQHandler</name>
         <value>0x6071</value>
      </symbol>
      <symbol id="sm-b00">
         <name>TA2_0_IRQHandler</name>
         <value>0x6071</value>
      </symbol>
      <symbol id="sm-b01">
         <name>TA2_N_IRQHandler</name>
         <value>0x6071</value>
      </symbol>
      <symbol id="sm-b02">
         <name>TA3_0_IRQHandler</name>
         <value>0x6071</value>
      </symbol>
      <symbol id="sm-b03">
         <name>TA3_N_IRQHandler</name>
         <value>0x6071</value>
      </symbol>
      <symbol id="sm-b04">
         <name>EUSCIA0_IRQHandler</name>
         <value>0x4329</value>
      </symbol>
      <symbol id="sm-b05">
         <name>EUSCIA1_IRQHandler</name>
         <value>0x6071</value>
      </symbol>
      <symbol id="sm-b06">
         <name>EUSCIA2_IRQHandler</name>
         <value>0x6071</value>
      </symbol>
      <symbol id="sm-b07">
         <name>EUSCIA3_IRQHandler</name>
         <value>0x6071</value>
      </symbol>
      <symbol id="sm-b08">
         <name>EUSCIB0_IRQHandler</name>
         <value>0x6071</value>
      </symbol>
      <symbol id="sm-b09">
         <name>EUSCIB1_IRQHandler</name>
         <value>0x6071</value>
      </symbol>
      <symbol id="sm-b0a">
         <name>EUSCIB2_IRQHandler</name>
         <value>0x6071</value>
      </symbol>
      <symbol id="sm-b0b">
         <name>EUSCIB3_IRQHandler</name>
         <value>0x6071</value>
      </symbol>
      <symbol id="sm-b0c">
         <name>ADC14_IRQHandler</name>
         <value>0x6071</value>
      </symbol>
      <symbol id="sm-b0d">
         <name>T32_INT1_IRQHandler</name>
         <value>0x6071</value>
      </symbol>
      <symbol id="sm-b0e">
         <name>T32_INT2_IRQHandler</name>
         <value>0x6071</value>
      </symbol>
      <symbol id="sm-b0f">
         <name>T32_INTC_IRQHandler</name>
         <value>0x6071</value>
      </symbol>
      <symbol id="sm-b10">
         <name>AES256_IRQHandler</name>
         <value>0x6071</value>
      </symbol>
      <symbol id="sm-b11">
         <name>RTC_C_IRQHandler</name>
         <value>0x6071</value>
      </symbol>
      <symbol id="sm-b12">
         <name>DMA_ERR_IRQHandler</name>
         <value>0x6071</value>
      </symbol>
      <symbol id="sm-b13">
         <name>DMA_INT3_IRQHandler</name>
         <value>0x6071</value>
      </symbol>
      <symbol id="sm-b14">
         <name>DMA_INT2_IRQHandler</name>
         <value>0x6071</value>
      </symbol>
      <symbol id="sm-b15">
         <name>DMA_INT1_IRQHandler</name>
         <value>0x6071</value>
      </symbol>
      <symbol id="sm-b16">
         <name>DMA_INT0_IRQHandler</name>
         <value>0x6071</value>
      </symbol>
      <symbol id="sm-b17">
         <name>PORT1_IRQHandler</name>
         <value>0x6071</value>
      </symbol>
      <symbol id="sm-b18">
         <name>PORT2_IRQHandler</name>
         <value>0x6071</value>
      </symbol>
      <symbol id="sm-b19">
         <name>PORT3_IRQHandler</name>
         <value>0x6071</value>
      </symbol>
      <symbol id="sm-b1a">
         <name>PORT4_IRQHandler</name>
         <value>0x422d</value>
      </symbol>
      <symbol id="sm-b1b">
         <name>PORT5_IRQHandler</name>
         <value>0x42a7</value>
      </symbol>
      <symbol id="sm-b1c">
         <name>PORT6_IRQHandler</name>
         <value>0x6071</value>
      </symbol>
   </symbol_table>
   <title>Link successful</title>
</link_info>
