******************************************************************************
                  TI ARM Linker PC v18.12.5                    
******************************************************************************
>> Linked Mon Jun 22 15:58:28 2020

OUTPUT FILE NAME:   <encoder_and_odometry_test.out>
ENTRY POINT SYMBOL: "_c_int00_noargs"  address: 00005c2d


MEMORY CONFIGURATION

         name            origin    length      used     unused   attr    fill
----------------------  --------  ---------  --------  --------  ----  --------
  MAIN                  00000000   00040000  000063be  00039c42  R  X
  INFO                  00200000   00004000  00000000  00004000  R  X
  SRAM_CODE             01000000   00010000  00000818  0000f7e8  RW X
  SRAM_DATA             20000000   00010000  00000818  0000f7e8  RW  


SEGMENT ALLOCATION MAP

run origin  load origin   length   init length attrs members
----------  ----------- ---------- ----------- ----- -------
00000000    00000000    000063c0   000063c0    r-x
  00000000    00000000    000000e4   000000e4    r-- .intvecs
  000000e4    000000e4    00005ece   00005ece    r-x .text
  00005fb4    00005fb4    00000004   00000004    r-- .init_array
  00005fb8    00005fb8    000003a0   000003a0    r-- .const
  00006358    00006358    00000068   00000068    r-- .cinit
20000000    20000000    00000618   00000000    rw-
  20000000    20000000    000005a0   00000000    rw- .bss
  200005a0    200005a0    00000078   00000000    rw- .data
2000fe00    2000fe00    00000200   00000000    rw-
  2000fe00    2000fe00    00000200   00000000    rw- .stack


SECTION ALLOCATION MAP

 output                                  attributes/
section   page    origin      length       input sections
--------  ----  ----------  ----------   ----------------
.intvecs   0    00000000    000000e4     
                  00000000    000000e4     startup_msp432p401r_ccs.obj (.intvecs:retain)

.binit     0    00000000    00000000     

.text      0    000000e4    00005ece     
                  000000e4    00000a4e     rtsv7M4_T_le_v4SPD16_eabi.lib : _printfi.c.obj (.text:__TI_printfi)
                  00000b32    00000002                                   : div0.asm.obj (.text)
                  00000b34    00000738                                   : k_rem_pio2.c.obj (.text:__kernel_rem_pio2)
                  0000126c    000005dc                                   : s_cos.c.obj (.text:cos)
                  00001848    000005c4                                   : s_sin.c.obj (.text:sin)
                  00001e0c    00000470     IMU.obj (.text)
                  0000227c    000003e0     main.obj (.text)
                  0000265c    000003dc     Odometry.obj (.text)
                  00002a38    000003b2     UART_Wrapper.obj (.text)
                  00002dea    00000002     --HOLE-- [fill = 0]
                  00002dec    00000338     PID.obj (.text)
                  00003124    00000334     system_msp432p401r.obj (.text)
                  00003458    000002ec     rtsv7M4_T_le_v4SPD16_eabi.lib : s_atan.c.obj (.text:atan)
                  00003744    00000270                                   : _printfi.c.obj (.text:_pconv_a)
                  000039b4    000001f8     RFInterface.obj (.text)
                  00003bac    000001d4     ISRs.obj (.text)
                  00003d80    000001d0     rtsv7M4_T_le_v4SPD16_eabi.lib : _printfi.c.obj (.text:_pconv_g)
                  00003f50    000001b6                                   : fd_add_t2.asm.obj (.text)
                  00004106    00000002     --HOLE-- [fill = 0]
                  00004108    000001a8     SPI.obj (.text)
                  000042b0    00000174     rtsv7M4_T_le_v4SPD16_eabi.lib : k_sin.c.obj (.text:__kernel_sin)
                  00004424    0000016c                                   : k_cos.c.obj (.text:__kernel_cos)
                  00004590    00000150     OuterPID.obj (.text)
                  000046e0    0000014c     msp432p4xx_driverlib.lib : cs.o (.text:CS_setDCOFrequency)
                  0000482c    00000144     initConfigs.obj (.text)
                  00004970    0000013c     rtsv7M4_T_le_v4SPD16_eabi.lib : _printfi.c.obj (.text:_pconv_e)
                  00004aac    00000136                                   : fd_div_t2.asm.obj (.text)
                  00004be2    00000002     --HOLE-- [fill = 0]
                  00004be4    00000124                                   : _printfi.c.obj (.text:fcvt)
                  00004d08    00000120     Motor.obj (.text)
                  00004e28    00000110     rtsv7M4_T_le_v4SPD16_eabi.lib : s_scalbn.c.obj (.text:scalbn)
                  00004f38    000000fc                                   : fd_mul_t2.asm.obj (.text)
                  00005034    000000f8                                   : s_floor.c.obj (.text:floor)
                  0000512c    000000e0     msp432p4xx_driverlib.lib : cs.o (.text:CS_initClockSignal)
                  0000520c    000000b1     rtsv7M4_T_le_v4SPD16_eabi.lib : _printfi.c.obj (.text:_ltostr)
                  000052bd    00000001     --HOLE-- [fill = 0]
                  000052be    0000009c                                   : memcpy_t2.asm.obj (.text)
                  0000535a    00000096                                   : ull_div_t2.asm.obj (.text)
                  000053f0    00000094     msp432p4xx_driverlib.lib : uart.o (.text:UART_initModule)
                  00005484    00000086     rtsv7M4_T_le_v4SPD16_eabi.lib : fd_cmp_t2.asm.obj (.text:__aeabi_cdcmple)
                  0000550a    00000086                                   : fd_cmp_t2.asm.obj (.text:__aeabi_cdrcmple)
                  00005590    0000007a                                   : memset_t2.asm.obj (.text)
                  0000560a    00000002     --HOLE-- [fill = 0]
                  0000560c    00000070     LPF.obj (.text)
                  0000567c    0000006e     rtsv7M4_T_le_v4SPD16_eabi.lib : _printfi.c.obj (.text:_mcpy)
                  000056ea    00000068                                   : copy_decompress_lzss.c.obj (.text:decompress:lzss:__TI_decompress_lzss)
                  00005752    00000002     --HOLE-- [fill = 0]
                  00005754    00000064     msp432p4xx_driverlib.lib : interrupt.o (.text:Interrupt_disableInterrupt)
                  000057b8    00000064                              : interrupt.o (.text:Interrupt_enableInterrupt)
                  0000581c    00000064     rtsv7M4_T_le_v4SPD16_eabi.lib : s_frexp.c.obj (.text:frexp)
                  00005880    00000060                                   : autoinit.c.obj (.text:__TI_auto_init_nobinit:__TI_auto_init_nobinit)
                  000058e0    00000056                                   : _printfi.c.obj (.text:_pconv_f)
                  00005936    00000002     --HOLE-- [fill = 0]
                  00005938    00000054     msp432p4xx_driverlib.lib : cs.o (.text:CS_tuneDCOFrequency)
                  0000598c    00000054     rtsv7M4_T_le_v4SPD16_eabi.lib : ltoa.c.obj (.text:ltoa)
                  000059e0    00000052                                   : _printfi.c.obj (.text:_ecpy)
                  00005a32    00000002     --HOLE-- [fill = 0]
                  00005a34    00000050     msp432p4xx_driverlib.lib : sysctl.o (.text:SysCtl_getTLVInfo)
                  00005a84    0000004c     rtsv7M4_T_le_v4SPD16_eabi.lib : atoi.c.obj (.text:atoi)
                  00005ad0    0000004a     MotorController.obj (.text)
                  00005b1a    00000002     --HOLE-- [fill = 0]
                  00005b1c    00000048     msp432p4xx_driverlib.lib : gpio.o (.text:GPIO_setAsPeripheralModuleFunctionInputPin)
                  00005b64    00000048     rtsv7M4_T_le_v4SPD16_eabi.lib : fd_toi_t2.asm.obj (.text)
                  00005bac    00000040                                   : sprintf.c.obj (.text:sprintf)
                  00005bec    0000003e                                   : _printfi.c.obj (.text:_fcpy)
                  00005c2a    00000002     --HOLE-- [fill = 0]
                  00005c2c    00000034                                   : boot_cortex_m.c.obj (.text:_c_int00_noargs:_c_int00_noargs)
                  00005c60    00000030     msp432p4xx_driverlib.lib : gpio.o (.text:GPIO_setAsInputPinWithPullDownResistor)
                  00005c90    00000030                              : gpio.o (.text:GPIO_setAsInputPinWithPullUpResistor)
                  00005cc0    00000030                              : uart.o (.text:UART_getEnabledInterruptStatus)
                  00005cf0    0000002e     rtsv7M4_T_le_v4SPD16_eabi.lib : i_tofd_t2.asm.obj (.text)
                  00005d1e    00000002     --HOLE-- [fill = 0]
                  00005d20    00000024     msp432p4xx_driverlib.lib : cs.o (.text:CS_setDCOCenteredFrequency)
                  00005d44    00000024                              : gpio.o (.text:GPIO_setAsOutputPin)
                  00005d68    00000024                              : uart.o (.text:UART_transmitData)
                  00005d8c    00000020                              : gpio.o (.text:GPIO_interruptEdgeSelect)
                  00005dac    0000001c     main.obj (.text:_Z3absd)
                  00005dc8    0000001c     rtsv7M4_T_le_v4SPD16_eabi.lib : memccpy.c.obj (.text:memccpy)
                  00005de4    0000001a                                   : s_copysign.c.obj (.text:copysign)
                  00005dfe    00000002     --HOLE-- [fill = 0]
                  00005e00    00000018     msp432p4xx_driverlib.lib : gpio.o (.text:GPIO_clearInterruptFlag)
                  00005e18    00000018                              : gpio.o (.text:GPIO_getInputPinValue)
                  00005e30    00000018                              : gpio.o (.text:GPIO_setOutputLowOnPin)
                  00005e48    00000018     rtsv7M4_T_le_v4SPD16_eabi.lib : sprintf.c.obj (.text:_outs)
                  00005e60    00000016     msp432p4xx_driverlib.lib : uart.o (.text:UART_enableInterrupt)
                  00005e76    00000016     rtsv7M4_T_le_v4SPD16_eabi.lib : strchr.c.obj (.text:strchr)
                  00005e8c    00000014     msp432p4xx_driverlib.lib : fpu.o (.text:FPU_enableModule)
                  00005ea0    00000014                              : gpio.o (.text:GPIO_enableInterrupt)
                  00005eb4    00000014                              : gpio.o (.text:GPIO_setOutputHighOnPin)
                  00005ec8    00000014                              : systick.o (.text:SysTick_enableInterrupt)
                  00005edc    00000014                              : systick.o (.text:SysTick_enableModule)
                  00005ef0    00000014     rtsv7M4_T_le_v4SPD16_eabi.lib : strlen.c.obj (.text:strlen)
                  00005f04    00000012                                   : wcslen.c.obj (.text:wcslen)
                  00005f16    00000010     msp432p4xx_driverlib.lib : interrupt.o (.text:Interrupt_disableMaster)
                  00005f26    00000010                              : interrupt.o (.text:Interrupt_enableMaster)
                  00005f36    0000000e     rtsv7M4_T_le_v4SPD16_eabi.lib : copy_decompress_none.c.obj (.text:decompress:none:__TI_decompress_none)
                  00005f44    0000000e     startup_msp432p401r_ccs.obj (.text)
                  00005f52    0000000c     msp432p4xx_driverlib.lib : cpu.o (.text:CPU_cpsid)
                  00005f5e    0000000c                              : cpu.o (.text:CPU_cpsie)
                  00005f6a    00000002     --HOLE-- [fill = 0]
                  00005f6c    0000000c                              : systick.o (.text:SysTick_setPeriod)
                  00005f78    0000000c                              : uart.o (.text:UART_enableModule)
                  00005f84    0000000c     rtsv7M4_T_le_v4SPD16_eabi.lib : copy_zero_init.c.obj (.text:decompress:ZI:__TI_zero_init)
                  00005f90    0000000a                                   : sprintf.c.obj (.text:_outc)
                  00005f9a    00000002     --HOLE-- [fill = 0]
                  00005f9c    00000008                                   : errno.c.obj (.text:__aeabi_errno_addr)
                  00005fa4    00000006     msp432p4xx_driverlib.lib : uart.o (.text:UART_getInterruptStatus)
                  00005faa    00000004     rtsv7M4_T_le_v4SPD16_eabi.lib : pre_init.c.obj (.text:_system_pre_init)
                  00005fae    00000004                                   : exit.c.obj (.text:abort:abort)

.const     0    00005fb8    000003a0     
                  00005fb8    00000158     rtsv7M4_T_le_v4SPD16_eabi.lib : k_rem_pio2.c.obj (.const:$O1$$)
                  00006110    00000101                                   : ctype.c.obj (.const:.string:_ctypes_)
                  00006211    00000007     --HOLE-- [fill = 0]
                  00006218    00000098                                   : s_atan.c.obj (.const:$O1$$)
                  000062b0    00000040     msp432p4xx_driverlib.lib : interrupt.o (.const)
                  000062f0    00000024     main.obj (.const:UART_init)
                  00006314    00000004     --HOLE-- [fill = 0]
                  00006318    00000018     IMU.obj (.const:$P$T44$5)
                  00006330    00000018     IMU.obj (.const:$P$T45$6)
                  00006348    00000010     main.obj (.const:$P$T40$1)

.cinit     0    00006358    00000068     
                  00006358    0000003d     (.cinit..data.load) [load image, compression = lzss]
                  00006395    00000003     --HOLE-- [fill = 0]
                  00006398    0000000c     (__TI_handler_table)
                  000063a4    00000004     --HOLE-- [fill = 0]
                  000063a8    00000008     (.cinit..bss.load) [load image, compression = zero_init]
                  000063b0    00000010     (__TI_cinit_table)

.init_array 
*          0    00005fb4    00000004     
                  00005fb4    00000004     main.obj (.init_array)

.bss       0    20000000    000005a0     UNINITIALIZED
                  20000000    00000104     main.obj (.bss:UARTHandler)
                  20000104    000000c8     UART_Wrapper.obj (.bss:$P$T40$1)
                  200001cc    00000004     --HOLE--
                  200001d0    000000a8     main.obj (.bss:imu)
                  20000278    00000098     main.obj (.bss:velocityController)
                  20000310    00000088     main.obj (.bss:odom)
                  20000398    00000078     main.obj (.bss:tiltController)
                  20000410    00000078     main.obj (.bss:turningController)
                  20000488    00000040     main.obj (.bss:leftMotor)
                  200004c8    00000040     main.obj (.bss:rightMotor)
                  20000508    00000018     IMU.obj (.bss:$P$T40$1)
                  20000520    00000018     IMU.obj (.bss:$P$T41$2)
                  20000538    00000018     IMU.obj (.bss:$P$T42$3)
                  20000550    00000018     IMU.obj (.bss:$P$T43$4)
                  20000568    00000010     Odometry.obj (.bss:$P$T40$1)
                  20000578    00000010     OuterPID.obj (.bss:$P$T40$1)
                  20000588    00000010     Odometry.obj (.bss:$P$T41$2)
                  20000598    00000008     main.obj (.bss:motorController)

.data      0    200005a0    00000078     UNINITIALIZED
                  200005a0    00000038     main.obj (.data:commandInterface)
                  200005d8    00000030     msp432p4xx_driverlib.lib : gpio.o (.data:GPIO_PORT_TO_BASE)
                  20000608    00000008     main.obj (.data)
                  20000610    00000004     rtsv7M4_T_le_v4SPD16_eabi.lib : errno.c.obj (.data)
                  20000614    00000004     system_msp432p401r.obj (.data)

.stack     0    2000fe00    00000200     UNINITIALIZED
                  2000fe00    00000004     rtsv7M4_T_le_v4SPD16_eabi.lib : boot_cortex_m.c.obj (.stack)
                  2000fe04    000001fc     --HOLE--

MODULE SUMMARY

       Module                        code    ro data   rw data
       ------                        ----    -------   -------
    .\
       main.obj                      1020    56        2312   
       IMU.obj                       1136    48        192    
       UART_Wrapper.obj              946     0         400    
       Odometry.obj                  988     0         64     
       system_msp432p401r.obj        820     0         8      
       PID.obj                       824     0         0      
       RFInterface.obj               504     0         0      
       ISRs.obj                      468     0         0      
       SPI.obj                       424     0         0      
       OuterPID.obj                  336     0         32     
       initConfigs.obj               324     0         0      
       Motor.obj                     288     0         0      
       startup_msp432p401r_ccs.obj   14      228       0      
       LPF.obj                       112     0         0      
       MotorController.obj           74      0         0      
    +--+-----------------------------+-------+---------+---------+
       Total:                        8278    332       3008   
                                                              
    C:/ti/msp432_driverlib_3_21_00_05/driverlib/MSP432P4xx/ccs/msp432p4xx_driverlib.lib
       cs.o                          676     0         0      
       gpio.o                        348     0         96     
       interrupt.o                   232     64        0      
       uart.o                        272     0         0      
       sysctl.o                      80      0         0      
       systick.o                     52      0         0      
       cpu.o                         24      0         0      
       fpu.o                         20      0         0      
    +--+-----------------------------+-------+---------+---------+
       Total:                        1704    64        96     
                                                              
    C:\ti\ccs930\ccs\tools\compiler\ti-cgt-arm_18.12.5.LTS\lib\rtsv7M4_T_le_v4SPD16_eabi.lib
       _printfi.c.obj                4851    0         0      
       k_rem_pio2.c.obj              1848    344       0      
       s_cos.c.obj                   1500    0         0      
       s_sin.c.obj                   1476    0         0      
       s_atan.c.obj                  748     152       0      
       fd_add_t2.asm.obj             438     0         0      
       k_sin.c.obj                   372     0         0      
       k_cos.c.obj                   364     0         0      
       fd_div_t2.asm.obj             310     0         0      
       s_scalbn.c.obj                272     0         0      
       fd_cmp_t2.asm.obj             268     0         0      
       ctype.c.obj                   0       257       0      
       fd_mul_t2.asm.obj             252     0         0      
       s_floor.c.obj                 248     0         0      
       memcpy_t2.asm.obj             156     0         0      
       ull_div_t2.asm.obj            150     0         0      
       memset_t2.asm.obj             122     0         0      
       copy_decompress_lzss.c.obj    104     0         0      
       s_frexp.c.obj                 100     0         0      
       sprintf.c.obj                 98      0         0      
       autoinit.c.obj                96      0         0      
       ltoa.c.obj                    84      0         0      
       atoi.c.obj                    76      0         0      
       fd_toi_t2.asm.obj             72      0         0      
       boot_cortex_m.c.obj           52      0         0      
       i_tofd_t2.asm.obj             46      0         0      
       memccpy.c.obj                 28      0         0      
       s_copysign.c.obj              26      0         0      
       strchr.c.obj                  22      0         0      
       strlen.c.obj                  20      0         0      
       wcslen.c.obj                  18      0         0      
       errno.c.obj                   8       0         8      
       copy_decompress_none.c.obj    14      0         0      
       copy_zero_init.c.obj          12      0         0      
       exit.c.obj                    4       0         0      
       pre_init.c.obj                4       0         0      
       div0.asm.obj                  2       0         0      
    +--+-----------------------------+-------+---------+---------+
       Total:                        14261   753       8      
                                                              
       Stack:                        0       0         1024   
       Linker Generated:             0       97        0      
    +--+-----------------------------+-------+---------+---------+
       Grand Total:                  24243   1246      4136   


LINKER GENERATED COPY TABLES

__TI_cinit_table @ 000063b0 records: 2, size/record: 8, table size: 16
	.data: load addr=00006358, load size=0000003d bytes, run addr=200005a0, run size=00000078 bytes, compression=lzss
	.bss: load addr=000063a8, load size=00000008 bytes, run addr=20000000, run size=000005a0 bytes, compression=zero_init


LINKER GENERATED HANDLER TABLE

__TI_handler_table @ 00006398 records: 3, size/record: 4, table size: 12
	index: 0, handler: __TI_decompress_lzss
	index: 1, handler: __TI_decompress_none
	index: 2, handler: __TI_zero_init


GLOBAL SYMBOLS: SORTED ALPHABETICALLY BY Name 

address   name                                                 
-------   ----                                                 
00005f51  ADC14_IRQHandler                                     
00005f51  AES256_IRQHandler                                    
00005f51  BusFault_Handler                                     
00005faf  C$$EXIT                                              
00005f51  COMP_E0_IRQHandler                                   
00005f51  COMP_E1_IRQHandler                                   
00005f53  CPU_cpsid                                            
00005f5f  CPU_cpsie                                            
00005f51  CS_IRQHandler                                        
0000512d  CS_initClockSignal                                   
00005d21  CS_setDCOCenteredFrequency                           
000046e1  CS_setDCOFrequency                                   
00005939  CS_tuneDCOFrequency                                  
00005f51  DMA_ERR_IRQHandler                                   
00005f51  DMA_INT0_IRQHandler                                  
00005f51  DMA_INT1_IRQHandler                                  
00005f51  DMA_INT2_IRQHandler                                  
00005f51  DMA_INT3_IRQHandler                                  
00005f51  DebugMon_Handler                                     
00005f51  Default_Handler                                      
00003cd3  EUSCIA0_IRQHandler                                   
00003cd3  EUSCIA0_IRQHandler                                   
00005f51  EUSCIA1_IRQHandler                                   
00005f51  EUSCIA2_IRQHandler                                   
00005f51  EUSCIA3_IRQHandler                                   
00005f51  EUSCIB0_IRQHandler                                   
00005f51  EUSCIB1_IRQHandler                                   
00005f51  EUSCIB2_IRQHandler                                   
00005f51  EUSCIB3_IRQHandler                                   
00005f51  FLCTL_IRQHandler                                     
00005f51  FPU_IRQHandler                                       
00005e8d  FPU_enableModule                                     
00005e01  GPIO_clearInterruptFlag                              
00005ea1  GPIO_enableInterrupt                                 
00005e19  GPIO_getInputPinValue                                
00005d8d  GPIO_interruptEdgeSelect                             
00005c61  GPIO_setAsInputPinWithPullDownResistor               
00005c91  GPIO_setAsInputPinWithPullUpResistor                 
00005d45  GPIO_setAsOutputPin                                  
00005b1d  GPIO_setAsPeripheralModuleFunctionInputPin           
00005eb5  GPIO_setOutputHighOnPin                              
00005e31  GPIO_setOutputLowOnPin                               
00005f51  HardFault_Handler                                    
00005755  Interrupt_disableInterrupt                           
00005f17  Interrupt_disableMaster                              
000057b9  Interrupt_enableInterrupt                            
00005f27  Interrupt_enableMaster                               
00005f51  MemManage_Handler                                    
00005f51  NMI_Handler                                          
00005f51  PCM_IRQHandler                                       
00005f51  PORT1_IRQHandler                                     
00005f51  PORT2_IRQHandler                                     
00005f51  PORT3_IRQHandler                                     
00003bad  PORT4_IRQHandler                                     
00003bad  PORT4_IRQHandler                                     
00003c27  PORT5_IRQHandler                                     
00003c27  PORT5_IRQHandler                                     
00005f51  PORT6_IRQHandler                                     
00005f51  PSS_IRQHandler                                       
00005f51  PendSV_Handler                                       
00005f51  RTC_C_IRQHandler                                     
00005f45  Reset_Handler                                        
00005fb4  SHT$$INIT_ARRAY$$Base                                
00005fb8  SHT$$INIT_ARRAY$$Limit                               
00005f51  SVC_Handler                                          
00005a35  SysCtl_getTLVInfo                                    
00003c9f  SysTick_Handler                                      
00003c9f  SysTick_Handler                                      
00005ec9  SysTick_enableInterrupt                              
00005edd  SysTick_enableModule                                 
00005f6d  SysTick_setPeriod                                    
20000614  SystemCoreClock                                      
00003125  SystemCoreClockUpdate                                
0000339d  SystemInit                                           
00005f51  T32_INT1_IRQHandler                                  
00005f51  T32_INT2_IRQHandler                                  
00005f51  T32_INTC_IRQHandler                                  
00005f51  TA0_0_IRQHandler                                     
00005f51  TA0_N_IRQHandler                                     
00005f51  TA1_0_IRQHandler                                     
00005f51  TA1_N_IRQHandler                                     
00005f51  TA2_0_IRQHandler                                     
00005f51  TA2_N_IRQHandler                                     
00005f51  TA3_0_IRQHandler                                     
00005f51  TA3_N_IRQHandler                                     
20000000  UARTHandler                                          
00005e61  UART_enableInterrupt                                 
00005f79  UART_enableModule                                    
00005cc1  UART_getEnabledInterruptStatus                       
00005fa5  UART_getInterruptStatus                              
000053f1  UART_initModule                                      
00005d69  UART_transmitData                                    
00005f51  UsageFault_Handler                                   
4000480c  WDTCTL_SYM                                           
00005f51  WDT_A_IRQHandler                                     
00004873  _Z11setupClocksv                                     
00004935  _Z12setupSystickv                                    
00004889  _Z22setupEncoderInterruptsv                          
0000560d  _Z3LPFdPdd                                           
00005dad  _Z3absd                                              
00004157  _Z8SPI_ReadhPhS_                                     
000041f7  _Z9SPI_WritehPh                                      
0000482d  _Z9configPWMv                                        
00004109  _Z9configSPIv                                        
000048d1  _Z9setupPinsv                                        
000039b5  _ZN11RFInterface14pollrfReceiverEv                   
00005aed  _ZN15MotorController13commandMotorsEPd               
00005ad1  _ZN15MotorControllerC1EP5MotorS1_                    
00005ad1  _ZN15MotorControllerC2EP5MotorS1_                    
00001ea7  _ZN3IMU12configModuleEv                              
000020d1  _ZN3IMU13readGyroscopeEv                             
0000217d  _ZN3IMU16getFilteredAngleEv                          
00002001  _ZN3IMU17readAccelerometerEv                         
00001ef7  _ZN3IMU9calibrateEv                                  
00001e0d  _ZN3IMUC1Ev                                          
00001e0d  _ZN3IMUC2Ev                                          
00002e91  _ZN3PID9updatePIDEdd                                 
00002fd9  _ZN3PID9updatePIDEddd                                
00002ded  _ZN3PIDC1Eddddd                                      
00002ded  _ZN3PIDC2Eddddd                                      
00002a9b  _ZN4UART13printEncodersEv                            
00002b39  _ZN4UART13printOdometryEv                            
00002bad  _ZN4UART8printIMUEv                                  
00002c51  _ZN4UART8printPIDER3PID                              
00002c05  _ZN4UART8printPWMEv                                  
00002b07  _ZN4UART9UARTSetupEv                                 
00002a39  _ZN4UARTC1E24_eUSCI_eUSCI_UART_ConfigjP8OdometryP3IMU
00002a39  _ZN4UARTC2E24_eUSCI_eUSCI_UART_ConfigjP8OdometryP3IMU
00004d79  _ZN5Motor6setPWMEs                                   
00004de3  _ZN5Motor7forwardEv                                  
00004e01  _ZN5Motor8backwardEv                                 
00004d09  _ZN5MotorC1EhtjtjPVttjtj                             
00004d09  _ZN5MotorC2EhtjtjPVttjtj                             
0000277d  _ZN8Odometry14updateOdometryEv                       
0000265d  _ZN8OdometryC1EdddP5MotorS1_dd                       
0000265d  _ZN8OdometryC2EdddP5MotorS1_dd                       
00004641  _ZN8OuterPID9updatePIDEdddd                          
00004591  _ZN8OuterPIDC1EddddP3PIDdd                           
00004591  _ZN8OuterPIDC2EddddP3PIDdd                           
20010000  __STACK_END                                          
00000200  __STACK_SIZE                                         
000063b0  __TI_CINIT_Base                                      
000063c0  __TI_CINIT_Limit                                     
00006398  __TI_Handler_Table_Base                              
000063a4  __TI_Handler_Table_Limit                             
00005881  __TI_auto_init_nobinit                               
000056eb  __TI_decompress_lzss                                 
00005f37  __TI_decompress_none                                 
ffffffff  __TI_pprof_out_hndl                                  
000000e5  __TI_printfi                                         
ffffffff  __TI_prof_data_size                                  
ffffffff  __TI_prof_data_start                                 
00000000  __TI_static_base__                                   
00005f85  __TI_zero_init                                       
00005485  __aeabi_cdcmpeq                                      
00005485  __aeabi_cdcmple                                      
0000550b  __aeabi_cdrcmple                                     
00005b65  __aeabi_d2iz                                         
00003f5b  __aeabi_dadd                                         
00004aad  __aeabi_ddiv                                         
00004f39  __aeabi_dmul                                         
00003f51  __aeabi_dsub                                         
00005f9d  __aeabi_errno_addr                                   
00005cf1  __aeabi_i2d                                          
00000b33  __aeabi_idiv0                                        
00000b33  __aeabi_ldiv0                                        
00005591  __aeabi_memclr                                       
00005591  __aeabi_memclr4                                      
00005591  __aeabi_memclr8                                      
000052bf  __aeabi_memcpy                                       
000052bf  __aeabi_memcpy4                                      
000052bf  __aeabi_memcpy8                                      
00005593  __aeabi_memset                                       
00005593  __aeabi_memset4                                      
00005593  __aeabi_memset8                                      
0000535b  __aeabi_uldivmod                                     
ffffffff  __binit__                                            
ffffffff  __c_args__                                           
00004425  __kernel_cos                                         
00000b35  __kernel_rem_pio2                                    
000042b1  __kernel_sin                                         
UNDEFED   __mpu_init                                           
2000fe00  __stack                                              
00002421  __sti___8_main_cpp_last_ms                           
00005c2d  _c_int00_noargs                                      
00006110  _ctypes_                                             
UNDEFED   _system_post_cinit                                   
00005fab  _system_pre_init                                     
00005faf  abort                                                
00003459  atan                                                 
00003459  atanl                                                
00005a85  atoi                                                 
ffffffff  binit                                                
200005a0  commandInterface                                     
00005de5  copysign                                             
00005de5  copysignl                                            
0000126d  cos                                                  
0000126d  cosl                                                 
20000610  errno                                                
00005035  floor                                                
00005035  floorl                                               
0000581d  frexp                                                
0000581d  frexpl                                               
200001d0  imu                                                  
00000000  interruptVectors                                     
20000608  last_ms                                              
00004e29  ldexp                                                
00004e29  ldexpl                                               
20000488  leftMotor                                            
0000598d  ltoa                                                 
0000227d  main                                                 
00005dc9  memccpy                                              
000052bf  memcpy                                               
00005599  memset                                               
20000598  motorController                                      
2000060c  ms                                                   
20000310  odom                                                 
200004c8  rightMotor                                           
00004e29  scalbn                                               
00004e29  scalbnl                                              
00001849  sin                                                  
00001849  sinl                                                 
00005bad  sprintf                                              
00005e77  strchr                                               
00005ef1  strlen                                               
20000398  tiltController                                       
20000410  turningController                                    
20000278  velocityController                                   
00005f05  wcslen                                               


GLOBAL SYMBOLS: SORTED BY Symbol Address 

address   name                                                 
-------   ----                                                 
00000000  __TI_static_base__                                   
00000000  interruptVectors                                     
000000e5  __TI_printfi                                         
00000200  __STACK_SIZE                                         
00000b33  __aeabi_idiv0                                        
00000b33  __aeabi_ldiv0                                        
00000b35  __kernel_rem_pio2                                    
0000126d  cos                                                  
0000126d  cosl                                                 
00001849  sin                                                  
00001849  sinl                                                 
00001e0d  _ZN3IMUC1Ev                                          
00001e0d  _ZN3IMUC2Ev                                          
00001ea7  _ZN3IMU12configModuleEv                              
00001ef7  _ZN3IMU9calibrateEv                                  
00002001  _ZN3IMU17readAccelerometerEv                         
000020d1  _ZN3IMU13readGyroscopeEv                             
0000217d  _ZN3IMU16getFilteredAngleEv                          
0000227d  main                                                 
00002421  __sti___8_main_cpp_last_ms                           
0000265d  _ZN8OdometryC1EdddP5MotorS1_dd                       
0000265d  _ZN8OdometryC2EdddP5MotorS1_dd                       
0000277d  _ZN8Odometry14updateOdometryEv                       
00002a39  _ZN4UARTC1E24_eUSCI_eUSCI_UART_ConfigjP8OdometryP3IMU
00002a39  _ZN4UARTC2E24_eUSCI_eUSCI_UART_ConfigjP8OdometryP3IMU
00002a9b  _ZN4UART13printEncodersEv                            
00002b07  _ZN4UART9UARTSetupEv                                 
00002b39  _ZN4UART13printOdometryEv                            
00002bad  _ZN4UART8printIMUEv                                  
00002c05  _ZN4UART8printPWMEv                                  
00002c51  _ZN4UART8printPIDER3PID                              
00002ded  _ZN3PIDC1Eddddd                                      
00002ded  _ZN3PIDC2Eddddd                                      
00002e91  _ZN3PID9updatePIDEdd                                 
00002fd9  _ZN3PID9updatePIDEddd                                
00003125  SystemCoreClockUpdate                                
0000339d  SystemInit                                           
00003459  atan                                                 
00003459  atanl                                                
000039b5  _ZN11RFInterface14pollrfReceiverEv                   
00003bad  PORT4_IRQHandler                                     
00003bad  PORT4_IRQHandler                                     
00003c27  PORT5_IRQHandler                                     
00003c27  PORT5_IRQHandler                                     
00003c9f  SysTick_Handler                                      
00003c9f  SysTick_Handler                                      
00003cd3  EUSCIA0_IRQHandler                                   
00003cd3  EUSCIA0_IRQHandler                                   
00003f51  __aeabi_dsub                                         
00003f5b  __aeabi_dadd                                         
00004109  _Z9configSPIv                                        
00004157  _Z8SPI_ReadhPhS_                                     
000041f7  _Z9SPI_WritehPh                                      
000042b1  __kernel_sin                                         
00004425  __kernel_cos                                         
00004591  _ZN8OuterPIDC1EddddP3PIDdd                           
00004591  _ZN8OuterPIDC2EddddP3PIDdd                           
00004641  _ZN8OuterPID9updatePIDEdddd                          
000046e1  CS_setDCOFrequency                                   
0000482d  _Z9configPWMv                                        
00004873  _Z11setupClocksv                                     
00004889  _Z22setupEncoderInterruptsv                          
000048d1  _Z9setupPinsv                                        
00004935  _Z12setupSystickv                                    
00004aad  __aeabi_ddiv                                         
00004d09  _ZN5MotorC1EhtjtjPVttjtj                             
00004d09  _ZN5MotorC2EhtjtjPVttjtj                             
00004d79  _ZN5Motor6setPWMEs                                   
00004de3  _ZN5Motor7forwardEv                                  
00004e01  _ZN5Motor8backwardEv                                 
00004e29  ldexp                                                
00004e29  ldexpl                                               
00004e29  scalbn                                               
00004e29  scalbnl                                              
00004f39  __aeabi_dmul                                         
00005035  floor                                                
00005035  floorl                                               
0000512d  CS_initClockSignal                                   
000052bf  __aeabi_memcpy                                       
000052bf  __aeabi_memcpy4                                      
000052bf  __aeabi_memcpy8                                      
000052bf  memcpy                                               
0000535b  __aeabi_uldivmod                                     
000053f1  UART_initModule                                      
00005485  __aeabi_cdcmpeq                                      
00005485  __aeabi_cdcmple                                      
0000550b  __aeabi_cdrcmple                                     
00005591  __aeabi_memclr                                       
00005591  __aeabi_memclr4                                      
00005591  __aeabi_memclr8                                      
00005593  __aeabi_memset                                       
00005593  __aeabi_memset4                                      
00005593  __aeabi_memset8                                      
00005599  memset                                               
0000560d  _Z3LPFdPdd                                           
000056eb  __TI_decompress_lzss                                 
00005755  Interrupt_disableInterrupt                           
000057b9  Interrupt_enableInterrupt                            
0000581d  frexp                                                
0000581d  frexpl                                               
00005881  __TI_auto_init_nobinit                               
00005939  CS_tuneDCOFrequency                                  
0000598d  ltoa                                                 
00005a35  SysCtl_getTLVInfo                                    
00005a85  atoi                                                 
00005ad1  _ZN15MotorControllerC1EP5MotorS1_                    
00005ad1  _ZN15MotorControllerC2EP5MotorS1_                    
00005aed  _ZN15MotorController13commandMotorsEPd               
00005b1d  GPIO_setAsPeripheralModuleFunctionInputPin           
00005b65  __aeabi_d2iz                                         
00005bad  sprintf                                              
00005c2d  _c_int00_noargs                                      
00005c61  GPIO_setAsInputPinWithPullDownResistor               
00005c91  GPIO_setAsInputPinWithPullUpResistor                 
00005cc1  UART_getEnabledInterruptStatus                       
00005cf1  __aeabi_i2d                                          
00005d21  CS_setDCOCenteredFrequency                           
00005d45  GPIO_setAsOutputPin                                  
00005d69  UART_transmitData                                    
00005d8d  GPIO_interruptEdgeSelect                             
00005dad  _Z3absd                                              
00005dc9  memccpy                                              
00005de5  copysign                                             
00005de5  copysignl                                            
00005e01  GPIO_clearInterruptFlag                              
00005e19  GPIO_getInputPinValue                                
00005e31  GPIO_setOutputLowOnPin                               
00005e61  UART_enableInterrupt                                 
00005e77  strchr                                               
00005e8d  FPU_enableModule                                     
00005ea1  GPIO_enableInterrupt                                 
00005eb5  GPIO_setOutputHighOnPin                              
00005ec9  SysTick_enableInterrupt                              
00005edd  SysTick_enableModule                                 
00005ef1  strlen                                               
00005f05  wcslen                                               
00005f17  Interrupt_disableMaster                              
00005f27  Interrupt_enableMaster                               
00005f37  __TI_decompress_none                                 
00005f45  Reset_Handler                                        
00005f51  ADC14_IRQHandler                                     
00005f51  AES256_IRQHandler                                    
00005f51  BusFault_Handler                                     
00005f51  COMP_E0_IRQHandler                                   
00005f51  COMP_E1_IRQHandler                                   
00005f51  CS_IRQHandler                                        
00005f51  DMA_ERR_IRQHandler                                   
00005f51  DMA_INT0_IRQHandler                                  
00005f51  DMA_INT1_IRQHandler                                  
00005f51  DMA_INT2_IRQHandler                                  
00005f51  DMA_INT3_IRQHandler                                  
00005f51  DebugMon_Handler                                     
00005f51  Default_Handler                                      
00005f51  EUSCIA1_IRQHandler                                   
00005f51  EUSCIA2_IRQHandler                                   
00005f51  EUSCIA3_IRQHandler                                   
00005f51  EUSCIB0_IRQHandler                                   
00005f51  EUSCIB1_IRQHandler                                   
00005f51  EUSCIB2_IRQHandler                                   
00005f51  EUSCIB3_IRQHandler                                   
00005f51  FLCTL_IRQHandler                                     
00005f51  FPU_IRQHandler                                       
00005f51  HardFault_Handler                                    
00005f51  MemManage_Handler                                    
00005f51  NMI_Handler                                          
00005f51  PCM_IRQHandler                                       
00005f51  PORT1_IRQHandler                                     
00005f51  PORT2_IRQHandler                                     
00005f51  PORT3_IRQHandler                                     
00005f51  PORT6_IRQHandler                                     
00005f51  PSS_IRQHandler                                       
00005f51  PendSV_Handler                                       
00005f51  RTC_C_IRQHandler                                     
00005f51  SVC_Handler                                          
00005f51  T32_INT1_IRQHandler                                  
00005f51  T32_INT2_IRQHandler                                  
00005f51  T32_INTC_IRQHandler                                  
00005f51  TA0_0_IRQHandler                                     
00005f51  TA0_N_IRQHandler                                     
00005f51  TA1_0_IRQHandler                                     
00005f51  TA1_N_IRQHandler                                     
00005f51  TA2_0_IRQHandler                                     
00005f51  TA2_N_IRQHandler                                     
00005f51  TA3_0_IRQHandler                                     
00005f51  TA3_N_IRQHandler                                     
00005f51  UsageFault_Handler                                   
00005f51  WDT_A_IRQHandler                                     
00005f53  CPU_cpsid                                            
00005f5f  CPU_cpsie                                            
00005f6d  SysTick_setPeriod                                    
00005f79  UART_enableModule                                    
00005f85  __TI_zero_init                                       
00005f9d  __aeabi_errno_addr                                   
00005fa5  UART_getInterruptStatus                              
00005fab  _system_pre_init                                     
00005faf  C$$EXIT                                              
00005faf  abort                                                
00005fb4  SHT$$INIT_ARRAY$$Base                                
00005fb8  SHT$$INIT_ARRAY$$Limit                               
00006110  _ctypes_                                             
00006398  __TI_Handler_Table_Base                              
000063a4  __TI_Handler_Table_Limit                             
000063b0  __TI_CINIT_Base                                      
000063c0  __TI_CINIT_Limit                                     
20000000  UARTHandler                                          
200001d0  imu                                                  
20000278  velocityController                                   
20000310  odom                                                 
20000398  tiltController                                       
20000410  turningController                                    
20000488  leftMotor                                            
200004c8  rightMotor                                           
20000598  motorController                                      
200005a0  commandInterface                                     
20000608  last_ms                                              
2000060c  ms                                                   
20000610  errno                                                
20000614  SystemCoreClock                                      
2000fe00  __stack                                              
20010000  __STACK_END                                          
4000480c  WDTCTL_SYM                                           
ffffffff  __TI_pprof_out_hndl                                  
ffffffff  __TI_prof_data_size                                  
ffffffff  __TI_prof_data_start                                 
ffffffff  __binit__                                            
ffffffff  __c_args__                                           
ffffffff  binit                                                
UNDEFED   __mpu_init                                           
UNDEFED   _system_post_cinit                                   

[229 symbols]
